14:05:34,121 TRACE (main:) [StateTransferConfigurationBuilder] Cache is distributed or replicated but state transfer was not defined, enabling it by default
14:05:34,122 TRACE (main:) [StateTransferConfigurationBuilder] Cache is distributed or replicated but awaitInitialTransfer was not defined, enabling it by default
14:05:34,123 TRACE (main:) [StateTransferConfigurationBuilder] Cache is distributed or replicated but state transfer was not defined, enabling it by default
14:05:34,124 TRACE (main:) [StateTransferConfigurationBuilder] Cache is distributed or replicated but awaitInitialTransfer was not defined, enabling it by default
14:05:34,150 DEBUG (main:) [ServiceFinder] No service impls found: ModuleLifecycle
14:05:34,153 DEBUG (main:) [ServiceFinder] No service impls found: ModuleMetadataFileFinder
14:05:34,305 TRACE (main:) [GlobalComponentRegistry] Registering component Component{instance=sun.misc.Launcher$AppClassLoader@4617c264, name=java.lang.ClassLoader} under name java.lang.ClassLoader
14:05:34,305 TRACE (main:) [GlobalComponentRegistry] Registering component Component{instance=org.infinispan.factories.GlobalComponentRegistry@204f30ec, name=org.infinispan.factories.GlobalComponentRegistry} under name org.infinispan.factories.GlobalComponentRegistry
14:05:34,306 TRACE (main:) [GlobalComponentRegistry] Registering component Component{instance=GlobalConfiguration{asyncListenerExecutor=ExecutorFactoryConfiguration{factory=org.infinispan.executors.DefaultExecutorFactory@e25b2fe}, asyncTransportExecutor=ExecutorFactoryConfiguration{factory=org.infinispan.executors.DefaultExecutorFactory@754ba872}, remoteCommandsExecutor=ExecutorFactoryConfiguration{factory=org.infinispan.executors.DefaultExecutorFactory@146ba0ac}, evictionScheduledExecutor=ScheduledExecutorFactoryConfiguration{factory=org.infinispan.executors.DefaultScheduledExecutorFactory@4dfa3a9d}, replicationQueueScheduledExecutor=ScheduledExecutorFactoryConfiguration{factory=org.infinispan.executors.DefaultScheduledExecutorFactory@6eebc39e}, globalJmxStatistics=GlobalJmxStatisticsConfiguration{allowDuplicateDomains=false, enabled=false, jmxDomain='org.infinispan', mBeanServerLookup=org.infinispan.jmx.PlatformMBeanServerLookup@464bee09, cacheManagerName='DefaultCacheManager', properties={}}, transport=TransportConfiguration{clusterName='ISPN', machineId='null', rackId='null', siteId='null', distributedSyncTimeout=240000, transport=org.infinispan.remoting.transport.jgroups.JGroupsTransport@f6c48ac, nodeName='null', properties={configurationFile=jgroups.xml}}, security=GlobalSecurityConfiguration [authorization=GlobalAuthorizationConfiguration [enabled=false, auditLogger=org.infinispan.security.impl.DefaultAuditLogger@13deb50e, principalRoleMapper=null, roles={}], securityCacheTimeout=30000], serialization=SerializationConfiguration{advancedExternalizers={}, marshaller=org.infinispan.marshall.core.VersionAwareMarshaller@239963d8, version=62, classResolver=null}, shutdown=ShutdownConfiguration{hookBehavior=DEFAULT}, modules={}, site=SiteConfiguration{localSite='null'}, cl=java.lang.ref.WeakReference@3abbfa04, totalOrderExecutor=ExecutorFactoryConfiguration{factory=org.infinispan.executors.DefaultExecutorFactory@57fffcd7}}, name=org.infinispan.configuration.global.GlobalConfiguration} under name org.infinispan.configuration.global.GlobalConfiguration
14:05:34,307 TRACE (main:) [GlobalComponentRegistry] Registering component Component{instance=org.infinispan.manager.DefaultCacheManager@31ef45e3@Address:null, name=org.infinispan.manager.EmbeddedCacheManager} under name org.infinispan.manager.EmbeddedCacheManager
14:05:34,312 TRACE (main:) [GlobalComponentRegistry] Injecting dependencies for method [public void org.infinispan.jmx.CacheManagerJmxRegistration.init(org.infinispan.factories.GlobalComponentRegistry,org.infinispan.configuration.global.GlobalConfiguration)] on an instance of [org.infinispan.jmx.CacheManagerJmxRegistration].
14:05:34,312 TRACE (main:) [GlobalComponentRegistry] Registering component Component{instance=org.infinispan.jmx.CacheManagerJmxRegistration@59ec2012, name=org.infinispan.jmx.CacheManagerJmxRegistration} under name org.infinispan.jmx.CacheManagerJmxRegistration
14:05:34,319 TRACE (main:) [GlobalComponentRegistry] Injecting dependencies for method [public void org.infinispan.notifications.cachemanagerlistener.CacheManagerNotifierImpl.injectCacheManager(org.infinispan.manager.EmbeddedCacheManager)] on an instance of [org.infinispan.notifications.cachemanagerlistener.CacheManagerNotifierImpl].
14:05:34,319 TRACE (main:) [GlobalComponentRegistry] Injecting dependencies for method [void org.infinispan.notifications.AbstractListenerImpl.injectExecutor(java.util.concurrent.ExecutorService)] on an instance of [org.infinispan.notifications.cachemanagerlistener.CacheManagerNotifierImpl].
14:05:34,319 TRACE (main:) [GlobalComponentRegistry] Looking up factory for class interface java.util.concurrent.ExecutorService
14:05:34,319 TRACE (main:) [GlobalComponentRegistry] Creating factory org.infinispan.factories.NamedExecutorsFactory for component interface java.util.concurrent.ExecutorService
14:05:34,322 TRACE (main:) [GlobalComponentRegistry] Injecting dependencies for method [private void org.infinispan.factories.AbstractComponentFactory.injectGlobalDependencies(org.infinispan.configuration.global.GlobalConfiguration,org.infinispan.factories.GlobalComponentRegistry)] on an instance of [org.infinispan.factories.NamedExecutorsFactory].
14:05:34,323 TRACE (main:) [GlobalComponentRegistry] Registering component Component{instance=org.infinispan.factories.NamedExecutorsFactory@60c6f5b, name=org.infinispan.factories.NamedExecutorsFactory} under name org.infinispan.factories.NamedExecutorsFactory
14:05:34,323 TRACE (main:) [GlobalComponentRegistry] Creating component org.infinispan.executors.notification with factory class org.infinispan.factories.NamedExecutorsFactory
14:05:34,324 TRACE (main:) [GlobalComponentRegistry] Registering component Component{instance=org.infinispan.executors.LazyInitializingExecutorService@31610302, name=org.infinispan.executors.notification} under name org.infinispan.executors.notification
14:05:34,325 TRACE (main:) [GlobalComponentRegistry] Registering component Component{instance=org.infinispan.notifications.cachemanagerlistener.CacheManagerNotifierImpl@71318ec4, name=org.infinispan.notifications.cachemanagerlistener.CacheManagerNotifier} under name org.infinispan.notifications.cachemanagerlistener.CacheManagerNotifier
14:05:34,327 TRACE (main:) [GlobalComponentRegistry] Injecting dependencies for method [public void org.infinispan.registry.ClusterRegistryImpl.init(org.infinispan.manager.EmbeddedCacheManager)] on an instance of [org.infinispan.registry.ClusterRegistryImpl].
14:05:34,327 TRACE (main:) [GlobalComponentRegistry] Registering component Component{instance=org.infinispan.registry.ClusterRegistryImpl@4fe3c938, name=org.infinispan.registry.ClusterRegistry} under name org.infinispan.registry.ClusterRegistry
14:05:34,328 DEBUG (main:) [ServiceFinder] No service impls found: ModuleCommandExtensions
14:05:34,328 DEBUG (main:) [ModuleProperties] No module command extensions to load
14:05:34,329 TRACE (main:) [GlobalComponentRegistry] Registering component Component{instance={}, name=org.infinispan.modules.command.factories} under name org.infinispan.modules.command.factories
14:05:34,329 TRACE (main:) [GlobalComponentRegistry] Looking up factory for class interface org.infinispan.remoting.transport.Transport
14:05:34,329 TRACE (main:) [GlobalComponentRegistry] Creating factory org.infinispan.factories.TransportFactory for component interface org.infinispan.remoting.transport.Transport
14:05:34,350 TRACE (main:) [GlobalComponentRegistry] Injecting dependencies for method [private void org.infinispan.factories.AbstractComponentFactory.injectGlobalDependencies(org.infinispan.configuration.global.GlobalConfiguration,org.infinispan.factories.GlobalComponentRegistry)] on an instance of [org.infinispan.factories.TransportFactory].
14:05:34,356 TRACE (main:) [GlobalComponentRegistry] Registering component Component{instance=org.infinispan.factories.TransportFactory@56235b8e, name=org.infinispan.factories.TransportFactory} under name org.infinispan.factories.TransportFactory
14:05:34,357 TRACE (main:) [GlobalComponentRegistry] Creating component org.infinispan.remoting.transport.Transport with factory class org.infinispan.factories.TransportFactory
14:05:34,358 TRACE (main:) [GlobalComponentRegistry] Injecting dependencies for method [public void org.infinispan.remoting.transport.jgroups.JGroupsTransport.initialize(org.infinispan.commons.marshall.StreamingMarshaller,java.util.concurrent.ExecutorService,java.util.concurrent.ExecutorService,org.infinispan.remoting.InboundInvocationHandler,org.infinispan.notifications.cachemanagerlistener.CacheManagerNotifier,org.infinispan.factories.GlobalComponentRegistry,org.infinispan.xsite.BackupReceiverRepository,org.infinispan.util.TimeService,org.infinispan.remoting.InboundInvocationHandler)] on an instance of [org.infinispan.remoting.transport.jgroups.JGroupsTransport].
14:05:34,358 TRACE (main:) [GlobalComponentRegistry] Looking up factory for class interface org.infinispan.commons.marshall.StreamingMarshaller
14:05:34,358 TRACE (main:) [GlobalComponentRegistry] Creating factory org.infinispan.factories.MarshallerFactory for component interface org.infinispan.commons.marshall.StreamingMarshaller
14:05:34,359 TRACE (main:) [GlobalComponentRegistry] Injecting dependencies for method [private void org.infinispan.factories.AbstractComponentFactory.injectGlobalDependencies(org.infinispan.configuration.global.GlobalConfiguration,org.infinispan.factories.GlobalComponentRegistry)] on an instance of [org.infinispan.factories.MarshallerFactory].
14:05:34,359 TRACE (main:) [GlobalComponentRegistry] Registering component Component{instance=org.infinispan.factories.MarshallerFactory@527740a2, name=org.infinispan.factories.MarshallerFactory} under name org.infinispan.factories.MarshallerFactory
14:05:34,359 TRACE (main:) [GlobalComponentRegistry] Creating component org.infinispan.marshaller.global with factory class org.infinispan.factories.MarshallerFactory
14:05:34,373 TRACE (main:) [GlobalComponentRegistry] Injecting dependencies for method [public void org.infinispan.marshall.core.GlobalMarshaller.inject(org.infinispan.marshall.core.ExternalizerTable,org.infinispan.configuration.global.GlobalConfiguration)] on an instance of [org.infinispan.marshall.core.GlobalMarshaller].
14:05:34,374 TRACE (main:) [GlobalComponentRegistry] Looking up factory for class class org.infinispan.marshall.core.ExternalizerTable
14:05:34,374 TRACE (main:) [GlobalComponentRegistry] Creating factory org.infinispan.factories.EmptyConstructorFactory for component class org.infinispan.marshall.core.ExternalizerTable
14:05:34,374 TRACE (main:) [GlobalComponentRegistry] Injecting dependencies for method [private void org.infinispan.factories.AbstractComponentFactory.injectGlobalDependencies(org.infinispan.configuration.global.GlobalConfiguration,org.infinispan.factories.GlobalComponentRegistry)] on an instance of [org.infinispan.factories.EmptyConstructorFactory].
14:05:34,375 TRACE (main:) [GlobalComponentRegistry] Registering component Component{instance=org.infinispan.factories.EmptyConstructorFactory@4b4523f8, name=org.infinispan.factories.EmptyConstructorFactory} under name org.infinispan.factories.EmptyConstructorFactory
14:05:34,375 TRACE (main:) [GlobalComponentRegistry] Creating component org.infinispan.marshall.core.ExternalizerTable with factory class org.infinispan.factories.EmptyConstructorFactory
14:05:34,376 TRACE (main:) [GlobalComponentRegistry] Injecting dependencies for method [public void org.infinispan.marshall.core.ExternalizerTable.inject(org.infinispan.commands.RemoteCommandsFactory,org.infinispan.factories.GlobalComponentRegistry,org.infinispan.commons.marshall.StreamingMarshaller)] on an instance of [org.infinispan.marshall.core.ExternalizerTable].
14:05:34,377 TRACE (main:) [GlobalComponentRegistry] Looking up factory for class class org.infinispan.commands.RemoteCommandsFactory
14:05:34,377 TRACE (main:) [GlobalComponentRegistry] Creating component org.infinispan.commands.RemoteCommandsFactory with factory class org.infinispan.factories.EmptyConstructorFactory
14:05:34,377 TRACE (main:) [GlobalComponentRegistry] Injecting dependencies for method [public void org.infinispan.commands.RemoteCommandsFactory.inject(org.infinispan.manager.EmbeddedCacheManager,org.infinispan.factories.GlobalComponentRegistry,java.util.Map)] on an instance of [org.infinispan.commands.RemoteCommandsFactory].
14:05:34,377 TRACE (main:) [GlobalComponentRegistry] Registering component Component{instance=org.infinispan.commands.RemoteCommandsFactory@67b92f0a, name=org.infinispan.commands.RemoteCommandsFactory} under name org.infinispan.commands.RemoteCommandsFactory
14:05:34,378 TRACE (main:) [GlobalComponentRegistry] Registering component Component{instance=org.infinispan.marshall.core.ExternalizerTable@2b9627bc, name=org.infinispan.marshall.core.ExternalizerTable} under name org.infinispan.marshall.core.ExternalizerTable
14:05:34,378 TRACE (main:) [GlobalComponentRegistry] Registering component Component{instance=org.infinispan.marshall.core.GlobalMarshaller@65e2dbf3, name=org.infinispan.marshaller.global} under name org.infinispan.marshaller.global
14:05:34,378 TRACE (main:) [GlobalComponentRegistry] Looking up factory for class interface java.util.concurrent.ExecutorService
14:05:34,378 TRACE (main:) [GlobalComponentRegistry] Creating component org.infinispan.executors.transport with factory class org.infinispan.factories.NamedExecutorsFactory
14:05:34,384 TRACE (main:) [GlobalComponentRegistry] Registering component Component{instance=org.infinispan.executors.LazyInitializingExecutorService@578486a3, name=org.infinispan.executors.transport} under name org.infinispan.executors.transport
14:05:34,384 TRACE (main:) [GlobalComponentRegistry] Looking up factory for class interface java.util.concurrent.ExecutorService
14:05:34,384 TRACE (main:) [GlobalComponentRegistry] Creating component org.infinispan.executors.remote with factory class org.infinispan.factories.NamedExecutorsFactory
14:05:34,385 TRACE (main:) [GlobalComponentRegistry] Looking up factory for class interface org.infinispan.util.TimeService
14:05:34,385 TRACE (main:) [GlobalComponentRegistry] Creating component org.infinispan.util.TimeService with factory class org.infinispan.factories.EmptyConstructorFactory
14:05:34,387 TRACE (main:) [GlobalComponentRegistry] Registering component Component{instance=org.infinispan.util.DefaultTimeService@cd2dae5, name=org.infinispan.util.TimeService} under name org.infinispan.util.TimeService
14:05:34,387 TRACE (main:) [GlobalComponentRegistry] Registering component Component{instance=org.infinispan.executors.LazyInitializingBlockingTaskAwareExecutorService@3a883ce7, name=org.infinispan.executors.remote} under name org.infinispan.executors.remote
14:05:34,387 TRACE (main:) [GlobalComponentRegistry] Looking up factory for class interface org.infinispan.remoting.InboundInvocationHandler
14:05:34,387 TRACE (main:) [GlobalComponentRegistry] Creating component org.infinispan.remoting.InboundInvocationHandler with factory class org.infinispan.factories.EmptyConstructorFactory
14:05:34,390 TRACE (main:) [GlobalComponentRegistry] Injecting dependencies for method [public void org.infinispan.remoting.InboundInvocationHandlerImpl.inject(org.infinispan.factories.GlobalComponentRegistry,org.infinispan.remoting.transport.Transport,org.infinispan.util.concurrent.BlockingTaskAwareExecutorService,org.infinispan.util.concurrent.BlockingTaskAwareExecutorService,org.infinispan.commands.CancellationService)] on an instance of [org.infinispan.remoting.InboundInvocationHandlerImpl].
14:05:34,390 TRACE (main:) [GlobalComponentRegistry] Looking up factory for class interface org.infinispan.util.concurrent.BlockingTaskAwareExecutorService
14:05:34,391 TRACE (main:) [GlobalComponentRegistry] Creating component org.infinispan.executors.totalOrderExecutor with factory class org.infinispan.factories.NamedExecutorsFactory
14:05:34,391 TRACE (main:) [GlobalComponentRegistry] Registering component Component{instance=org.infinispan.executors.LazyInitializingBlockingTaskAwareExecutorService@a7e666, name=org.infinispan.executors.totalOrderExecutor} under name org.infinispan.executors.totalOrderExecutor
14:05:34,391 TRACE (main:) [GlobalComponentRegistry] Looking up factory for class interface org.infinispan.commands.CancellationService
14:05:34,391 TRACE (main:) [GlobalComponentRegistry] Creating component org.infinispan.commands.CancellationService with factory class org.infinispan.factories.EmptyConstructorFactory
14:05:34,392 TRACE (main:) [GlobalComponentRegistry] Registering component Component{instance=org.infinispan.commands.CancellationServiceImpl@7494e528, name=org.infinispan.commands.CancellationService} under name org.infinispan.commands.CancellationService
14:05:34,392 TRACE (main:) [GlobalComponentRegistry] Registering component Component{instance=org.infinispan.remoting.InboundInvocationHandlerImpl@4bbfb90a, name=org.infinispan.remoting.InboundInvocationHandler} under name org.infinispan.remoting.InboundInvocationHandler
14:05:34,393 TRACE (main:) [GlobalComponentRegistry] Looking up factory for class interface org.infinispan.xsite.BackupReceiverRepository
14:05:34,393 TRACE (main:) [GlobalComponentRegistry] Creating component org.infinispan.xsite.BackupReceiverRepository with factory class org.infinispan.factories.EmptyConstructorFactory
14:05:34,395 TRACE (main:) [GlobalComponentRegistry] Injecting dependencies for method [public void org.infinispan.xsite.BackupReceiverRepositoryImpl.setup(org.infinispan.manager.EmbeddedCacheManager)] on an instance of [org.infinispan.xsite.BackupReceiverRepositoryImpl].
14:05:34,396 TRACE (main:) [GlobalComponentRegistry] Registering component Component{instance=org.infinispan.xsite.BackupReceiverRepositoryImpl@76707e36, name=org.infinispan.xsite.BackupReceiverRepository} under name org.infinispan.xsite.BackupReceiverRepository
14:05:34,396 TRACE (main:) [GlobalComponentRegistry] Injecting dependencies for method [public void org.infinispan.remoting.transport.AbstractTransport.setConfiguration(org.infinispan.configuration.global.GlobalConfiguration)] on an instance of [org.infinispan.remoting.transport.jgroups.JGroupsTransport].
14:05:34,396 TRACE (main:) [GlobalComponentRegistry] Registering component Component{instance=org.infinispan.remoting.transport.jgroups.JGroupsTransport@f6c48ac, name=org.infinispan.remoting.transport.Transport} under name org.infinispan.remoting.transport.Transport
14:05:34,396 TRACE (main:) [GlobalComponentRegistry] Looking up factory for class interface org.infinispan.topology.LocalTopologyManager
14:05:34,396 TRACE (main:) [GlobalComponentRegistry] Creating factory org.infinispan.topology.LocalTopologyManagerFactory for component interface org.infinispan.topology.LocalTopologyManager
14:05:34,397 TRACE (main:) [GlobalComponentRegistry] Injecting dependencies for method [private void org.infinispan.factories.AbstractComponentFactory.injectGlobalDependencies(org.infinispan.configuration.global.GlobalConfiguration,org.infinispan.factories.GlobalComponentRegistry)] on an instance of [org.infinispan.topology.LocalTopologyManagerFactory].
14:05:34,397 TRACE (main:) [GlobalComponentRegistry] Registering component Component{instance=org.infinispan.topology.LocalTopologyManagerFactory@1c3a4799, name=org.infinispan.topology.LocalTopologyManagerFactory} under name org.infinispan.topology.LocalTopologyManagerFactory
14:05:34,397 TRACE (main:) [GlobalComponentRegistry] Creating component org.infinispan.topology.LocalTopologyManager with factory class org.infinispan.topology.LocalTopologyManagerFactory
14:05:34,403 TRACE (main:) [GlobalComponentRegistry] Injecting dependencies for method [public void org.infinispan.topology.LocalTopologyManagerImpl.inject(org.infinispan.remoting.transport.Transport,java.util.concurrent.ExecutorService,org.infinispan.factories.GlobalComponentRegistry,org.infinispan.util.TimeService)] on an instance of [org.infinispan.topology.LocalTopologyManagerImpl].
14:05:34,403 TRACE (main:) [GlobalComponentRegistry] Registering component Component{instance=org.infinispan.topology.LocalTopologyManagerImpl@1f7030a6, name=org.infinispan.topology.LocalTopologyManager} under name org.infinispan.topology.LocalTopologyManager
14:05:34,403 TRACE (main:) [GlobalComponentRegistry] Looking up factory for class interface org.infinispan.topology.ClusterTopologyManager
14:05:34,403 TRACE (main:) [GlobalComponentRegistry] Creating factory org.infinispan.topology.ClusterTopologyManagerFactory for component interface org.infinispan.topology.ClusterTopologyManager
14:05:34,404 TRACE (main:) [GlobalComponentRegistry] Injecting dependencies for method [private void org.infinispan.factories.AbstractComponentFactory.injectGlobalDependencies(org.infinispan.configuration.global.GlobalConfiguration,org.infinispan.factories.GlobalComponentRegistry)] on an instance of [org.infinispan.topology.ClusterTopologyManagerFactory].
14:05:34,404 TRACE (main:) [GlobalComponentRegistry] Registering component Component{instance=org.infinispan.topology.ClusterTopologyManagerFactory@27a5f880, name=org.infinispan.topology.ClusterTopologyManagerFactory} under name org.infinispan.topology.ClusterTopologyManagerFactory
14:05:34,404 TRACE (main:) [GlobalComponentRegistry] Creating component org.infinispan.topology.ClusterTopologyManager with factory class org.infinispan.topology.ClusterTopologyManagerFactory
14:05:34,409 TRACE (main:) [GlobalComponentRegistry] Injecting dependencies for method [public void org.infinispan.topology.ClusterTopologyManagerImpl.inject(org.infinispan.remoting.transport.Transport,java.util.concurrent.ExecutorService,org.infinispan.configuration.global.GlobalConfiguration,org.infinispan.factories.GlobalComponentRegistry,org.infinispan.notifications.cachemanagerlistener.CacheManagerNotifier,org.infinispan.manager.EmbeddedCacheManager)] on an instance of [org.infinispan.topology.ClusterTopologyManagerImpl].
14:05:34,409 TRACE (main:) [GlobalComponentRegistry] Registering component Component{instance=org.infinispan.topology.ClusterTopologyManagerImpl@4b1c1ea0, name=org.infinispan.topology.ClusterTopologyManager} under name org.infinispan.topology.ClusterTopologyManager
14:05:34,527 TRACE (main:) [ResourceDMBean] Attribute clusterAvailability [r=true,w=false,is=false,type=java.lang.String]
14:05:34,527 TRACE (main:) [ResourceDMBean] Attribute rebalancingEnabled [r=true,w=true,is=true,type=boolean]
14:05:34,527 TRACE (main:) [ResourceDMBean] Attribute clusterSize [r=true,w=false,is=false,type=int]
14:05:34,527 TRACE (main:) [ResourceDMBean] Attribute name [r=true,w=false,is=false,type=java.lang.String]
14:05:34,528 TRACE (main:) [ResourceDMBean] Attribute definedCacheCount [r=true,w=false,is=false,type=java.lang.String]
14:05:34,528 TRACE (main:) [ResourceDMBean] Attribute version [r=true,w=false,is=false,type=java.lang.String]
14:05:34,528 TRACE (main:) [ResourceDMBean] Attribute globalConfigurationAsProperties [r=true,w=false,is=false,type=java.util.Properties]
14:05:34,528 TRACE (main:) [ResourceDMBean] Attribute createdCacheCount [r=true,w=false,is=false,type=java.lang.String]
14:05:34,528 TRACE (main:) [ResourceDMBean] Attribute runningCacheCount [r=true,w=false,is=false,type=java.lang.String]
14:05:34,529 TRACE (main:) [ResourceDMBean] Attribute clusterMembers [r=true,w=false,is=false,type=java.lang.String]
14:05:34,529 TRACE (main:) [ResourceDMBean] Attribute clusterName [r=true,w=false,is=false,type=java.lang.String]
14:05:34,529 TRACE (main:) [ResourceDMBean] Attribute cacheManagerStatus [r=true,w=false,is=false,type=java.lang.String]
14:05:34,529 TRACE (main:) [ResourceDMBean] Attribute definedCacheNames [r=true,w=false,is=false,type=java.lang.String]
14:05:34,529 TRACE (main:) [ResourceDMBean] Attribute physicalAddresses [r=true,w=false,is=false,type=java.lang.String]
14:05:34,529 TRACE (main:) [ResourceDMBean] Attribute nodeAddress [r=true,w=false,is=false,type=java.lang.String]
14:05:34,530 TRACE (main:) [ResourceDMBean] Operation void startCache
14:05:34,530 TRACE (main:) [ResourceDMBean] Operation void startCache
14:05:34,530 TRACE (main:) [JmxUtil] Registered org.infinispan.jmx.ResourceDMBean@28ac3dc3 under org.infinispan:type=CacheManager,name="DefaultCacheManager",component=LocalTopologyManager
14:05:34,531 TRACE (main:) [JmxUtil] Registered org.infinispan.jmx.ResourceDMBean@32eebfca under org.infinispan:type=CacheManager,name="DefaultCacheManager",component=CacheManager
14:05:34,531 DEBUG (main:) [DefaultCacheManager] Started cache manager ISPN on null
14:05:34,531 TRACE (main:) [StateTransferConfigurationBuilder] Cache is distributed or replicated but state transfer was not defined, enabling it by default
14:05:34,531 TRACE (main:) [StateTransferConfigurationBuilder] Cache is distributed or replicated but awaitInitialTransfer was not defined, enabling it by default
14:05:34,531 TRACE (main:) [StateTransferConfigurationBuilder] Cache is distributed or replicated but state transfer was not defined, enabling it by default
14:05:34,531 TRACE (main:) [StateTransferConfigurationBuilder] Cache is distributed or replicated but awaitInitialTransfer was not defined, enabling it by default
14:05:34,532 TRACE (main:) [StateTransferConfigurationBuilder] Cache is distributed or replicated but state transfer was not defined, enabling it by default
14:05:34,533 TRACE (main:) [StateTransferConfigurationBuilder] Cache is distributed or replicated but awaitInitialTransfer was not defined, enabling it by default
14:05:34,533 TRACE (main:) [StateTransferConfigurationBuilder] Cache is distributed or replicated but state transfer was not defined, enabling it by default
14:05:34,533 TRACE (main:) [StateTransferConfigurationBuilder] Cache is distributed or replicated but awaitInitialTransfer was not defined, enabling it by default
14:05:34,534 TRACE (main:) [StateTransferConfigurationBuilder] Cache is distributed or replicated but state transfer was not defined, enabling it by default
14:05:34,534 TRACE (main:) [StateTransferConfigurationBuilder] Cache is distributed or replicated but awaitInitialTransfer was not defined, enabling it by default
14:05:34,534 TRACE (main:) [StateTransferConfigurationBuilder] Cache is distributed or replicated but state transfer was not defined, enabling it by default
14:05:34,534 TRACE (main:) [StateTransferConfigurationBuilder] Cache is distributed or replicated but awaitInitialTransfer was not defined, enabling it by default
14:05:34,536 TRACE (main:) [GlobalComponentRegistry] Invoking start method public void org.infinispan.marshall.core.ExternalizerTable.start() on component org.infinispan.marshall.core.ExternalizerTable
14:05:34,542 TRACE (main:) [ExternalizerTable] Loaded externalizer org.infinispan.marshall.exts.ListExternalizer for class java.util.Arrays$ArrayList with id 0 and reader index 0
14:05:34,542 TRACE (main:) [ExternalizerTable] Loaded externalizer org.infinispan.marshall.exts.ListExternalizer for class java.util.ArrayList with id 0 and reader index 0
14:05:34,542 TRACE (main:) [ExternalizerTable] Loaded externalizer org.infinispan.marshall.exts.ListExternalizer for class java.util.LinkedList with id 0 and reader index 0
14:05:34,544 TRACE (main:) [ExternalizerTable] Loaded externalizer org.infinispan.marshall.exts.MapExternalizer for class java.util.TreeMap with id 2 and reader index 2
14:05:34,544 TRACE (main:) [ExternalizerTable] Loaded externalizer org.infinispan.marshall.exts.MapExternalizer for class java.util.HashMap with id 2 and reader index 2
14:05:34,545 TRACE (main:) [ExternalizerTable] Loaded externalizer org.infinispan.marshall.exts.MapExternalizer for class org.infinispan.commons.util.FastCopyHashMap with id 2 and reader index 2
14:05:34,545 TRACE (main:) [ExternalizerTable] Loaded externalizer org.infinispan.marshall.exts.MapExternalizer for class org.infinispan.commons.equivalence.EquivalentHashMap with id 2 and reader index 2
14:05:34,546 TRACE (main:) [ExternalizerTable] Loaded externalizer org.infinispan.marshall.exts.SetExternalizer for class java.util.HashSet with id 3 and reader index 3
14:05:34,546 TRACE (main:) [ExternalizerTable] Loaded externalizer org.infinispan.marshall.exts.SetExternalizer for class java.util.TreeSet with id 3 and reader index 3
14:05:34,552 TRACE (main:) [ExternalizerTable] Loaded externalizer org.infinispan.marshall.exts.EnumSetExternalizer for class java.util.EnumSet with id 121 and reader index 121
14:05:34,553 TRACE (main:) [ExternalizerTable] Loaded externalizer org.infinispan.marshall.exts.EnumSetExternalizer for class java.util.RegularEnumSet with id 121 and reader index 121
14:05:34,553 TRACE (main:) [ExternalizerTable] Loaded externalizer org.infinispan.marshall.exts.EnumSetExternalizer for class java.util.JumboEnumSet with id 121 and reader index 121
14:05:34,553 TRACE (main:) [ExternalizerTable] Loaded externalizer org.infinispan.marshall.exts.ArrayExternalizers$ListArray for class [Ljava.util.List; with id 122 and reader index 122
14:05:34,554 TRACE (main:) [ExternalizerTable] Loaded externalizer org.infinispan.marshall.exts.SingletonListExternalizer for class java.util.Collections$SingletonList with id 4 and reader index 4
14:05:34,555 TRACE (main:) [ExternalizerTable] Loaded externalizer org.infinispan.transaction.xa.GlobalTransaction$Externalizer for class org.infinispan.transaction.xa.GlobalTransaction with id 38 and reader index 38
14:05:34,557 TRACE (main:) [ExternalizerTable] Loaded externalizer org.infinispan.transaction.xa.recovery.RecoveryAwareGlobalTransaction$Externalizer for class org.infinispan.transaction.xa.recovery.RecoveryAwareGlobalTransaction with id 68 and reader index 68
14:05:34,559 TRACE (main:) [ExternalizerTable] Loaded externalizer org.infinispan.transaction.xa.DldGlobalTransaction$Externalizer for class org.infinispan.transaction.xa.DldGlobalTransaction with id 43 and reader index 43
14:05:34,560 TRACE (main:) [ExternalizerTable] Loaded externalizer org.infinispan.transaction.xa.recovery.RecoveryAwareDldGlobalTransaction$Externalizer for class org.infinispan.transaction.xa.recovery.RecoveryAwareDldGlobalTransaction with id 67 and reader index 67
14:05:34,563 TRACE (main:) [ExternalizerTable] Loaded externalizer org.infinispan.remoting.transport.jgroups.JGroupsAddress$Externalizer for class org.infinispan.remoting.transport.jgroups.JGroupsAddress with id 39 and reader index 39
14:05:34,564 TRACE (main:) [ExternalizerTable] Loaded externalizer org.infinispan.commons.util.Immutables$ImmutableMapWrapperExternalizer for class org.infinispan.commons.util.Immutables$ImmutableMapWrapper with id 19 and reader index 19
14:05:34,565 TRACE (main:) [ExternalizerTable] Loaded externalizer org.infinispan.marshall.core.MarshalledValue$Externalizer for class org.infinispan.marshall.core.MarshalledValue with id 40 and reader index 40
14:05:34,567 TRACE (main:) [ExternalizerTable] Loaded externalizer org.infinispan.commons.io.ByteBufferImpl$Externalizer for class org.infinispan.commons.io.ByteBufferImpl with id 106 and reader index 106
14:05:34,568 TRACE (main:) [ExternalizerTable] Loaded externalizer org.infinispan.remoting.responses.SuccessfulResponse$Externalizer for class org.infinispan.remoting.responses.SuccessfulResponse with id 5 and reader index 5
14:05:34,569 TRACE (main:) [ExternalizerTable] Loaded externalizer org.infinispan.remoting.responses.ExceptionResponse$Externalizer for class org.infinispan.remoting.responses.ExceptionResponse with id 7 and reader index 7
14:05:34,570 TRACE (main:) [ExternalizerTable] Loaded externalizer org.infinispan.remoting.responses.UnsuccessfulResponse$Externalizer for class org.infinispan.remoting.responses.UnsuccessfulResponse with id 8 and reader index 8
14:05:34,570 TRACE (main:) [ExternalizerTable] Loaded externalizer org.infinispan.remoting.responses.UnsureResponse$Externalizer for class org.infinispan.remoting.responses.UnsureResponse with id 54 and reader index 54
14:05:34,571 TRACE (main:) [ExternalizerTable] Loaded externalizer org.infinispan.remoting.responses.CacheNotFoundResponse$Externalizer for class org.infinispan.remoting.responses.CacheNotFoundResponse with id 102 and reader index 102
14:05:34,583 TRACE (main:) [ExternalizerTable] Loaded externalizer org.infinispan.marshall.exts.ReplicableCommandExternalizer for class org.infinispan.commands.write.PutKeyValueCommand with id 62 and reader index 62
14:05:34,583 TRACE (main:) [ExternalizerTable] Loaded externalizer org.infinispan.marshall.exts.ReplicableCommandExternalizer for class org.infinispan.commands.write.ClearCommand with id 62 and reader index 62
14:05:34,584 TRACE (main:) [ExternalizerTable] Loaded externalizer org.infinispan.marshall.exts.ReplicableCommandExternalizer for class org.infinispan.commands.write.ApplyDeltaCommand with id 62 and reader index 62
14:05:34,584 TRACE (main:) [ExternalizerTable] Loaded externalizer org.infinispan.marshall.exts.ReplicableCommandExternalizer for class org.infinispan.commands.write.InvalidateL1Command with id 62 and reader index 62
14:05:34,584 TRACE (main:) [ExternalizerTable] Loaded externalizer org.infinispan.marshall.exts.ReplicableCommandExternalizer for class org.infinispan.topology.CacheTopologyControlCommand with id 62 and reader index 62
14:05:34,584 TRACE (main:) [ExternalizerTable] Loaded externalizer org.infinispan.marshall.exts.ReplicableCommandExternalizer for class org.infinispan.commands.write.RemoveCommand with id 62 and reader index 62
14:05:34,584 TRACE (main:) [ExternalizerTable] Loaded externalizer org.infinispan.marshall.exts.ReplicableCommandExternalizer for class org.infinispan.commands.write.InvalidateCommand with id 62 and reader index 62
14:05:34,584 TRACE (main:) [ExternalizerTable] Loaded externalizer org.infinispan.marshall.exts.ReplicableCommandExternalizer for class org.infinispan.commands.read.GetKeyValueCommand with id 62 and reader index 62
14:05:34,584 TRACE (main:) [ExternalizerTable] Loaded externalizer org.infinispan.marshall.exts.ReplicableCommandExternalizer for class org.infinispan.commands.write.ReplaceCommand with id 62 and reader index 62
14:05:34,584 TRACE (main:) [ExternalizerTable] Loaded externalizer org.infinispan.marshall.exts.ReplicableCommandExternalizer for class org.infinispan.commands.write.PutMapCommand with id 62 and reader index 62
14:05:34,584 TRACE (main:) [ExternalizerTable] Loaded externalizer org.infinispan.marshall.exts.ReplicableCommandExternalizer for class org.infinispan.commands.write.EvictCommand with id 62 and reader index 62
14:05:34,584 TRACE (main:) [ExternalizerTable] Loaded externalizer org.infinispan.marshall.exts.ReplicableCommandExternalizer for class org.infinispan.commands.read.DistributedExecuteCommand with id 62 and reader index 62
14:05:34,609 TRACE (main:) [ExternalizerTable] Loaded externalizer org.infinispan.marshall.exts.CacheRpcCommandExternalizer for class org.infinispan.iteration.EntryResponseCommand with id 74 and reader index 74
14:05:34,609 TRACE (main:) [ExternalizerTable] Loaded externalizer org.infinispan.marshall.exts.CacheRpcCommandExternalizer for class org.infinispan.commands.read.ReduceCommand with id 74 and reader index 74
14:05:34,609 TRACE (main:) [ExternalizerTable] Loaded externalizer org.infinispan.marshall.exts.CacheRpcCommandExternalizer for class org.infinispan.statetransfer.StateResponseCommand with id 74 and reader index 74
14:05:34,609 TRACE (main:) [ExternalizerTable] Loaded externalizer org.infinispan.marshall.exts.CacheRpcCommandExternalizer for class org.infinispan.commands.tx.totalorder.TotalOrderCommitCommand with id 74 and reader index 74
14:05:34,609 TRACE (main:) [ExternalizerTable] Loaded externalizer org.infinispan.marshall.exts.CacheRpcCommandExternalizer for class org.infinispan.commands.RemoveCacheCommand with id 74 and reader index 74
14:05:34,609 TRACE (main:) [ExternalizerTable] Loaded externalizer org.infinispan.marshall.exts.CacheRpcCommandExternalizer for class org.infinispan.commands.tx.totalorder.TotalOrderNonVersionedPrepareCommand with id 74 and reader index 74
14:05:34,610 TRACE (main:) [ExternalizerTable] Loaded externalizer org.infinispan.marshall.exts.CacheRpcCommandExternalizer for class org.infinispan.commands.read.MapCombineCommand with id 74 and reader index 74
14:05:34,610 TRACE (main:) [ExternalizerTable] Loaded externalizer org.infinispan.marshall.exts.CacheRpcCommandExternalizer for class org.infinispan.commands.remote.recovery.CompleteTransactionCommand with id 74 and reader index 74
14:05:34,610 TRACE (main:) [ExternalizerTable] Loaded externalizer org.infinispan.marshall.exts.CacheRpcCommandExternalizer for class org.infinispan.commands.CancelCommand with id 74 and reader index 74
14:05:34,610 TRACE (main:) [ExternalizerTable] Loaded externalizer org.infinispan.marshall.exts.CacheRpcCommandExternalizer for class org.infinispan.commands.tx.totalorder.TotalOrderVersionedCommitCommand with id 74 and reader index 74
14:05:34,610 TRACE (main:) [ExternalizerTable] Loaded externalizer org.infinispan.marshall.exts.CacheRpcCommandExternalizer for class org.infinispan.commands.tx.PrepareCommand with id 74 and reader index 74
14:05:34,610 TRACE (main:) [ExternalizerTable] Loaded externalizer org.infinispan.marshall.exts.CacheRpcCommandExternalizer for class org.infinispan.iteration.EntryRequestCommand with id 74 and reader index 74
14:05:34,610 TRACE (main:) [ExternalizerTable] Loaded externalizer org.infinispan.marshall.exts.CacheRpcCommandExternalizer for class org.infinispan.commands.tx.CommitCommand with id 74 and reader index 74
14:05:34,610 TRACE (main:) [ExternalizerTable] Loaded externalizer org.infinispan.marshall.exts.CacheRpcCommandExternalizer for class org.infinispan.xsite.XSiteAdminCommand with id 74 and reader index 74
14:05:34,610 TRACE (main:) [ExternalizerTable] Loaded externalizer org.infinispan.marshall.exts.CacheRpcCommandExternalizer for class org.infinispan.commands.remote.recovery.TxCompletionNotificationCommand with id 74 and reader index 74
14:05:34,610 TRACE (main:) [ExternalizerTable] Loaded externalizer org.infinispan.marshall.exts.CacheRpcCommandExternalizer for class org.infinispan.commands.read.DistributedExecuteCommand with id 74 and reader index 74
14:05:34,611 TRACE (main:) [ExternalizerTable] Loaded externalizer org.infinispan.marshall.exts.CacheRpcCommandExternalizer for class org.infinispan.commands.tx.VersionedCommitCommand with id 74 and reader index 74
14:05:34,611 TRACE (main:) [ExternalizerTable] Loaded externalizer org.infinispan.marshall.exts.CacheRpcCommandExternalizer for class org.infinispan.commands.remote.MultipleRpcCommand with id 74 and reader index 74
14:05:34,611 TRACE (main:) [ExternalizerTable] Loaded externalizer org.infinispan.marshall.exts.CacheRpcCommandExternalizer for class org.infinispan.commands.control.LockControlCommand with id 74 and reader index 74
14:05:34,611 TRACE (main:) [ExternalizerTable] Loaded externalizer org.infinispan.marshall.exts.CacheRpcCommandExternalizer for class org.infinispan.commands.remote.recovery.GetInDoubtTxInfoCommand with id 74 and reader index 74
14:05:34,611 TRACE (main:) [ExternalizerTable] Loaded externalizer org.infinispan.marshall.exts.CacheRpcCommandExternalizer for class org.infinispan.commands.tx.VersionedPrepareCommand with id 74 and reader index 74
14:05:34,611 TRACE (main:) [ExternalizerTable] Loaded externalizer org.infinispan.marshall.exts.CacheRpcCommandExternalizer for class org.infinispan.commands.CreateCacheCommand with id 74 and reader index 74
14:05:34,611 TRACE (main:) [ExternalizerTable] Loaded externalizer org.infinispan.marshall.exts.CacheRpcCommandExternalizer for class org.infinispan.commands.tx.totalorder.TotalOrderVersionedPrepareCommand with id 74 and reader index 74
14:05:34,611 TRACE (main:) [ExternalizerTable] Loaded externalizer org.infinispan.marshall.exts.CacheRpcCommandExternalizer for class org.infinispan.commands.remote.ClusteredGetCommand with id 74 and reader index 74
14:05:34,611 TRACE (main:) [ExternalizerTable] Loaded externalizer org.infinispan.marshall.exts.CacheRpcCommandExternalizer for class org.infinispan.xsite.SingleXSiteRpcCommand with id 74 and reader index 74
14:05:34,611 TRACE (main:) [ExternalizerTable] Loaded externalizer org.infinispan.marshall.exts.CacheRpcCommandExternalizer for class org.infinispan.xsite.statetransfer.XSiteStatePushCommand with id 74 and reader index 74
14:05:34,613 TRACE (main:) [ExternalizerTable] Loaded externalizer org.infinispan.marshall.exts.CacheRpcCommandExternalizer for class org.infinispan.statetransfer.StateRequestCommand with id 74 and reader index 74
14:05:34,615 TRACE (main:) [ExternalizerTable] Loaded externalizer org.infinispan.marshall.exts.CacheRpcCommandExternalizer for class org.infinispan.commands.remote.SingleRpcCommand with id 74 and reader index 74
14:05:34,620 TRACE (main:) [ExternalizerTable] Loaded externalizer org.infinispan.marshall.exts.CacheRpcCommandExternalizer for class org.infinispan.commands.tx.RollbackCommand with id 74 and reader index 74
14:05:34,623 TRACE (main:) [ExternalizerTable] Loaded externalizer org.infinispan.marshall.exts.CacheRpcCommandExternalizer for class org.infinispan.commands.remote.recovery.GetInDoubtTransactionsCommand with id 74 and reader index 74
14:05:34,623 TRACE (main:) [ExternalizerTable] Loaded externalizer org.infinispan.marshall.exts.CacheRpcCommandExternalizer for class org.infinispan.commands.tx.totalorder.TotalOrderRollbackCommand with id 74 and reader index 74
14:05:34,623 TRACE (main:) [ExternalizerTable] Loaded externalizer org.infinispan.marshall.exts.CacheRpcCommandExternalizer for class org.infinispan.xsite.statetransfer.XSiteStateTransferControlCommand with id 74 and reader index 74
14:05:34,637 TRACE (main:) [ExternalizerTable] Loaded externalizer org.infinispan.container.entries.ImmortalCacheEntry$Externalizer for class org.infinispan.container.entries.ImmortalCacheEntry with id 10 and reader index 10
14:05:34,640 TRACE (main:) [ExternalizerTable] Loaded externalizer org.infinispan.container.entries.MortalCacheEntry$Externalizer for class org.infinispan.container.entries.MortalCacheEntry with id 11 and reader index 11
14:05:34,641 TRACE (main:) [ExternalizerTable] Loaded externalizer org.infinispan.container.entries.TransientCacheEntry$Externalizer for class org.infinispan.container.entries.TransientCacheEntry with id 12 and reader index 12
14:05:34,642 TRACE (main:) [ExternalizerTable] Loaded externalizer org.infinispan.container.entries.TransientMortalCacheEntry$Externalizer for class org.infinispan.container.entries.TransientMortalCacheEntry with id 13 and reader index 13
14:05:34,645 TRACE (main:) [ExternalizerTable] Loaded externalizer org.infinispan.container.entries.ImmortalCacheValue$Externalizer for class org.infinispan.container.entries.ImmortalCacheValue with id 14 and reader index 14
14:05:34,646 TRACE (main:) [ExternalizerTable] Loaded externalizer org.infinispan.container.entries.MortalCacheValue$Externalizer for class org.infinispan.container.entries.MortalCacheValue with id 15 and reader index 15
14:05:34,647 TRACE (main:) [ExternalizerTable] Loaded externalizer org.infinispan.container.entries.TransientCacheValue$Externalizer for class org.infinispan.container.entries.TransientCacheValue with id 16 and reader index 16
14:05:34,648 TRACE (main:) [ExternalizerTable] Loaded externalizer org.infinispan.container.entries.TransientMortalCacheValue$Externalizer for class org.infinispan.container.entries.TransientMortalCacheValue with id 17 and reader index 17
14:05:34,653 TRACE (main:) [ExternalizerTable] Loaded externalizer org.infinispan.container.versioning.SimpleClusteredVersion$Externalizer for class org.infinispan.container.versioning.SimpleClusteredVersion with id 96 and reader index 96
14:05:34,654 TRACE (main:) [ExternalizerTable] Loaded externalizer org.infinispan.container.entries.metadata.MetadataImmortalCacheEntry$Externalizer for class org.infinispan.container.entries.metadata.MetadataImmortalCacheEntry with id 76 and reader index 76
14:05:34,655 TRACE (main:) [ExternalizerTable] Loaded externalizer org.infinispan.container.entries.metadata.MetadataMortalCacheEntry$Externalizer for class org.infinispan.container.entries.metadata.MetadataMortalCacheEntry with id 77 and reader index 77
14:05:34,655 TRACE (main:) [ExternalizerTable] Loaded externalizer org.infinispan.container.entries.metadata.MetadataTransientCacheEntry$Externalizer for class org.infinispan.container.entries.metadata.MetadataTransientCacheEntry with id 78 and reader index 78
14:05:34,656 TRACE (main:) [ExternalizerTable] Loaded externalizer org.infinispan.container.entries.metadata.MetadataTransientMortalCacheEntry$Externalizer for class org.infinispan.container.entries.metadata.MetadataTransientMortalCacheEntry with id 79 and reader index 79
14:05:34,657 TRACE (main:) [ExternalizerTable] Loaded externalizer org.infinispan.container.entries.metadata.MetadataImmortalCacheValue$Externalizer for class org.infinispan.container.entries.metadata.MetadataImmortalCacheValue with id 80 and reader index 80
14:05:34,658 TRACE (main:) [ExternalizerTable] Loaded externalizer org.infinispan.container.entries.metadata.MetadataMortalCacheValue$Externalizer for class org.infinispan.container.entries.metadata.MetadataMortalCacheValue with id 81 and reader index 81
14:05:34,659 TRACE (main:) [ExternalizerTable] Loaded externalizer org.infinispan.container.entries.metadata.MetadataTransientCacheValue$Externalizer for class org.infinispan.container.entries.metadata.MetadataTransientCacheValue with id 82 and reader index 82
14:05:34,660 TRACE (main:) [ExternalizerTable] Loaded externalizer org.infinispan.container.entries.metadata.MetadataTransientMortalCacheValue$Externalizer for class org.infinispan.container.entries.metadata.MetadataTransientMortalCacheValue with id 83 and reader index 83
14:05:34,660 TRACE (main:) [ExternalizerTable] Loaded externalizer org.infinispan.atomic.DeltaCompositeKey$DeltaCompositeKeyExternalizer for class org.infinispan.atomic.DeltaCompositeKey with id 97 and reader index 97
14:05:34,663 TRACE (main:) [ExternalizerTable] Loaded externalizer org.infinispan.atomic.AtomicHashMap$Externalizer for class org.infinispan.atomic.AtomicHashMap with id 20 and reader index 20
14:05:34,667 TRACE (main:) [ExternalizerTable] Loaded externalizer org.infinispan.atomic.AtomicHashMapDelta$Externalizer for class org.infinispan.atomic.AtomicHashMapDelta with id 46 and reader index 46
14:05:34,669 TRACE (main:) [ExternalizerTable] Loaded externalizer org.infinispan.atomic.PutOperation$Externalizer for class org.infinispan.atomic.PutOperation with id 47 and reader index 47
14:05:34,671 TRACE (main:) [ExternalizerTable] Loaded externalizer org.infinispan.atomic.RemoveOperation$Externalizer for class org.infinispan.atomic.RemoveOperation with id 48 and reader index 48
14:05:34,672 TRACE (main:) [ExternalizerTable] Loaded externalizer org.infinispan.atomic.ClearOperation$Externalizer for class org.infinispan.atomic.ClearOperation with id 49 and reader index 49
14:05:34,674 TRACE (main:) [ExternalizerTable] Loaded externalizer org.infinispan.remoting.transport.jgroups.JGroupsTopologyAwareAddress$Externalizer for class org.infinispan.remoting.transport.jgroups.JGroupsTopologyAwareAddress with id 60 and reader index 60
14:05:34,676 TRACE (main:) [ExternalizerTable] Loaded externalizer org.infinispan.transaction.xa.recovery.SerializableXid$XidExternalizer for class org.infinispan.transaction.xa.recovery.SerializableXid with id 66 and reader index 66
14:05:34,677 TRACE (main:) [ExternalizerTable] Loaded externalizer org.infinispan.transaction.xa.recovery.InDoubtTxInfoImpl$Externalizer for class org.infinispan.transaction.xa.recovery.InDoubtTxInfoImpl with id 70 and reader index 70
14:05:34,678 TRACE (main:) [ExternalizerTable] Loaded externalizer org.infinispan.commons.hash.MurmurHash2$Externalizer for class org.infinispan.commons.hash.MurmurHash2 with id 71 and reader index 71
14:05:34,689 TRACE (main:) [ExternalizerTable] Loaded externalizer org.infinispan.commons.hash.MurmurHash2Compat$Externalizer for class org.infinispan.commons.hash.MurmurHash2Compat with id 72 and reader index 72
14:05:34,690 TRACE (main:) [ExternalizerTable] Loaded externalizer org.infinispan.commons.hash.MurmurHash3$Externalizer for class org.infinispan.commons.hash.MurmurHash3 with id 73 and reader index 73
14:05:34,693 TRACE (main:) [ExternalizerTable] Loaded externalizer org.infinispan.distribution.ch.DefaultConsistentHash$Externalizer for class org.infinispan.distribution.ch.DefaultConsistentHash with id 51 and reader index 51
14:05:34,697 TRACE (main:) [ExternalizerTable] Loaded externalizer org.infinispan.distribution.ch.ReplicatedConsistentHash$Externalizer for class org.infinispan.distribution.ch.ReplicatedConsistentHash with id 52 and reader index 52
14:05:34,704 TRACE (main:) [ExternalizerTable] Loaded externalizer org.infinispan.distribution.ch.DefaultConsistentHashFactory$Externalizer for class org.infinispan.distribution.ch.DefaultConsistentHashFactory with id 91 and reader index 91
14:05:34,705 TRACE (main:) [ExternalizerTable] Loaded externalizer org.infinispan.distribution.ch.ReplicatedConsistentHashFactory$Externalizer for class org.infinispan.distribution.ch.ReplicatedConsistentHashFactory with id 92 and reader index 92
14:05:34,706 TRACE (main:) [ExternalizerTable] Loaded externalizer org.infinispan.distribution.ch.SyncConsistentHashFactory$Externalizer for class org.infinispan.distribution.ch.SyncConsistentHashFactory with id 93 and reader index 93
14:05:34,707 TRACE (main:) [ExternalizerTable] Loaded externalizer org.infinispan.distribution.ch.TopologyAwareConsistentHashFactory$Externalizer for class org.infinispan.distribution.ch.TopologyAwareConsistentHashFactory with id 94 and reader index 94
14:05:34,710 TRACE (main:) [ExternalizerTable] Loaded externalizer org.infinispan.distribution.ch.TopologyAwareSyncConsistentHashFactory$Externalizer for class org.infinispan.distribution.ch.TopologyAwareSyncConsistentHashFactory with id 95 and reader index 95
14:05:34,711 TRACE (main:) [ExternalizerTable] Loaded externalizer org.infinispan.topology.CacheTopology$Externalizer for class org.infinispan.topology.CacheTopology with id 75 and reader index 75
14:05:34,719 TRACE (main:) [ExternalizerTable] Loaded externalizer org.infinispan.topology.CacheJoinInfo$Externalizer for class org.infinispan.topology.CacheJoinInfo with id 87 and reader index 87
14:05:34,720 TRACE (main:) [ExternalizerTable] Loaded externalizer org.infinispan.statetransfer.TransactionInfo$Externalizer for class org.infinispan.statetransfer.TransactionInfo with id 84 and reader index 84
14:05:34,721 TRACE (main:) [ExternalizerTable] Loaded externalizer org.infinispan.statetransfer.StateChunk$Externalizer for class org.infinispan.statetransfer.StateChunk with id 86 and reader index 86
14:05:34,722 TRACE (main:) [ExternalizerTable] Loaded externalizer org.infinispan.context.Flag$Externalizer for class org.infinispan.context.Flag with id 85 and reader index 85
14:05:34,722 TRACE (main:) [ExternalizerTable] Loaded externalizer org.infinispan.commons.util.InfinispanCollections$EmptySet$EmptySetExternalizer for class org.infinispan.commons.util.InfinispanCollections$EmptySet with id 88 and reader index 88
14:05:34,722 TRACE (main:) [ExternalizerTable] Loaded externalizer org.infinispan.commons.util.InfinispanCollections$EmptyMap$EmptyMapExternalizer for class org.infinispan.commons.util.InfinispanCollections$EmptyMap with id 89 and reader index 89
14:05:34,723 TRACE (main:) [ExternalizerTable] Loaded externalizer org.infinispan.commons.util.InfinispanCollections$EmptyList$EmptyListExternalizer for class org.infinispan.commons.util.InfinispanCollections$EmptyList with id 90 and reader index 90
14:05:34,724 TRACE (main:) [ExternalizerTable] Loaded externalizer org.infinispan.metadata.EmbeddedMetadata$Externalizer for class org.infinispan.metadata.EmbeddedMetadata$EmbeddedExpirableMetadata with id 98 and reader index 98
14:05:34,724 TRACE (main:) [ExternalizerTable] Loaded externalizer org.infinispan.metadata.EmbeddedMetadata$Externalizer for class org.infinispan.metadata.EmbeddedMetadata with id 98 and reader index 98
14:05:34,725 TRACE (main:) [ExternalizerTable] Loaded externalizer org.infinispan.container.versioning.NumericVersion$Externalizer for class org.infinispan.container.versioning.NumericVersion with id 99 and reader index 99
14:05:34,725 TRACE (main:) [ExternalizerTable] Loaded externalizer org.infinispan.registry.ScopedKey$Externalizer for class org.infinispan.registry.ScopedKey with id 100 and reader index 100
14:05:34,726 TRACE (main:) [ExternalizerTable] Loaded externalizer org.infinispan.util.KeyValuePair$Externalizer for class org.infinispan.util.KeyValuePair with id 103 and reader index 103
14:05:34,727 TRACE (main:) [ExternalizerTable] Loaded externalizer org.infinispan.metadata.InternalMetadataImpl$Externalizer for class org.infinispan.metadata.InternalMetadataImpl with id 104 and reader index 104
14:05:34,728 TRACE (main:) [ExternalizerTable] Loaded externalizer org.infinispan.marshall.core.MarshalledEntryImpl$Externalizer for class org.infinispan.marshall.core.MarshalledEntryImpl with id 105 and reader index 105
14:05:34,729 TRACE (main:) [ExternalizerTable] Loaded externalizer org.infinispan.filter.KeyFilterAsKeyValueFilter$Externalizer for class org.infinispan.filter.KeyFilterAsKeyValueFilter with id 124 and reader index 124
14:05:34,730 TRACE (main:) [ExternalizerTable] Loaded externalizer org.infinispan.filter.KeyValueFilterAsKeyFilter$Externalizer for class org.infinispan.filter.KeyValueFilterAsKeyFilter with id 144 and reader index 144
14:05:34,732 TRACE (main:) [ExternalizerTable] Loaded externalizer org.infinispan.filter.CollectionKeyFilter$Externalizer for class org.infinispan.filter.CollectionKeyFilter with id 123 and reader index 123
14:05:34,735 TRACE (main:) [ExternalizerTable] Loaded externalizer org.infinispan.filter.CompositeKeyValueFilter$Externalizer for class org.infinispan.filter.CompositeKeyValueFilter with id 130 and reader index 130
14:05:34,736 TRACE (main:) [ExternalizerTable] Loaded externalizer org.infinispan.distexec.mapreduce.MapReduceManagerImpl$DeltaListExternalizer for class org.infinispan.distexec.mapreduce.MapReduceManagerImpl$DeltaList with id 131 and reader index 131
14:05:34,736 TRACE (main:) [ExternalizerTable] Loaded externalizer org.infinispan.distexec.mapreduce.MapReduceManagerImpl$DeltaAwareListExternalizer for class org.infinispan.distexec.mapreduce.MapReduceManagerImpl$DeltaAwareList with id 132 and reader index 132
14:05:34,738 TRACE (main:) [ExternalizerTable] Loaded externalizer org.infinispan.notifications.cachelistener.cluster.ClusterEvent$Externalizer for class org.infinispan.notifications.cachelistener.cluster.ClusterEvent with id 125 and reader index 125
14:05:34,739 TRACE (main:) [ExternalizerTable] Loaded externalizer org.infinispan.notifications.cachelistener.cluster.ClusterEventCallable$Externalizer for class org.infinispan.notifications.cachelistener.cluster.ClusterEventCallable with id 128 and reader index 128
14:05:34,740 TRACE (main:) [ExternalizerTable] Loaded externalizer org.infinispan.notifications.cachelistener.cluster.ClusterListenerRemoveCallable$Externalizer for class org.infinispan.notifications.cachelistener.cluster.ClusterListenerRemoveCallable with id 126 and reader index 126
14:05:34,742 TRACE (main:) [ExternalizerTable] Loaded externalizer org.infinispan.notifications.cachelistener.cluster.ClusterListenerReplicateCallable$Externalizer for class org.infinispan.notifications.cachelistener.cluster.ClusterListenerReplicateCallable with id 127 and reader index 127
14:05:34,744 TRACE (main:) [ExternalizerTable] Loaded externalizer org.infinispan.xsite.statetransfer.XSiteState$XSiteStateExternalizer for class org.infinispan.xsite.statetransfer.XSiteState with id 129 and reader index 129
14:05:34,745 TRACE (main:) [ExternalizerTable] Loaded externalizer org.infinispan.filter.CompositeKeyFilter$Externalizer for class org.infinispan.filter.CompositeKeyFilter with id 143 and reader index 143
14:05:34,745 TRACE (main:) [ExternalizerTable] Loaded externalizer org.infinispan.topology.CacheStatusResponse$Externalizer for class org.infinispan.topology.CacheStatusResponse with id 133 and reader index 133
14:05:34,746 TRACE (main:) [ExternalizerTable] Loaded externalizer org.infinispan.notifications.cachelistener.filter.CacheEventConverterAsConverter$Externalizer for class org.infinispan.notifications.cachelistener.filter.CacheEventConverterAsConverter with id 134 and reader index 134
14:05:34,746 TRACE (main:) [ExternalizerTable] Loaded externalizer org.infinispan.notifications.cachelistener.filter.CacheEventFilterAsKeyValueFilter$Externalizer for class org.infinispan.notifications.cachelistener.filter.CacheEventFilterAsKeyValueFilter with id 135 and reader index 135
14:05:34,747 TRACE (main:) [ExternalizerTable] Loaded externalizer org.infinispan.notifications.cachelistener.filter.CacheEventFilterConverterAsKeyValueFilterConverter$Externalizer for class org.infinispan.notifications.cachelistener.filter.CacheEventFilterConverterAsKeyValueFilterConverter with id 145 and reader index 145
14:05:34,748 TRACE (main:) [ExternalizerTable] Loaded externalizer org.infinispan.notifications.cachelistener.filter.ConverterAsCacheEventConverter$Externalizer for class org.infinispan.notifications.cachelistener.filter.ConverterAsCacheEventConverter with id 136 and reader index 136
14:05:34,749 TRACE (main:) [ExternalizerTable] Loaded externalizer org.infinispan.notifications.cachelistener.filter.KeyFilterAsCacheEventFilter$Externalizer for class org.infinispan.notifications.cachelistener.filter.KeyFilterAsCacheEventFilter with id 137 and reader index 137
14:05:34,751 TRACE (main:) [ExternalizerTable] Loaded externalizer org.infinispan.notifications.cachelistener.filter.KeyValueFilterAsCacheEventFilter$Externalizer for class org.infinispan.notifications.cachelistener.filter.KeyValueFilterAsCacheEventFilter with id 138 and reader index 138
14:05:34,752 TRACE (main:) [ExternalizerTable] Loaded externalizer org.infinispan.filter.NullValueConverter$Externalizer for class org.infinispan.filter.NullValueConverter with id 139 and reader index 139
14:05:34,753 TRACE (main:) [ExternalizerTable] Loaded externalizer org.infinispan.filter.AcceptAllKeyValueFilter$Externalizer for class org.infinispan.filter.AcceptAllKeyValueFilter with id 140 and reader index 140
14:05:34,753 TRACE (main:) [ExternalizerTable] Loaded externalizer org.infinispan.topology.ManagerStatusResponse$Externalizer for class org.infinispan.topology.ManagerStatusResponse with id 141 and reader index 141
14:05:34,753 TRACE (main:) [ExternalizerTable] Loading user defined externalizers
14:05:34,754 TRACE (main:) [ExternalizerTable] Constant object table was started and contains these externalizer readers: {0=org.infinispan.marshall.exts.ListExternalizer, 128=org.infinispan.notifications.cachelistener.cluster.ClusterEventCallable$Externalizer, 129=org.infinispan.xsite.statetransfer.XSiteState$XSiteStateExternalizer, 2=org.infinispan.marshall.exts.MapExternalizer, 130=org.infinispan.filter.CompositeKeyValueFilter$Externalizer, 3=org.infinispan.marshall.exts.SetExternalizer, 131=org.infinispan.distexec.mapreduce.MapReduceManagerImpl$DeltaListExternalizer, 4=org.infinispan.marshall.exts.SingletonListExternalizer, 132=org.infinispan.distexec.mapreduce.MapReduceManagerImpl$DeltaAwareListExternalizer, 5=org.infinispan.remoting.responses.SuccessfulResponse$Externalizer, 133=org.infinispan.topology.CacheStatusResponse$Externalizer, 134=org.infinispan.notifications.cachelistener.filter.CacheEventConverterAsConverter$Externalizer, 7=org.infinispan.remoting.responses.ExceptionResponse$Externalizer, 135=org.infinispan.notifications.cachelistener.filter.CacheEventFilterAsKeyValueFilter$Externalizer, 8=org.infinispan.remoting.responses.UnsuccessfulResponse$Externalizer, 136=org.infinispan.notifications.cachelistener.filter.ConverterAsCacheEventConverter$Externalizer, 137=org.infinispan.notifications.cachelistener.filter.KeyFilterAsCacheEventFilter$Externalizer, 10=org.infinispan.container.entries.ImmortalCacheEntry$Externalizer, 138=org.infinispan.notifications.cachelistener.filter.KeyValueFilterAsCacheEventFilter$Externalizer, 11=org.infinispan.container.entries.MortalCacheEntry$Externalizer, 139=org.infinispan.filter.NullValueConverter$Externalizer, 12=org.infinispan.container.entries.TransientCacheEntry$Externalizer, 140=org.infinispan.filter.AcceptAllKeyValueFilter$Externalizer, 13=org.infinispan.container.entries.TransientMortalCacheEntry$Externalizer, 141=org.infinispan.topology.ManagerStatusResponse$Externalizer, 14=org.infinispan.container.entries.ImmortalCacheValue$Externalizer, 15=org.infinispan.container.entries.MortalCacheValue$Externalizer, 143=org.infinispan.filter.CompositeKeyFilter$Externalizer, 16=org.infinispan.container.entries.TransientCacheValue$Externalizer, 144=org.infinispan.filter.KeyValueFilterAsKeyFilter$Externalizer, 17=org.infinispan.container.entries.TransientMortalCacheValue$Externalizer, 145=org.infinispan.notifications.cachelistener.filter.CacheEventFilterConverterAsKeyValueFilterConverter$Externalizer, 19=org.infinispan.commons.util.Immutables$ImmutableMapWrapperExternalizer, 20=org.infinispan.atomic.AtomicHashMap$Externalizer, 38=org.infinispan.transaction.xa.GlobalTransaction$Externalizer, 39=org.infinispan.remoting.transport.jgroups.JGroupsAddress$Externalizer, 40=org.infinispan.marshall.core.MarshalledValue$Externalizer, 43=org.infinispan.transaction.xa.DldGlobalTransaction$Externalizer, 46=org.infinispan.atomic.AtomicHashMapDelta$Externalizer, 47=org.infinispan.atomic.PutOperation$Externalizer, 48=org.infinispan.atomic.RemoveOperation$Externalizer, 49=org.infinispan.atomic.ClearOperation$Externalizer, 51=org.infinispan.distribution.ch.DefaultConsistentHash$Externalizer, 52=org.infinispan.distribution.ch.ReplicatedConsistentHash$Externalizer, 54=org.infinispan.remoting.responses.UnsureResponse$Externalizer, 60=org.infinispan.remoting.transport.jgroups.JGroupsTopologyAwareAddress$Externalizer, 62=org.infinispan.marshall.exts.ReplicableCommandExternalizer, 66=org.infinispan.transaction.xa.recovery.SerializableXid$XidExternalizer, 67=org.infinispan.transaction.xa.recovery.RecoveryAwareDldGlobalTransaction$Externalizer, 68=org.infinispan.transaction.xa.recovery.RecoveryAwareGlobalTransaction$Externalizer, 70=org.infinispan.transaction.xa.recovery.InDoubtTxInfoImpl$Externalizer, 71=org.infinispan.commons.hash.MurmurHash2$Externalizer, 72=org.infinispan.commons.hash.MurmurHash2Compat$Externalizer, 73=org.infinispan.commons.hash.MurmurHash3$Externalizer, 74=org.infinispan.marshall.exts.CacheRpcCommandExternalizer, 75=org.infinispan.topology.CacheTopology$Externalizer, 76=org.infinispan.container.entries.metadata.MetadataImmortalCacheEntry$Externalizer, 77=org.infinispan.container.entries.metadata.MetadataMortalCacheEntry$Externalizer, 78=org.infinispan.container.entries.metadata.MetadataTransientCacheEntry$Externalizer, 79=org.infinispan.container.entries.metadata.MetadataTransientMortalCacheEntry$Externalizer, 80=org.infinispan.container.entries.metadata.MetadataImmortalCacheValue$Externalizer, 81=org.infinispan.container.entries.metadata.MetadataMortalCacheValue$Externalizer, 82=org.infinispan.container.entries.metadata.MetadataTransientCacheValue$Externalizer, 83=org.infinispan.container.entries.metadata.MetadataTransientMortalCacheValue$Externalizer, 84=org.infinispan.statetransfer.TransactionInfo$Externalizer, 85=org.infinispan.context.Flag$Externalizer, 86=org.infinispan.statetransfer.StateChunk$Externalizer, 87=org.infinispan.topology.CacheJoinInfo$Externalizer, 88=org.infinispan.commons.util.InfinispanCollections$EmptySet$EmptySetExternalizer, 89=org.infinispan.commons.util.InfinispanCollections$EmptyMap$EmptyMapExternalizer, 90=org.infinispan.commons.util.InfinispanCollections$EmptyList$EmptyListExternalizer, 91=org.infinispan.distribution.ch.DefaultConsistentHashFactory$Externalizer, 92=org.infinispan.distribution.ch.ReplicatedConsistentHashFactory$Externalizer, 93=org.infinispan.distribution.ch.SyncConsistentHashFactory$Externalizer, 94=org.infinispan.distribution.ch.TopologyAwareConsistentHashFactory$Externalizer, 95=org.infinispan.distribution.ch.TopologyAwareSyncConsistentHashFactory$Externalizer, 96=org.infinispan.container.versioning.SimpleClusteredVersion$Externalizer, 97=org.infinispan.atomic.DeltaCompositeKey$DeltaCompositeKeyExternalizer, 98=org.infinispan.metadata.EmbeddedMetadata$Externalizer, 99=org.infinispan.container.versioning.NumericVersion$Externalizer, 100=org.infinispan.registry.ScopedKey$Externalizer, 102=org.infinispan.remoting.responses.CacheNotFoundResponse$Externalizer, 103=org.infinispan.util.KeyValuePair$Externalizer, 104=org.infinispan.metadata.InternalMetadataImpl$Externalizer, 105=org.infinispan.marshall.core.MarshalledEntryImpl$Externalizer, 106=org.infinispan.commons.io.ByteBufferImpl$Externalizer, 121=org.infinispan.marshall.exts.EnumSetExternalizer, 122=org.infinispan.marshall.exts.ArrayExternalizers$ListArray, 123=org.infinispan.filter.CollectionKeyFilter$Externalizer, 124=org.infinispan.filter.KeyFilterAsKeyValueFilter$Externalizer, 125=org.infinispan.notifications.cachelistener.cluster.ClusterEvent$Externalizer, 126=org.infinispan.notifications.cachelistener.cluster.ClusterListenerRemoveCallable$Externalizer, 127=org.infinispan.notifications.cachelistener.cluster.ClusterListenerReplicateCallable$Externalizer}
14:05:34,755 TRACE (main:) [ExternalizerTable] The externalizer writers collection contains: {class org.infinispan.commands.remote.MultipleRpcCommand=org.infinispan.marshall.exts.CacheRpcCommandExternalizer, class org.infinispan.commands.write.EvictCommand=org.infinispan.marshall.exts.ReplicableCommandExternalizer, class org.infinispan.iteration.EntryResponseCommand=org.infinispan.marshall.exts.CacheRpcCommandExternalizer, class org.infinispan.commands.control.LockControlCommand=org.infinispan.marshall.exts.CacheRpcCommandExternalizer, class org.infinispan.commons.hash.MurmurHash2Compat=org.infinispan.commons.hash.MurmurHash2Compat$Externalizer, class org.infinispan.xsite.XSiteAdminCommand=org.infinispan.marshall.exts.CacheRpcCommandExternalizer, class org.infinispan.atomic.RemoveOperation=org.infinispan.atomic.RemoveOperation$Externalizer, class org.infinispan.container.entries.TransientCacheEntry=org.infinispan.container.entries.TransientCacheEntry$Externalizer, class org.infinispan.distribution.ch.DefaultConsistentHashFactory=org.infinispan.distribution.ch.DefaultConsistentHashFactory$Externalizer, class org.infinispan.statetransfer.TransactionInfo=org.infinispan.statetransfer.TransactionInfo$Externalizer, class org.infinispan.commands.read.GetKeyValueCommand=org.infinispan.marshall.exts.ReplicableCommandExternalizer, class org.infinispan.atomic.ClearOperation=org.infinispan.atomic.ClearOperation$Externalizer, class org.infinispan.marshall.core.MarshalledEntryImpl=org.infinispan.marshall.core.MarshalledEntryImpl$Externalizer, class java.util.EnumSet=org.infinispan.marshall.exts.EnumSetExternalizer, class org.infinispan.xsite.SingleXSiteRpcCommand=org.infinispan.marshall.exts.CacheRpcCommandExternalizer, class org.infinispan.container.entries.metadata.MetadataTransientCacheValue=org.infinispan.container.entries.metadata.MetadataTransientCacheValue$Externalizer, class org.infinispan.commands.tx.PrepareCommand=org.infinispan.marshall.exts.CacheRpcCommandExternalizer, class org.infinispan.atomic.AtomicHashMap=org.infinispan.atomic.AtomicHashMap$Externalizer, class org.infinispan.commands.tx.VersionedCommitCommand=org.infinispan.marshall.exts.CacheRpcCommandExternalizer, class org.infinispan.filter.CompositeKeyFilter=org.infinispan.filter.CompositeKeyFilter$Externalizer, class org.infinispan.commands.tx.CommitCommand=org.infinispan.marshall.exts.CacheRpcCommandExternalizer, class org.infinispan.notifications.cachelistener.cluster.ClusterEvent=org.infinispan.notifications.cachelistener.cluster.ClusterEvent$Externalizer, class org.infinispan.commands.write.InvalidateCommand=org.infinispan.marshall.exts.ReplicableCommandExternalizer, class org.infinispan.remoting.transport.jgroups.JGroupsAddress=org.infinispan.remoting.transport.jgroups.JGroupsAddress$Externalizer, class org.infinispan.commands.RemoveCacheCommand=org.infinispan.marshall.exts.CacheRpcCommandExternalizer, class org.infinispan.registry.ScopedKey=org.infinispan.registry.ScopedKey$Externalizer, class org.infinispan.notifications.cachelistener.cluster.ClusterEventCallable=org.infinispan.notifications.cachelistener.cluster.ClusterEventCallable$Externalizer, class org.infinispan.commands.read.DistributedExecuteCommand=org.infinispan.marshall.exts.CacheRpcCommandExternalizer, class [Ljava.util.List;=org.infinispan.marshall.exts.ArrayExternalizers$ListArray, class org.infinispan.commands.tx.totalorder.TotalOrderVersionedCommitCommand=org.infinispan.marshall.exts.CacheRpcCommandExternalizer, class java.util.TreeMap=org.infinispan.marshall.exts.MapExternalizer, class org.infinispan.transaction.xa.recovery.RecoveryAwareGlobalTransaction=org.infinispan.transaction.xa.recovery.RecoveryAwareGlobalTransaction$Externalizer, class org.infinispan.commands.remote.SingleRpcCommand=org.infinispan.marshall.exts.CacheRpcCommandExternalizer, class org.infinispan.atomic.DeltaCompositeKey=org.infinispan.atomic.DeltaCompositeKey$DeltaCompositeKeyExternalizer, class org.infinispan.transaction.xa.DldGlobalTransaction=org.infinispan.transaction.xa.DldGlobalTransaction$Externalizer, class org.infinispan.container.entries.metadata.MetadataTransientCacheEntry=org.infinispan.container.entries.metadata.MetadataTransientCacheEntry$Externalizer, class org.infinispan.filter.NullValueConverter=org.infinispan.filter.NullValueConverter$Externalizer, class org.infinispan.container.entries.metadata.MetadataImmortalCacheValue=org.infinispan.container.entries.metadata.MetadataImmortalCacheValue$Externalizer, class org.infinispan.notifications.cachelistener.filter.CacheEventFilterAsKeyValueFilter=org.infinispan.notifications.cachelistener.filter.CacheEventFilterAsKeyValueFilter$Externalizer, class org.infinispan.topology.CacheStatusResponse=org.infinispan.topology.CacheStatusResponse$Externalizer, class org.infinispan.context.Flag=org.infinispan.context.Flag$Externalizer, class org.infinispan.container.entries.MortalCacheEntry=org.infinispan.container.entries.MortalCacheEntry$Externalizer, class org.infinispan.distribution.ch.TopologyAwareConsistentHashFactory=org.infinispan.distribution.ch.TopologyAwareConsistentHashFactory$Externalizer, class org.infinispan.commands.tx.RollbackCommand=org.infinispan.marshall.exts.CacheRpcCommandExternalizer, class org.infinispan.commands.write.RemoveCommand=org.infinispan.marshall.exts.ReplicableCommandExternalizer, class org.infinispan.remoting.responses.UnsureResponse=org.infinispan.remoting.responses.UnsureResponse$Externalizer, class org.infinispan.notifications.cachelistener.filter.CacheEventFilterConverterAsKeyValueFilterConverter=org.infinispan.notifications.cachelistener.filter.CacheEventFilterConverterAsKeyValueFilterConverter$Externalizer, class org.infinispan.commands.write.PutMapCommand=org.infinispan.marshall.exts.ReplicableCommandExternalizer, class org.infinispan.commands.remote.recovery.CompleteTransactionCommand=org.infinispan.marshall.exts.CacheRpcCommandExternalizer, class org.infinispan.container.entries.metadata.MetadataTransientMortalCacheEntry=org.infinispan.container.entries.metadata.MetadataTransientMortalCacheEntry$Externalizer, class org.infinispan.transaction.xa.recovery.SerializableXid=org.infinispan.transaction.xa.recovery.SerializableXid$XidExternalizer, class org.infinispan.metadata.EmbeddedMetadata=org.infinispan.metadata.EmbeddedMetadata$Externalizer, class java.util.Arrays$ArrayList=org.infinispan.marshall.exts.ListExternalizer, class org.infinispan.container.versioning.NumericVersion=org.infinispan.container.versioning.NumericVersion$Externalizer, class org.infinispan.commons.util.InfinispanCollections$EmptySet=org.infinispan.commons.util.InfinispanCollections$EmptySet$EmptySetExternalizer, class org.infinispan.container.entries.metadata.MetadataMortalCacheValue=org.infinispan.container.entries.metadata.MetadataMortalCacheValue$Externalizer, class org.infinispan.distribution.ch.TopologyAwareSyncConsistentHashFactory=org.infinispan.distribution.ch.TopologyAwareSyncConsistentHashFactory$Externalizer, class org.infinispan.filter.KeyFilterAsKeyValueFilter=org.infinispan.filter.KeyFilterAsKeyValueFilter$Externalizer, class org.infinispan.atomic.PutOperation=org.infinispan.atomic.PutOperation$Externalizer, class org.infinispan.commands.read.ReduceCommand=org.infinispan.marshall.exts.CacheRpcCommandExternalizer, class org.infinispan.remoting.responses.UnsuccessfulResponse=org.infinispan.remoting.responses.UnsuccessfulResponse$Externalizer, class org.infinispan.filter.KeyValueFilterAsKeyFilter=org.infinispan.filter.KeyValueFilterAsKeyFilter$Externalizer, class org.infinispan.commands.tx.totalorder.TotalOrderNonVersionedPrepareCommand=org.infinispan.marshall.exts.CacheRpcCommandExternalizer, class org.infinispan.distribution.ch.ReplicatedConsistentHashFactory=org.infinispan.distribution.ch.ReplicatedConsistentHashFactory$Externalizer, class org.infinispan.notifications.cachelistener.filter.CacheEventConverterAsConverter=org.infinispan.notifications.cachelistener.filter.CacheEventConverterAsConverter$Externalizer, class org.infinispan.distribution.ch.DefaultConsistentHash=org.infinispan.distribution.ch.DefaultConsistentHash$Externalizer, class org.infinispan.container.entries.TransientMortalCacheValue=org.infinispan.container.entries.TransientMortalCacheValue$Externalizer, class org.infinispan.topology.CacheTopology=org.infinispan.topology.CacheTopology$Externalizer, class org.infinispan.commands.read.MapCombineCommand=org.infinispan.marshall.exts.CacheRpcCommandExternalizer, class org.infinispan.statetransfer.StateChunk=org.infinispan.statetransfer.StateChunk$Externalizer, class org.infinispan.commands.remote.ClusteredGetCommand=org.infinispan.marshall.exts.CacheRpcCommandExternalizer, class org.infinispan.commands.remote.recovery.GetInDoubtTransactionsCommand=org.infinispan.marshall.exts.CacheRpcCommandExternalizer, class org.infinispan.notifications.cachelistener.cluster.ClusterListenerReplicateCallable=org.infinispan.notifications.cachelistener.cluster.ClusterListenerReplicateCallable$Externalizer, class org.infinispan.commons.util.InfinispanCollections$EmptyMap=org.infinispan.commons.util.InfinispanCollections$EmptyMap$EmptyMapExternalizer, class org.infinispan.commands.write.ClearCommand=org.infinispan.marshall.exts.ReplicableCommandExternalizer, class org.infinispan.topology.CacheTopologyControlCommand=org.infinispan.marshall.exts.ReplicableCommandExternalizer, class java.util.RegularEnumSet=org.infinispan.marshall.exts.EnumSetExternalizer, class org.infinispan.commands.tx.totalorder.TotalOrderVersionedPrepareCommand=org.infinispan.marshall.exts.CacheRpcCommandExternalizer, class org.infinispan.statetransfer.StateRequestCommand=org.infinispan.marshall.exts.CacheRpcCommandExternalizer, class org.infinispan.iteration.EntryRequestCommand=org.infinispan.marshall.exts.CacheRpcCommandExternalizer, class org.infinispan.marshall.core.MarshalledValue=org.infinispan.marshall.core.MarshalledValue$Externalizer, class org.infinispan.container.entries.TransientMortalCacheEntry=org.infinispan.container.entries.TransientMortalCacheEntry$Externalizer, class org.infinispan.filter.CollectionKeyFilter=org.infinispan.filter.CollectionKeyFilter$Externalizer, class org.infinispan.commands.CancelCommand=org.infinispan.marshall.exts.CacheRpcCommandExternalizer, class java.util.Collections$SingletonList=org.infinispan.marshall.exts.SingletonListExternalizer, class org.infinispan.commands.write.PutKeyValueCommand=org.infinispan.marshall.exts.ReplicableCommandExternalizer, class org.infinispan.transaction.xa.recovery.InDoubtTxInfoImpl=org.infinispan.transaction.xa.recovery.InDoubtTxInfoImpl$Externalizer, class org.infinispan.commands.tx.VersionedPrepareCommand=org.infinispan.marshall.exts.CacheRpcCommandExternalizer, class org.infinispan.transaction.xa.recovery.RecoveryAwareDldGlobalTransaction=org.infinispan.transaction.xa.recovery.RecoveryAwareDldGlobalTransaction$Externalizer, class org.infinispan.distexec.mapreduce.MapReduceManagerImpl$DeltaList=org.infinispan.distexec.mapreduce.MapReduceManagerImpl$DeltaListExternalizer, class org.infinispan.commands.CreateCacheCommand=org.infinispan.marshall.exts.CacheRpcCommandExternalizer, class org.infinispan.commons.equivalence.EquivalentHashMap=org.infinispan.marshall.exts.MapExternalizer, class org.infinispan.commands.tx.totalorder.TotalOrderRollbackCommand=org.infinispan.marshall.exts.CacheRpcCommandExternalizer, class org.infinispan.commands.write.ReplaceCommand=org.infinispan.marshall.exts.ReplicableCommandExternalizer, class org.infinispan.notifications.cachelistener.filter.KeyValueFilterAsCacheEventFilter=org.infinispan.notifications.cachelistener.filter.KeyValueFilterAsCacheEventFilter$Externalizer, class org.infinispan.commands.tx.totalorder.TotalOrderCommitCommand=org.infinispan.marshall.exts.CacheRpcCommandExternalizer, class org.infinispan.commands.write.InvalidateL1Command=org.infinispan.marshall.exts.ReplicableCommandExternalizer, class java.util.JumboEnumSet=org.infinispan.marshall.exts.EnumSetExternalizer, class org.infinispan.filter.AcceptAllKeyValueFilter=org.infinispan.filter.AcceptAllKeyValueFilter$Externalizer, class org.infinispan.commands.write.ApplyDeltaCommand=org.infinispan.marshall.exts.ReplicableCommandExternalizer, class java.util.LinkedList=org.infinispan.marshall.exts.ListExternalizer, class org.infinispan.remoting.responses.ExceptionResponse=org.infinispan.remoting.responses.ExceptionResponse$Externalizer, class org.infinispan.remoting.responses.CacheNotFoundResponse=org.infinispan.remoting.responses.CacheNotFoundResponse$Externalizer, class org.infinispan.container.entries.metadata.MetadataImmortalCacheEntry=org.infinispan.container.entries.metadata.MetadataImmortalCacheEntry$Externalizer, class org.infinispan.topology.CacheJoinInfo=org.infinispan.topology.CacheJoinInfo$Externalizer, class org.infinispan.atomic.AtomicHashMapDelta=org.infinispan.atomic.AtomicHashMapDelta$Externalizer, class org.infinispan.notifications.cachelistener.filter.KeyFilterAsCacheEventFilter=org.infinispan.notifications.cachelistener.filter.KeyFilterAsCacheEventFilter$Externalizer, class java.util.TreeSet=org.infinispan.marshall.exts.SetExternalizer, class org.infinispan.transaction.xa.GlobalTransaction=org.infinispan.transaction.xa.GlobalTransaction$Externalizer, class org.infinispan.container.entries.TransientCacheValue=org.infinispan.container.entries.TransientCacheValue$Externalizer, class org.infinispan.notifications.cachelistener.cluster.ClusterListenerRemoveCallable=org.infinispan.notifications.cachelistener.cluster.ClusterListenerRemoveCallable$Externalizer, class org.infinispan.commons.util.FastCopyHashMap=org.infinispan.marshall.exts.MapExternalizer, class org.infinispan.distexec.mapreduce.MapReduceManagerImpl$DeltaAwareList=org.infinispan.distexec.mapreduce.MapReduceManagerImpl$DeltaAwareListExternalizer, class java.util.HashSet=org.infinispan.marshall.exts.SetExternalizer, class org.infinispan.commons.hash.MurmurHash3=org.infinispan.commons.hash.MurmurHash3$Externalizer, class org.infinispan.container.entries.ImmortalCacheValue=org.infinispan.container.entries.ImmortalCacheValue$Externalizer, class org.infinispan.distribution.ch.ReplicatedConsistentHash=org.infinispan.distribution.ch.ReplicatedConsistentHash$Externalizer, class org.infinispan.container.entries.metadata.MetadataMortalCacheEntry=org.infinispan.container.entries.metadata.MetadataMortalCacheEntry$Externalizer, class org.infinispan.commands.remote.recovery.GetInDoubtTxInfoCommand=org.infinispan.marshall.exts.CacheRpcCommandExternalizer, class org.infinispan.remoting.transport.jgroups.JGroupsTopologyAwareAddress=org.infinispan.remoting.transport.jgroups.JGroupsTopologyAwareAddress$Externalizer, class org.infinispan.xsite.statetransfer.XSiteStatePushCommand=org.infinispan.marshall.exts.CacheRpcCommandExternalizer, class org.infinispan.util.KeyValuePair=org.infinispan.util.KeyValuePair$Externalizer, class org.infinispan.filter.CompositeKeyValueFilter=org.infinispan.filter.CompositeKeyValueFilter$Externalizer, class org.infinispan.container.entries.MortalCacheValue=org.infinispan.container.entries.MortalCacheValue$Externalizer, class org.infinispan.topology.ManagerStatusResponse=org.infinispan.topology.ManagerStatusResponse$Externalizer, class java.util.ArrayList=org.infinispan.marshall.exts.ListExternalizer, class org.infinispan.commons.hash.MurmurHash2=org.infinispan.commons.hash.MurmurHash2$Externalizer, class java.util.HashMap=org.infinispan.marshall.exts.MapExternalizer, class org.infinispan.remoting.responses.SuccessfulResponse=org.infinispan.remoting.responses.SuccessfulResponse$Externalizer, class org.infinispan.container.entries.metadata.MetadataTransientMortalCacheValue=org.infinispan.container.entries.metadata.MetadataTransientMortalCacheValue$Externalizer, class org.infinispan.notifications.cachelistener.filter.ConverterAsCacheEventConverter=org.infinispan.notifications.cachelistener.filter.ConverterAsCacheEventConverter$Externalizer, class org.infinispan.container.entries.ImmortalCacheEntry=org.infinispan.container.entries.ImmortalCacheEntry$Externalizer, class org.infinispan.xsite.statetransfer.XSiteStateTransferControlCommand=org.infinispan.marshall.exts.CacheRpcCommandExternalizer, class org.infinispan.commands.remote.recovery.TxCompletionNotificationCommand=org.infinispan.marshall.exts.CacheRpcCommandExternalizer, class org.infinispan.commons.util.Immutables$ImmutableMapWrapper=org.infinispan.commons.util.Immutables$ImmutableMapWrapperExternalizer, class org.infinispan.metadata.InternalMetadataImpl=org.infinispan.metadata.InternalMetadataImpl$Externalizer, class org.infinispan.statetransfer.StateResponseCommand=org.infinispan.marshall.exts.CacheRpcCommandExternalizer, class org.infinispan.metadata.EmbeddedMetadata$EmbeddedExpirableMetadata=org.infinispan.metadata.EmbeddedMetadata$Externalizer, class org.infinispan.distribution.ch.SyncConsistentHashFactory=org.infinispan.distribution.ch.SyncConsistentHashFactory$Externalizer, class org.infinispan.commons.io.ByteBufferImpl=org.infinispan.commons.io.ByteBufferImpl$Externalizer, class org.infinispan.xsite.statetransfer.XSiteState=org.infinispan.xsite.statetransfer.XSiteState$XSiteStateExternalizer, class org.infinispan.commons.util.InfinispanCollections$EmptyList=org.infinispan.commons.util.InfinispanCollections$EmptyList$EmptyListExternalizer, class org.infinispan.container.versioning.SimpleClusteredVersion=org.infinispan.container.versioning.SimpleClusteredVersion$Externalizer}
14:05:34,756 TRACE (main:) [GlobalComponentRegistry] Invoking start method public void org.infinispan.marshall.core.GlobalMarshaller.start() on component org.infinispan.marshaller.global
14:05:34,784 TRACE (main:) [AbstractJBossMarshaller] Initialized proxy org.infinispan.marshall.core.JBossMarshaller$ExternalizerTableProxy@1ea9f6af with table org.infinispan.marshall.core.ExternalizerTable@2b9627bc
14:05:34,788 TRACE (main:) [GlobalComponentRegistry] Invoking start method public void org.infinispan.notifications.AbstractListenerImpl.start() on component org.infinispan.notifications.cachemanagerlistener.CacheManagerNotifier
14:05:34,788 TRACE (main:) [GlobalComponentRegistry] Invoking start method public void org.infinispan.xsite.BackupReceiverRepositoryImpl.start() on component org.infinispan.xsite.BackupReceiverRepository
14:05:34,810 TRACE (main:) [GlobalComponentRegistry] Invoking start method public void org.infinispan.remoting.transport.jgroups.JGroupsTransport.start() on component org.infinispan.remoting.transport.Transport
14:05:34,811 INFO  (main:) [JGroupsTransport] ISPN000078: Starting JGroups Channel
14:05:35,081 WARN  (main:) [Configurator] JGRP000014: TP.loopback has been deprecated: enabled by default
14:05:35,086 WARN  (main:) [Configurator] JGRP000014: TP.enable_bundling has been deprecated: will be ignored as bundling is on by default
14:05:35,095 WARN  (main:) [Configurator] JGRP000014: Discovery.timeout has been deprecated: GMS.join_timeout should be used instead
14:05:35,095 WARN  (main:) [Configurator] JGRP000014: Discovery.num_initial_members has been deprecated: will be ignored
14:05:35,704 TRACE (main:) [CommandAwareRpcDispatcher] setting local_addr (null) to Venus-MBP-32102
14:05:35,732 WARN  (main:) [UDP] JGRP000046: bundler_type=old has been removed; using sender-sends-with-timer
14:05:35,743 WARN  (main:) [UDP] JGRP000034: Venus-MBP-32102: failure sending message to /ff0e:0:0:0:0:0:e406:708: java.io.IOException: No route to host
14:05:38,751 DEBUG (main:) [JGroupsTransport] New view accepted: [Venus-MBP-32102|0] (1) [Venus-MBP-32102]
14:05:38,751 INFO  (main:) [JGroupsTransport] ISPN000094: Received new cluster view: [Venus-MBP-32102|0] (1) [Venus-MBP-32102]
14:05:38,755 INFO  (main:) [JGroupsTransport] ISPN000079: Cache local address is Venus-MBP-32102, physical addresses are [fe80:0:0:0:80d3:fbff:1596:f96f%10:54942]
14:05:38,755 TRACE (main:) [JGroupsTransport] Waiting on view 0 being accepted
14:05:38,755 TRACE (main:) [GlobalComponentRegistry] Invoking start method public void org.infinispan.topology.ClusterTopologyManagerImpl.start() on component org.infinispan.topology.ClusterTopologyManager
14:05:38,758 TRACE (main:) [ClusterTopologyManagerImpl] Received new cluster view: 0, isCoordinator = true, becameCoordinator = false
14:05:38,758 TRACE (main:) [ClusterTopologyManagerImpl] Updating cluster members for all the caches. New list is [Venus-MBP-32102]
14:05:38,761 TRACE (asyncTransportThread-0:) [JGroupsTransport] dests=null, command=CacheTopologyControlCommand{cache=null, type=POLICY_GET_STATUS, sender=Venus-MBP-32102, joinInfo=null, topologyId=0, rebalanceId=0, currentCH=null, pendingCH=null, availabilityMode=null, actualMembers=null, throwable=null, viewId=-1}, mode=SYNCHRONOUS, timeout=240000
14:05:38,761 TRACE (main:) [GlobalComponentRegistry] Injecting dependencies for method [public void org.infinispan.topology.CacheTopologyControlCommand.init(org.infinispan.topology.LocalTopologyManager,org.infinispan.topology.ClusterTopologyManager)] on an instance of [org.infinispan.topology.CacheTopologyControlCommand].
14:05:38,762 TRACE (main:) [ClusterTopologyManagerImpl] Attempting to execute command on self: CacheTopologyControlCommand{cache=null, type=POLICY_GET_STATUS, sender=Venus-MBP-32102, joinInfo=null, topologyId=0, rebalanceId=0, currentCH=null, pendingCH=null, availabilityMode=null, actualMembers=null, throwable=null, viewId=-1}
14:05:38,762 TRACE (main:) [GlobalComponentRegistry] Invoking start method public void org.infinispan.topology.LocalTopologyManagerImpl.start() on component org.infinispan.topology.LocalTopologyManager
14:05:38,763 TRACE (main:) [LocalTopologyManagerImpl] Starting LocalTopologyManager on Venus-MBP-32102
14:05:38,763 TRACE (main:) [GlobalComponentRegistry] Not registering a shutdown hook.  Configured behavior = DEFAULT
14:05:38,763 INFO  (main:) [GlobalComponentRegistry] ISPN000128: Infinispan version: Infinispan 'Infinium' 6.2.1.Final-redhat-2
14:05:38,763 TRACE (main:) [DefaultCacheManager] About to wire and start cache repl
14:05:38,773 TRACE (main:) [ComponentRegistry] Injecting dependencies for method [public void org.infinispan.factories.ComponentRegistry.setCacheManagerNotifier(org.infinispan.notifications.cachemanagerlistener.CacheManagerNotifier)] on an instance of [org.infinispan.factories.ComponentRegistry].
14:05:38,773 TRACE (main:) [ComponentRegistry] Get or create global component interface org.infinispan.notifications.cachemanagerlistener.CacheManagerNotifier
14:05:38,773 TRACE (main:) [ComponentRegistry] Registering component Component{instance=org.infinispan.factories.ComponentRegistry@67f639d3, name=org.infinispan.factories.ComponentRegistry} under name org.infinispan.factories.ComponentRegistry
14:05:38,774 TRACE (main:) [ComponentRegistry] Registering component Component{instance=Configuration{classLoader=java.lang.ref.WeakReference@6253c26, clustering=ClusteringConfiguration{async=AsyncConfiguration{asyncMarshalling=false, replicationQueue=null, replicationQueueInterval=5000, replicationQueueMaxElements=1000, useReplicationQueue=false}, cacheMode=REPL_SYNC, hash=HashConfiguration{consistentHashFactory=null, hash=MurmurHash3, numOwners=2, numSegments=60, groupsConfiguration=GroupsConfiguration{enabled=false, groupers=[]}, stateTransferConfiguration=StateTransferConfiguration{chunkSize=512, fetchInMemoryState=true, originalFetchInMemoryState=null, timeout=240000, awaitInitialTransfer=true, originalAwaitInitialTransfer=null}}, l1=L1Configuration{enabled=false, invalidationThreshold=0, lifespan=600000, onRehash=false, cleanupTaskFrequency=60000}, stateTransfer=StateTransferConfiguration{chunkSize=512, fetchInMemoryState=true, originalFetchInMemoryState=null, timeout=240000, awaitInitialTransfer=true, originalAwaitInitialTransfer=null}, sync=SyncConfiguration{replTimeout=15000}}, customInterceptors=CustomInterceptorsConfiguration{interceptors=[]}, dataContainer=DataContainerConfiguration{dataContainer=null, keyEquivalence=org.infinispan.commons.equivalence.AnyEquivalence@49049a04, valueEquivalence=org.infinispan.commons.equivalence.AnyEquivalence@49049a04}, deadlockDetection=DeadlockDetectionConfiguration{enabled=false, spinDuration=100}, eviction=EvictionConfiguration{maxEntries=-1, strategy=NONE, threadPolicy=DEFAULT}, expiration=ExpirationConfiguration{lifespan=-1, maxIdle=-1, reaperEnabled=true, wakeUpInterval=60000}, indexing=IndexingConfiguration{enabled=false, indexLocalOnly=false}, invocationBatching=InvocationBatchingConfiguration{enabled=false}, jmxStatistics=JMXStatisticsConfiguration{enabled=false}, persistence=PersistenceConfiguration{persistence=[], passivation=false}, locking=LockingConfiguration{concurrencyLevel=32, isolationLevel=READ_COMMITTED, lockAcquisitionTimeout=10000, useLockStriping=false, writeSkewCheck=false}, modules={}, security=SecurityConfiguration [authorization=AuthorizationConfiguration [enabled=false, roles=[]]], storeAsBinary=StoreAsBinaryConfiguration{enabled=false, storeKeysAsBinary=true, storeValuesAsBinary=true}, transaction=TransactionConfiguration{autoCommit=true, cacheStopTimeout=30000, eagerLockingSingleNode=false, lockingMode=OPTIMISTIC, syncCommitPhase=true, syncRollbackPhase=true, transactionManagerLookup=org.infinispan.transaction.lookup.GenericTransactionManagerLookup@71a8adcf, transactionSynchronizationRegistryLookup=null, transactionMode=NON_TRANSACTIONAL, useEagerLocking=false, useSynchronization=false, recovery=RecoveryConfiguration{enabled=false, recoveryInfoCacheName='__recoveryInfoCacheName__'}, reaperWakeUpInterval=30000, completedTxTimeout=60000, use1PcForAutoCommitTransactions=false}, versioning=VersioningConfiguration{enabled=false, scheme=NONE}, unsafe=UnsafeConfiguration{unreliableReturnValues=false}, sites=SiteConfiguration{allBackups=[], backupFor=BackupForConfiguration{remoteCache='null', remoteSite='null'}, disableBackups=false, inUseBackupSites=[]}, compatibility=CompatibilityModeConfiguration{enabled=false, marshaller=null}}, name=org.infinispan.configuration.cache.Configuration} under name org.infinispan.configuration.cache.Configuration
14:05:38,774 TRACE (main:) [ComponentRegistry] Injecting dependencies for method [private void org.infinispan.factories.AbstractNamedCacheComponentFactory.injectGlobalDependencies(org.infinispan.configuration.cache.Configuration,org.infinispan.factories.ComponentRegistry)] on an instance of [org.infinispan.factories.BootstrapFactory].
14:05:38,775 TRACE (main:) [ComponentRegistry] Get or create local component class org.infinispan.configuration.cache.Configuration
14:05:38,775 TRACE (main:) [ComponentRegistry] Looking up local component org.infinispan.configuration.cache.Configuration
14:05:38,775 TRACE (main:) [ComponentRegistry] Get or create local component class org.infinispan.factories.ComponentRegistry
14:05:38,775 TRACE (main:) [ComponentRegistry] Looking up local component org.infinispan.factories.ComponentRegistry
14:05:38,775 TRACE (main:) [ComponentRegistry] Injecting dependencies for method [private void org.infinispan.factories.AbstractComponentFactory.injectGlobalDependencies(org.infinispan.configuration.global.GlobalConfiguration,org.infinispan.factories.GlobalComponentRegistry)] on an instance of [org.infinispan.factories.BootstrapFactory].
14:05:38,775 TRACE (main:) [ComponentRegistry] Get or create global component class org.infinispan.configuration.global.GlobalConfiguration
14:05:38,775 TRACE (main:) [ComponentRegistry] Get or create global component class org.infinispan.factories.GlobalComponentRegistry
14:05:38,775 TRACE (main:) [ComponentRegistry] Registering component Component{instance=org.infinispan.factories.BootstrapFactory@47e2e487, name=org.infinispan.factories.BootstrapFactory} under name org.infinispan.factories.BootstrapFactory
14:05:38,775 TRACE (main:) [ComponentRegistry] Registering component Component{instance={}, name=org.infinispan.modules.command.initializers} under name org.infinispan.modules.command.initializers
14:05:38,783 TRACE (main:) [ComponentRegistry] Injecting dependencies for method [public void org.infinispan.CacheImpl.injectDependencies(org.infinispan.eviction.EvictionManager,org.infinispan.context.InvocationContextFactory,org.infinispan.context.InvocationContextContainer,org.infinispan.commands.CommandsFactory,org.infinispan.interceptors.InterceptorChain,org.infinispan.configuration.cache.Configuration,org.infinispan.notifications.cachelistener.CacheNotifier,org.infinispan.factories.ComponentRegistry,javax.transaction.TransactionManager,org.infinispan.batch.BatchContainer,org.infinispan.remoting.rpc.RpcManager,org.infinispan.container.DataContainer,org.infinispan.commons.marshall.StreamingMarshaller,org.infinispan.distribution.DistributionManager,org.infinispan.manager.EmbeddedCacheManager,java.util.concurrent.ExecutorService,org.infinispan.transaction.TransactionTable,org.infinispan.transaction.xa.recovery.RecoveryManager,org.infinispan.transaction.TransactionCoordinator,org.infinispan.util.concurrent.locks.LockManager,org.infinispan.security.AuthorizationManager,org.infinispan.configuration.global.GlobalConfiguration,org.infinispan.iteration.EntryRetriever,org.infinispan.partionhandling.impl.PartitionHandlingManager,org.infinispan.topology.LocalTopologyManager)] on an instance of [org.infinispan.CacheImpl].
14:05:38,783 TRACE (main:) [ComponentRegistry] Get or create local component interface org.infinispan.eviction.EvictionManager
14:05:38,783 TRACE (main:) [ComponentRegistry] Looking up local component org.infinispan.eviction.EvictionManager
14:05:38,783 TRACE (main:) [ComponentRegistry] Looking up local factory for component interface org.infinispan.eviction.EvictionManager
14:05:38,783 TRACE (main:) [ComponentRegistry] Looking up factory for class interface org.infinispan.eviction.EvictionManager
14:05:38,783 TRACE (main:) [ComponentRegistry] Looking up local component org.infinispan.factories.EmptyConstructorNamedCacheFactory
14:05:38,783 TRACE (main:) [ComponentRegistry] Looking up local component org.infinispan.factories.EmptyConstructorNamedCacheFactory
14:05:38,783 TRACE (main:) [ComponentRegistry] Creating factory org.infinispan.factories.EmptyConstructorNamedCacheFactory for component interface org.infinispan.eviction.EvictionManager
14:05:38,784 TRACE (main:) [ComponentRegistry] Injecting dependencies for method [private void org.infinispan.factories.AbstractNamedCacheComponentFactory.injectGlobalDependencies(org.infinispan.configuration.cache.Configuration,org.infinispan.factories.ComponentRegistry)] on an instance of [org.infinispan.factories.EmptyConstructorNamedCacheFactory].
14:05:38,784 TRACE (main:) [ComponentRegistry] Get or create local component class org.infinispan.configuration.cache.Configuration
14:05:38,784 TRACE (main:) [ComponentRegistry] Looking up local component org.infinispan.configuration.cache.Configuration
14:05:38,784 TRACE (main:) [ComponentRegistry] Get or create local component class org.infinispan.factories.ComponentRegistry
14:05:38,784 TRACE (main:) [ComponentRegistry] Looking up local component org.infinispan.factories.ComponentRegistry
14:05:38,784 TRACE (main:) [ComponentRegistry] Injecting dependencies for method [private void org.infinispan.factories.AbstractComponentFactory.injectGlobalDependencies(org.infinispan.configuration.global.GlobalConfiguration,org.infinispan.factories.GlobalComponentRegistry)] on an instance of [org.infinispan.factories.EmptyConstructorNamedCacheFactory].
14:05:38,784 TRACE (main:) [ComponentRegistry] Get or create global component class org.infinispan.configuration.global.GlobalConfiguration
14:05:38,784 TRACE (main:) [ComponentRegistry] Get or create global component class org.infinispan.factories.GlobalComponentRegistry
14:05:38,784 TRACE (main:) [ComponentRegistry] Registering component Component{instance=org.infinispan.factories.EmptyConstructorNamedCacheFactory@2e3967ea, name=org.infinispan.factories.EmptyConstructorNamedCacheFactory} under name org.infinispan.factories.EmptyConstructorNamedCacheFactory
14:05:38,784 TRACE (main:) [ComponentRegistry] Looking up local component org.infinispan.factories.EmptyConstructorNamedCacheFactory
14:05:38,784 TRACE (main:) [ComponentRegistry] Creating component org.infinispan.eviction.EvictionManager with factory class org.infinispan.factories.EmptyConstructorNamedCacheFactory
14:05:38,786 TRACE (main:) [ComponentRegistry] Injecting dependencies for method [public void org.infinispan.eviction.EvictionManagerImpl.initialize(java.util.concurrent.ScheduledExecutorService,org.infinispan.Cache,org.infinispan.configuration.cache.Configuration,org.infinispan.container.DataContainer,org.infinispan.persistence.manager.PersistenceManager,org.infinispan.notifications.cachelistener.CacheNotifier,org.infinispan.util.TimeService)] on an instance of [org.infinispan.eviction.EvictionManagerImpl].
14:05:38,786 TRACE (main:) [ComponentRegistry] Get or create local component interface java.util.concurrent.ScheduledExecutorService
14:05:38,786 TRACE (main:) [ComponentRegistry] Looking up local component java.util.concurrent.ScheduledExecutorService
14:05:38,786 TRACE (main:) [ComponentRegistry] Looking up global factory for component interface java.util.concurrent.ScheduledExecutorService
14:05:38,786 TRACE (main:) [GlobalComponentRegistry] Looking up factory for class interface java.util.concurrent.ScheduledExecutorService
14:05:38,786 TRACE (main:) [ComponentRegistry] Creating component org.infinispan.executors.eviction with factory class org.infinispan.factories.NamedExecutorsFactory
14:05:38,787 TRACE (main:) [ComponentRegistry] Registering component Component{instance=org.infinispan.executors.LazyInitializingScheduledExecutorService@4d154ccd, name=org.infinispan.executors.eviction} under name org.infinispan.executors.eviction
14:05:38,787 TRACE (main:) [ComponentRegistry] Get or create local component interface org.infinispan.Cache
14:05:38,787 TRACE (main:) [ComponentRegistry] Looking up local component org.infinispan.Cache
14:05:38,787 TRACE (main:) [ComponentRegistry] Get or create local component class org.infinispan.configuration.cache.Configuration
14:05:38,787 TRACE (main:) [ComponentRegistry] Looking up local component org.infinispan.configuration.cache.Configuration
14:05:38,787 TRACE (main:) [ComponentRegistry] Get or create local component interface org.infinispan.container.DataContainer
14:05:38,787 TRACE (main:) [ComponentRegistry] Looking up local component org.infinispan.container.DataContainer
14:05:38,787 TRACE (main:) [ComponentRegistry] Looking up local factory for component interface org.infinispan.container.DataContainer
14:05:38,787 TRACE (main:) [ComponentRegistry] Looking up factory for class interface org.infinispan.container.DataContainer
14:05:38,787 TRACE (main:) [ComponentRegistry] Looking up local component org.infinispan.factories.DataContainerFactory
14:05:38,787 TRACE (main:) [ComponentRegistry] Looking up local component org.infinispan.factories.DataContainerFactory
14:05:38,787 TRACE (main:) [ComponentRegistry] Creating factory org.infinispan.factories.DataContainerFactory for component interface org.infinispan.container.DataContainer
14:05:38,787 TRACE (main:) [ComponentRegistry] Injecting dependencies for method [private void org.infinispan.factories.AbstractNamedCacheComponentFactory.injectGlobalDependencies(org.infinispan.configuration.cache.Configuration,org.infinispan.factories.ComponentRegistry)] on an instance of [org.infinispan.factories.DataContainerFactory].
14:05:38,788 TRACE (main:) [ComponentRegistry] Get or create local component class org.infinispan.configuration.cache.Configuration
14:05:38,788 TRACE (main:) [ComponentRegistry] Looking up local component org.infinispan.configuration.cache.Configuration
14:05:38,788 TRACE (main:) [ComponentRegistry] Get or create local component class org.infinispan.factories.ComponentRegistry
14:05:38,788 TRACE (main:) [ComponentRegistry] Looking up local component org.infinispan.factories.ComponentRegistry
14:05:38,788 TRACE (main:) [ComponentRegistry] Injecting dependencies for method [private void org.infinispan.factories.AbstractComponentFactory.injectGlobalDependencies(org.infinispan.configuration.global.GlobalConfiguration,org.infinispan.factories.GlobalComponentRegistry)] on an instance of [org.infinispan.factories.DataContainerFactory].
14:05:38,788 TRACE (main:) [ComponentRegistry] Get or create global component class org.infinispan.configuration.global.GlobalConfiguration
14:05:38,788 TRACE (main:) [ComponentRegistry] Get or create global component class org.infinispan.factories.GlobalComponentRegistry
14:05:38,788 TRACE (main:) [ComponentRegistry] Registering component Component{instance=org.infinispan.factories.DataContainerFactory@791f145a, name=org.infinispan.factories.DataContainerFactory} under name org.infinispan.factories.DataContainerFactory
14:05:38,788 TRACE (main:) [ComponentRegistry] Looking up local component org.infinispan.factories.DataContainerFactory
14:05:38,788 TRACE (main:) [ComponentRegistry] Creating component org.infinispan.container.DataContainer with factory class org.infinispan.factories.DataContainerFactory
14:05:38,799 TRACE (main:) [ComponentRegistry] Injecting dependencies for method [public void org.infinispan.container.DefaultDataContainer.initialize(org.infinispan.eviction.EvictionManager,org.infinispan.eviction.PassivationManager,org.infinispan.container.InternalEntryFactory,org.infinispan.eviction.ActivationManager,org.infinispan.persistence.manager.PersistenceManager,org.infinispan.util.TimeService)] on an instance of [org.infinispan.container.DefaultDataContainer].
14:05:38,799 TRACE (main:) [ComponentRegistry] Get or create local component interface org.infinispan.eviction.EvictionManager
14:05:38,799 TRACE (main:) [ComponentRegistry] Looking up local component org.infinispan.eviction.EvictionManager
14:05:38,799 TRACE (main:) [ComponentRegistry] Get or create local component interface org.infinispan.eviction.PassivationManager
14:05:38,799 TRACE (main:) [ComponentRegistry] Looking up local component org.infinispan.eviction.PassivationManager
14:05:38,799 TRACE (main:) [ComponentRegistry] Looking up local factory for component interface org.infinispan.eviction.PassivationManager
14:05:38,799 TRACE (main:) [ComponentRegistry] Looking up factory for class interface org.infinispan.eviction.PassivationManager
14:05:38,799 TRACE (main:) [ComponentRegistry] Looking up local component org.infinispan.factories.EmptyConstructorNamedCacheFactory
14:05:38,799 TRACE (main:) [ComponentRegistry] Looking up local component org.infinispan.factories.EmptyConstructorNamedCacheFactory
14:05:38,800 TRACE (main:) [ComponentRegistry] Creating component org.infinispan.eviction.PassivationManager with factory class org.infinispan.factories.EmptyConstructorNamedCacheFactory
14:05:38,800 TRACE (main:) [ComponentRegistry] Injecting dependencies for method [public void org.infinispan.eviction.PassivationManagerImpl.inject(org.infinispan.persistence.manager.PersistenceManager,org.infinispan.notifications.cachelistener.CacheNotifier,org.infinispan.configuration.cache.Configuration,org.infinispan.container.DataContainer,org.infinispan.util.TimeService,org.infinispan.marshall.core.MarshalledEntryFactory)] on an instance of [org.infinispan.eviction.PassivationManagerImpl].
14:05:38,801 TRACE (main:) [ComponentRegistry] Get or create local component interface org.infinispan.persistence.manager.PersistenceManager
14:05:38,801 TRACE (main:) [ComponentRegistry] Looking up local component org.infinispan.persistence.manager.PersistenceManager
14:05:38,801 TRACE (main:) [ComponentRegistry] Looking up local factory for component interface org.infinispan.persistence.manager.PersistenceManager
14:05:38,801 TRACE (main:) [ComponentRegistry] Looking up factory for class interface org.infinispan.persistence.manager.PersistenceManager
14:05:38,801 TRACE (main:) [ComponentRegistry] Looking up local component org.infinispan.factories.EmptyConstructorNamedCacheFactory
14:05:38,801 TRACE (main:) [ComponentRegistry] Looking up local component org.infinispan.factories.EmptyConstructorNamedCacheFactory
14:05:38,801 TRACE (main:) [ComponentRegistry] Creating component org.infinispan.persistence.manager.PersistenceManager with factory class org.infinispan.factories.EmptyConstructorNamedCacheFactory
14:05:38,806 TRACE (main:) [ComponentRegistry] Injecting dependencies for method [public void org.infinispan.persistence.manager.PersistenceManagerImpl.inject(org.infinispan.AdvancedCache,org.infinispan.commons.marshall.StreamingMarshaller,org.infinispan.configuration.cache.Configuration,javax.transaction.TransactionManager,org.infinispan.util.TimeService,java.util.concurrent.ExecutorService,org.infinispan.commons.io.ByteBufferFactory,org.infinispan.marshall.core.MarshalledEntryFactory)] on an instance of [org.infinispan.persistence.manager.PersistenceManagerImpl].
14:05:38,806 TRACE (main:) [ComponentRegistry] Get or create local component interface org.infinispan.AdvancedCache
14:05:38,806 TRACE (main:) [ComponentRegistry] Looking up local component org.infinispan.AdvancedCache
14:05:38,806 TRACE (main:) [ComponentRegistry] Looking up local factory for component interface org.infinispan.AdvancedCache
14:05:38,806 TRACE (main:) [ComponentRegistry] Looking up factory for class interface org.infinispan.AdvancedCache
14:05:38,806 TRACE (main:) [ComponentRegistry] Looking up local component org.infinispan.factories.BootstrapFactory
14:05:38,806 TRACE (main:) [ComponentRegistry] Looking up local component org.infinispan.factories.BootstrapFactory
14:05:38,806 TRACE (main:) [ComponentRegistry] Creating component org.infinispan.AdvancedCache with factory class org.infinispan.factories.BootstrapFactory
14:05:38,806 TRACE (main:) [ComponentRegistry] Injecting dependencies for method [public void org.infinispan.CacheImpl.injectDependencies(org.infinispan.eviction.EvictionManager,org.infinispan.context.InvocationContextFactory,org.infinispan.context.InvocationContextContainer,org.infinispan.commands.CommandsFactory,org.infinispan.interceptors.InterceptorChain,org.infinispan.configuration.cache.Configuration,org.infinispan.notifications.cachelistener.CacheNotifier,org.infinispan.factories.ComponentRegistry,javax.transaction.TransactionManager,org.infinispan.batch.BatchContainer,org.infinispan.remoting.rpc.RpcManager,org.infinispan.container.DataContainer,org.infinispan.commons.marshall.StreamingMarshaller,org.infinispan.distribution.DistributionManager,org.infinispan.manager.EmbeddedCacheManager,java.util.concurrent.ExecutorService,org.infinispan.transaction.TransactionTable,org.infinispan.transaction.xa.recovery.RecoveryManager,org.infinispan.transaction.TransactionCoordinator,org.infinispan.util.concurrent.locks.LockManager,org.infinispan.security.AuthorizationManager,org.infinispan.configuration.global.GlobalConfiguration,org.infinispan.iteration.EntryRetriever,org.infinispan.partionhandling.impl.PartitionHandlingManager,org.infinispan.topology.LocalTopologyManager)] on an instance of [org.infinispan.CacheImpl].
14:05:38,806 TRACE (main:) [ComponentRegistry] Get or create local component interface org.infinispan.eviction.EvictionManager
14:05:38,806 TRACE (main:) [ComponentRegistry] Looking up local component org.infinispan.eviction.EvictionManager
14:05:38,806 TRACE (main:) [ComponentRegistry] Get or create local component interface org.infinispan.context.InvocationContextFactory
14:05:38,806 TRACE (main:) [ComponentRegistry] Looking up local component org.infinispan.context.InvocationContextFactory
14:05:38,806 TRACE (main:) [ComponentRegistry] Looking up local factory for component interface org.infinispan.context.InvocationContextFactory
14:05:38,806 TRACE (main:) [ComponentRegistry] Looking up factory for class interface org.infinispan.context.InvocationContextFactory
14:05:38,806 TRACE (main:) [ComponentRegistry] Looking up local component org.infinispan.factories.EmptyConstructorNamedCacheFactory
14:05:38,806 TRACE (main:) [ComponentRegistry] Looking up local component org.infinispan.factories.EmptyConstructorNamedCacheFactory
14:05:38,806 TRACE (main:) [ComponentRegistry] Creating component org.infinispan.context.InvocationContextFactory with factory class org.infinispan.factories.EmptyConstructorNamedCacheFactory
14:05:38,809 TRACE (main:) [ComponentRegistry] Injecting dependencies for method [public void org.infinispan.context.NonTransactionalInvocationContextFactory.init(org.infinispan.configuration.cache.Configuration)] on an instance of [org.infinispan.context.NonTransactionalInvocationContextFactory].
14:05:38,810 TRACE (main:) [ComponentRegistry] Get or create local component class org.infinispan.configuration.cache.Configuration
14:05:38,810 TRACE (main:) [ComponentRegistry] Looking up local component org.infinispan.configuration.cache.Configuration
14:05:38,810 TRACE (main:) [ComponentRegistry] Registering component Component{instance=org.infinispan.context.NonTransactionalInvocationContextFactory@4b29d1d2, name=org.infinispan.context.InvocationContextFactory} under name org.infinispan.context.InvocationContextFactory
14:05:38,810 TRACE (main:) [ComponentRegistry] Get or create local component interface org.infinispan.context.InvocationContextContainer
14:05:38,810 TRACE (main:) [ComponentRegistry] Looking up local component org.infinispan.context.InvocationContextContainer
14:05:38,810 TRACE (main:) [ComponentRegistry] Looking up local factory for component interface org.infinispan.context.InvocationContextContainer
14:05:38,810 TRACE (main:) [ComponentRegistry] Looking up factory for class interface org.infinispan.context.InvocationContextContainer
14:05:38,810 TRACE (main:) [ComponentRegistry] Looking up local component org.infinispan.factories.EmptyConstructorNamedCacheFactory
14:05:38,810 TRACE (main:) [ComponentRegistry] Looking up local component org.infinispan.factories.EmptyConstructorNamedCacheFactory
14:05:38,810 TRACE (main:) [ComponentRegistry] Creating component org.infinispan.context.InvocationContextContainer with factory class org.infinispan.factories.EmptyConstructorNamedCacheFactory
14:05:38,810 TRACE (main:) [ComponentRegistry] Injecting dependencies for method [public void org.infinispan.context.InvocationContextContainerImpl.init(org.infinispan.configuration.global.GlobalConfiguration)] on an instance of [org.infinispan.context.InvocationContextContainerImpl].
14:05:38,810 TRACE (main:) [ComponentRegistry] Get or create global component class org.infinispan.configuration.global.GlobalConfiguration
14:05:38,810 TRACE (main:) [ComponentRegistry] Registering component Component{instance=org.infinispan.context.InvocationContextContainerImpl@8519cb4, name=org.infinispan.context.InvocationContextContainer} under name org.infinispan.context.InvocationContextContainer
14:05:38,810 TRACE (main:) [ComponentRegistry] Get or create local component interface org.infinispan.commands.CommandsFactory
14:05:38,810 TRACE (main:) [ComponentRegistry] Looking up local component org.infinispan.commands.CommandsFactory
14:05:38,810 TRACE (main:) [ComponentRegistry] Looking up local factory for component interface org.infinispan.commands.CommandsFactory
14:05:38,810 TRACE (main:) [ComponentRegistry] Looking up factory for class interface org.infinispan.commands.CommandsFactory
14:05:38,810 TRACE (main:) [ComponentRegistry] Looking up local component org.infinispan.factories.EmptyConstructorNamedCacheFactory
14:05:38,810 TRACE (main:) [ComponentRegistry] Looking up local component org.infinispan.factories.EmptyConstructorNamedCacheFactory
14:05:38,810 TRACE (main:) [ComponentRegistry] Creating component org.infinispan.commands.CommandsFactory with factory class org.infinispan.factories.EmptyConstructorNamedCacheFactory
14:05:38,815 TRACE (main:) [ComponentRegistry] Injecting dependencies for method [public void org.infinispan.commands.CommandsFactoryImpl.setupDependencies(org.infinispan.container.DataContainer,org.infinispan.notifications.cachelistener.CacheNotifier,org.infinispan.Cache,org.infinispan.interceptors.InterceptorChain,org.infinispan.distribution.DistributionManager,org.infinispan.context.InvocationContextFactory,org.infinispan.transaction.TransactionTable,org.infinispan.configuration.cache.Configuration,java.util.Map,org.infinispan.transaction.xa.recovery.RecoveryManager,org.infinispan.statetransfer.StateProvider,org.infinispan.statetransfer.StateConsumer,org.infinispan.util.concurrent.locks.LockManager,org.infinispan.container.InternalEntryFactory,org.infinispan.distexec.mapreduce.MapReduceManager,org.infinispan.statetransfer.StateTransferManager,org.infinispan.xsite.BackupSender,org.infinispan.commands.CancellationService,org.infinispan.util.TimeService,org.infinispan.iteration.EntryRetriever,org.infinispan.xsite.statetransfer.XSiteStateProvider,org.infinispan.xsite.statetransfer.XSiteStateConsumer,org.infinispan.xsite.statetransfer.XSiteStateTransferManager,org.infinispan.partionhandling.impl.PartitionHandlingManager)] on an instance of [org.infinispan.commands.CommandsFactoryImpl].
14:05:38,816 TRACE (main:) [ComponentRegistry] Get or create local component interface org.infinispan.container.DataContainer
14:05:38,816 TRACE (main:) [ComponentRegistry] Looking up local component org.infinispan.container.DataContainer
14:05:38,816 TRACE (main:) [ComponentRegistry] Get or create local component interface org.infinispan.notifications.cachelistener.CacheNotifier
14:05:38,816 TRACE (main:) [ComponentRegistry] Looking up local component org.infinispan.notifications.cachelistener.CacheNotifier
14:05:38,816 TRACE (main:) [ComponentRegistry] Looking up local factory for component interface org.infinispan.notifications.cachelistener.CacheNotifier
14:05:38,816 TRACE (main:) [ComponentRegistry] Looking up factory for class interface org.infinispan.notifications.cachelistener.CacheNotifier
14:05:38,816 TRACE (main:) [ComponentRegistry] Looking up local component org.infinispan.factories.EmptyConstructorNamedCacheFactory
14:05:38,816 TRACE (main:) [ComponentRegistry] Looking up local component org.infinispan.factories.EmptyConstructorNamedCacheFactory
14:05:38,816 TRACE (main:) [ComponentRegistry] Creating component org.infinispan.notifications.cachelistener.CacheNotifier with factory class org.infinispan.factories.EmptyConstructorNamedCacheFactory
14:05:38,824 TRACE (main:) [ComponentRegistry] Injecting dependencies for method [void org.infinispan.notifications.cachelistener.CacheNotifierImpl.injectDependencies(org.infinispan.Cache,org.infinispan.interceptors.locking.ClusteringDependentLogic,javax.transaction.TransactionManager,org.infinispan.configuration.cache.Configuration,org.infinispan.distribution.DistributionManager,org.infinispan.iteration.EntryRetriever,org.infinispan.container.InternalEntryFactory)] on an instance of [org.infinispan.notifications.cachelistener.CacheNotifierImpl].
14:05:38,824 TRACE (main:) [ComponentRegistry] Get or create local component interface org.infinispan.Cache
14:05:38,824 TRACE (main:) [ComponentRegistry] Looking up local component org.infinispan.Cache
14:05:38,824 TRACE (main:) [ComponentRegistry] Get or create local component interface org.infinispan.interceptors.locking.ClusteringDependentLogic
14:05:38,824 TRACE (main:) [ComponentRegistry] Looking up local component org.infinispan.interceptors.locking.ClusteringDependentLogic
14:05:38,824 TRACE (main:) [ComponentRegistry] Looking up local factory for component interface org.infinispan.interceptors.locking.ClusteringDependentLogic
14:05:38,824 TRACE (main:) [ComponentRegistry] Looking up factory for class interface org.infinispan.interceptors.locking.ClusteringDependentLogic
14:05:38,824 TRACE (main:) [ComponentRegistry] Looking up local component org.infinispan.factories.EmptyConstructorNamedCacheFactory
14:05:38,824 TRACE (main:) [ComponentRegistry] Looking up local component org.infinispan.factories.EmptyConstructorNamedCacheFactory
14:05:38,824 TRACE (main:) [ComponentRegistry] Creating component org.infinispan.interceptors.locking.ClusteringDependentLogic with factory class org.infinispan.factories.EmptyConstructorNamedCacheFactory
14:05:38,827 TRACE (main:) [ComponentRegistry] Injecting dependencies for method [public void org.infinispan.interceptors.locking.ClusteringDependentLogic$ReplicationLogic.init(org.infinispan.statetransfer.StateTransferLock)] on an instance of [org.infinispan.interceptors.locking.ClusteringDependentLogic$ReplicationLogic].
14:05:38,827 TRACE (main:) [ComponentRegistry] Get or create local component interface org.infinispan.statetransfer.StateTransferLock
14:05:38,827 TRACE (main:) [ComponentRegistry] Looking up local component org.infinispan.statetransfer.StateTransferLock
14:05:38,827 TRACE (main:) [ComponentRegistry] Looking up local factory for component interface org.infinispan.statetransfer.StateTransferLock
14:05:38,827 TRACE (main:) [ComponentRegistry] Looking up factory for class interface org.infinispan.statetransfer.StateTransferLock
14:05:38,827 TRACE (main:) [ComponentRegistry] Looking up local component org.infinispan.factories.EmptyConstructorNamedCacheFactory
14:05:38,827 TRACE (main:) [ComponentRegistry] Looking up local component org.infinispan.factories.EmptyConstructorNamedCacheFactory
14:05:38,827 TRACE (main:) [ComponentRegistry] Creating component org.infinispan.statetransfer.StateTransferLock with factory class org.infinispan.factories.EmptyConstructorNamedCacheFactory
14:05:38,827 TRACE (main:) [ComponentRegistry] Registering component Component{instance=org.infinispan.statetransfer.StateTransferLockImpl@2de56eb2, name=org.infinispan.statetransfer.StateTransferLock} under name org.infinispan.statetransfer.StateTransferLock
14:05:38,828 TRACE (main:) [ComponentRegistry] Injecting dependencies for method [public void org.infinispan.interceptors.locking.ClusteringDependentLogic$InvalidationLogic.init(org.infinispan.remoting.rpc.RpcManager,org.infinispan.statetransfer.StateTransferManager)] on an instance of [org.infinispan.interceptors.locking.ClusteringDependentLogic$ReplicationLogic].
14:05:38,828 TRACE (main:) [ComponentRegistry] Get or create local component interface org.infinispan.remoting.rpc.RpcManager
14:05:38,828 TRACE (main:) [ComponentRegistry] Looking up local component org.infinispan.remoting.rpc.RpcManager
14:05:38,828 TRACE (main:) [ComponentRegistry] Looking up local factory for component interface org.infinispan.remoting.rpc.RpcManager
14:05:38,828 TRACE (main:) [ComponentRegistry] Looking up factory for class interface org.infinispan.remoting.rpc.RpcManager
14:05:38,828 TRACE (main:) [ComponentRegistry] Looking up local component org.infinispan.factories.RpcManagerFactory
14:05:38,828 TRACE (main:) [ComponentRegistry] Looking up local component org.infinispan.factories.RpcManagerFactory
14:05:38,828 TRACE (main:) [ComponentRegistry] Creating factory org.infinispan.factories.RpcManagerFactory for component interface org.infinispan.remoting.rpc.RpcManager
14:05:38,828 TRACE (main:) [ComponentRegistry] Injecting dependencies for method [private void org.infinispan.factories.AbstractNamedCacheComponentFactory.injectGlobalDependencies(org.infinispan.configuration.cache.Configuration,org.infinispan.factories.ComponentRegistry)] on an instance of [org.infinispan.factories.RpcManagerFactory].
14:05:38,828 TRACE (main:) [ComponentRegistry] Get or create local component class org.infinispan.configuration.cache.Configuration
14:05:38,828 TRACE (main:) [ComponentRegistry] Looking up local component org.infinispan.configuration.cache.Configuration
14:05:38,828 TRACE (main:) [ComponentRegistry] Get or create local component class org.infinispan.factories.ComponentRegistry
14:05:38,828 TRACE (main:) [ComponentRegistry] Looking up local component org.infinispan.factories.ComponentRegistry
14:05:38,828 TRACE (main:) [ComponentRegistry] Injecting dependencies for method [private void org.infinispan.factories.AbstractComponentFactory.injectGlobalDependencies(org.infinispan.configuration.global.GlobalConfiguration,org.infinispan.factories.GlobalComponentRegistry)] on an instance of [org.infinispan.factories.RpcManagerFactory].
14:05:38,828 TRACE (main:) [ComponentRegistry] Get or create global component class org.infinispan.configuration.global.GlobalConfiguration
14:05:38,828 TRACE (main:) [ComponentRegistry] Get or create global component class org.infinispan.factories.GlobalComponentRegistry
14:05:38,828 TRACE (main:) [ComponentRegistry] Registering component Component{instance=org.infinispan.factories.RpcManagerFactory@3cce5371, name=org.infinispan.factories.RpcManagerFactory} under name org.infinispan.factories.RpcManagerFactory
14:05:38,828 TRACE (main:) [ComponentRegistry] Looking up local component org.infinispan.factories.RpcManagerFactory
14:05:38,828 TRACE (main:) [ComponentRegistry] Creating component org.infinispan.remoting.rpc.RpcManager with factory class org.infinispan.factories.RpcManagerFactory
14:05:38,831 TRACE (main:) [ComponentRegistry] Injecting dependencies for method [public void org.infinispan.remoting.rpc.RpcManagerImpl.injectDependencies(org.infinispan.remoting.transport.Transport,org.infinispan.Cache,org.infinispan.configuration.cache.Configuration,org.infinispan.remoting.ReplicationQueue,org.infinispan.commands.CommandsFactory,java.util.concurrent.ExecutorService,org.infinispan.topology.LocalTopologyManager,org.infinispan.statetransfer.StateTransferManager,org.infinispan.util.TimeService)] on an instance of [org.infinispan.remoting.rpc.RpcManagerImpl].
14:05:38,831 TRACE (main:) [ComponentRegistry] Get or create global component interface org.infinispan.remoting.transport.Transport
14:05:38,831 TRACE (main:) [ComponentRegistry] Get or create local component interface org.infinispan.Cache
14:05:38,831 TRACE (main:) [ComponentRegistry] Looking up local component org.infinispan.Cache
14:05:38,831 TRACE (main:) [ComponentRegistry] Get or create local component class org.infinispan.configuration.cache.Configuration
14:05:38,831 TRACE (main:) [ComponentRegistry] Looking up local component org.infinispan.configuration.cache.Configuration
14:05:38,831 TRACE (main:) [ComponentRegistry] Get or create local component interface org.infinispan.remoting.ReplicationQueue
14:05:38,831 TRACE (main:) [ComponentRegistry] Looking up local component org.infinispan.remoting.ReplicationQueue
14:05:38,831 TRACE (main:) [ComponentRegistry] Looking up local factory for component interface org.infinispan.remoting.ReplicationQueue
14:05:38,831 TRACE (main:) [ComponentRegistry] Looking up factory for class interface org.infinispan.remoting.ReplicationQueue
14:05:38,831 TRACE (main:) [ComponentRegistry] Looking up local component org.infinispan.factories.ReplicationQueueFactory
14:05:38,831 TRACE (main:) [ComponentRegistry] Looking up local component org.infinispan.factories.ReplicationQueueFactory
14:05:38,831 TRACE (main:) [ComponentRegistry] Creating factory org.infinispan.factories.ReplicationQueueFactory for component interface org.infinispan.remoting.ReplicationQueue
14:05:38,831 TRACE (main:) [ComponentRegistry] Injecting dependencies for method [private void org.infinispan.factories.AbstractNamedCacheComponentFactory.injectGlobalDependencies(org.infinispan.configuration.cache.Configuration,org.infinispan.factories.ComponentRegistry)] on an instance of [org.infinispan.factories.ReplicationQueueFactory].
14:05:38,831 TRACE (main:) [ComponentRegistry] Get or create local component class org.infinispan.configuration.cache.Configuration
14:05:38,831 TRACE (main:) [ComponentRegistry] Looking up local component org.infinispan.configuration.cache.Configuration
14:05:38,831 TRACE (main:) [ComponentRegistry] Get or create local component class org.infinispan.factories.ComponentRegistry
14:05:38,831 TRACE (main:) [ComponentRegistry] Looking up local component org.infinispan.factories.ComponentRegistry
14:05:38,831 TRACE (main:) [ComponentRegistry] Injecting dependencies for method [private void org.infinispan.factories.AbstractComponentFactory.injectGlobalDependencies(org.infinispan.configuration.global.GlobalConfiguration,org.infinispan.factories.GlobalComponentRegistry)] on an instance of [org.infinispan.factories.ReplicationQueueFactory].
14:05:38,831 TRACE (main:) [ComponentRegistry] Get or create global component class org.infinispan.configuration.global.GlobalConfiguration
14:05:38,831 TRACE (main:) [ComponentRegistry] Get or create global component class org.infinispan.factories.GlobalComponentRegistry
14:05:38,831 TRACE (main:) [ComponentRegistry] Registering component Component{instance=org.infinispan.factories.ReplicationQueueFactory@38467116, name=org.infinispan.factories.ReplicationQueueFactory} under name org.infinispan.factories.ReplicationQueueFactory
14:05:38,831 TRACE (main:) [ComponentRegistry] Looking up local component org.infinispan.factories.ReplicationQueueFactory
14:05:38,832 TRACE (main:) [ComponentRegistry] Creating component org.infinispan.remoting.ReplicationQueue with factory class org.infinispan.factories.ReplicationQueueFactory
14:05:38,832 TRACE (main:) [ComponentRegistry] Registering a null for component org.infinispan.remoting.ReplicationQueue
14:05:38,832 TRACE (main:) [ComponentRegistry] Registering component Component{instance=java.lang.Object@5b7a7f33, name=org.infinispan.remoting.ReplicationQueue} under name org.infinispan.remoting.ReplicationQueue
14:05:38,832 TRACE (main:) [ComponentRegistry] Get or create local component interface org.infinispan.commands.CommandsFactory
14:05:38,832 TRACE (main:) [ComponentRegistry] Looking up local component org.infinispan.commands.CommandsFactory
14:05:38,832 TRACE (main:) [ComponentRegistry] Get or create local component interface java.util.concurrent.ExecutorService
14:05:38,832 TRACE (main:) [ComponentRegistry] Looking up local component java.util.concurrent.ExecutorService
14:05:38,832 TRACE (main:) [ComponentRegistry] Looking up global factory for component interface java.util.concurrent.ExecutorService
14:05:38,832 TRACE (main:) [GlobalComponentRegistry] Looking up factory for class interface java.util.concurrent.ExecutorService
14:05:38,832 TRACE (main:) [ComponentRegistry] Creating component org.infinispan.executors.transport with factory class org.infinispan.factories.NamedExecutorsFactory
14:05:38,832 TRACE (main:) [ComponentRegistry] Registering component Component{instance=org.infinispan.executors.LazyInitializingExecutorService@578486a3, name=org.infinispan.executors.transport} under name org.infinispan.executors.transport
14:05:38,832 TRACE (main:) [ComponentRegistry] Get or create global component interface org.infinispan.topology.LocalTopologyManager
14:05:38,832 TRACE (main:) [ComponentRegistry] Get or create local component interface org.infinispan.statetransfer.StateTransferManager
14:05:38,832 TRACE (main:) [ComponentRegistry] Looking up local component org.infinispan.statetransfer.StateTransferManager
14:05:38,832 TRACE (main:) [ComponentRegistry] Looking up local factory for component interface org.infinispan.statetransfer.StateTransferManager
14:05:38,832 TRACE (main:) [ComponentRegistry] Looking up factory for class interface org.infinispan.statetransfer.StateTransferManager
14:05:38,832 TRACE (main:) [ComponentRegistry] Looking up local component org.infinispan.factories.StateTransferComponentFactory
14:05:38,832 TRACE (main:) [ComponentRegistry] Looking up local component org.infinispan.factories.StateTransferComponentFactory
14:05:38,832 TRACE (main:) [ComponentRegistry] Creating factory org.infinispan.factories.StateTransferComponentFactory for component interface org.infinispan.statetransfer.StateTransferManager
14:05:38,832 TRACE (main:) [ComponentRegistry] Injecting dependencies for method [private void org.infinispan.factories.AbstractNamedCacheComponentFactory.injectGlobalDependencies(org.infinispan.configuration.cache.Configuration,org.infinispan.factories.ComponentRegistry)] on an instance of [org.infinispan.factories.StateTransferComponentFactory].
14:05:38,832 TRACE (main:) [ComponentRegistry] Get or create local component class org.infinispan.configuration.cache.Configuration
14:05:38,832 TRACE (main:) [ComponentRegistry] Looking up local component org.infinispan.configuration.cache.Configuration
14:05:38,832 TRACE (main:) [ComponentRegistry] Get or create local component class org.infinispan.factories.ComponentRegistry
14:05:38,832 TRACE (main:) [ComponentRegistry] Looking up local component org.infinispan.factories.ComponentRegistry
14:05:38,833 TRACE (main:) [ComponentRegistry] Injecting dependencies for method [private void org.infinispan.factories.AbstractComponentFactory.injectGlobalDependencies(org.infinispan.configuration.global.GlobalConfiguration,org.infinispan.factories.GlobalComponentRegistry)] on an instance of [org.infinispan.factories.StateTransferComponentFactory].
14:05:38,833 TRACE (main:) [ComponentRegistry] Get or create global component class org.infinispan.configuration.global.GlobalConfiguration
14:05:38,833 TRACE (main:) [ComponentRegistry] Get or create global component class org.infinispan.factories.GlobalComponentRegistry
14:05:38,833 TRACE (main:) [ComponentRegistry] Registering component Component{instance=org.infinispan.factories.StateTransferComponentFactory@5fb759d6, name=org.infinispan.factories.StateTransferComponentFactory} under name org.infinispan.factories.StateTransferComponentFactory
14:05:38,833 TRACE (main:) [ComponentRegistry] Looking up local component org.infinispan.factories.StateTransferComponentFactory
14:05:38,833 TRACE (main:) [ComponentRegistry] Creating component org.infinispan.statetransfer.StateTransferManager with factory class org.infinispan.factories.StateTransferComponentFactory
14:05:38,834 TRACE (main:) [ComponentRegistry] Injecting dependencies for method [public void org.infinispan.statetransfer.StateTransferManagerImpl.init(org.infinispan.statetransfer.StateConsumer,org.infinispan.statetransfer.StateProvider,org.infinispan.Cache,org.infinispan.notifications.cachelistener.CacheNotifier,org.infinispan.configuration.cache.Configuration,org.infinispan.configuration.global.GlobalConfiguration,org.infinispan.remoting.rpc.RpcManager,org.infinispan.distribution.group.GroupManager,org.infinispan.topology.LocalTopologyManager,org.infinispan.partionhandling.impl.PartitionHandlingManager)] on an instance of [org.infinispan.statetransfer.StateTransferManagerImpl].
14:05:38,835 TRACE (main:) [ComponentRegistry] Get or create local component interface org.infinispan.statetransfer.StateConsumer
14:05:38,835 TRACE (main:) [ComponentRegistry] Looking up local component org.infinispan.statetransfer.StateConsumer
14:05:38,835 TRACE (main:) [ComponentRegistry] Looking up local factory for component interface org.infinispan.statetransfer.StateConsumer
14:05:38,835 TRACE (main:) [ComponentRegistry] Looking up factory for class interface org.infinispan.statetransfer.StateConsumer
14:05:38,835 TRACE (main:) [ComponentRegistry] Looking up local component org.infinispan.factories.StateTransferComponentFactory
14:05:38,835 TRACE (main:) [ComponentRegistry] Looking up local component org.infinispan.factories.StateTransferComponentFactory
14:05:38,835 TRACE (main:) [ComponentRegistry] Creating component org.infinispan.statetransfer.StateConsumer with factory class org.infinispan.factories.StateTransferComponentFactory
14:05:38,839 TRACE (main:) [ComponentRegistry] Injecting dependencies for method [public void org.infinispan.statetransfer.StateConsumerImpl.init(org.infinispan.Cache,java.util.concurrent.ExecutorService,org.infinispan.statetransfer.StateTransferManager,org.infinispan.interceptors.InterceptorChain,org.infinispan.context.InvocationContextFactory,org.infinispan.configuration.cache.Configuration,org.infinispan.remoting.rpc.RpcManager,javax.transaction.TransactionManager,org.infinispan.commands.CommandsFactory,org.infinispan.persistence.manager.PersistenceManager,org.infinispan.container.DataContainer,org.infinispan.transaction.TransactionTable,org.infinispan.statetransfer.StateTransferLock,org.infinispan.notifications.cachelistener.CacheNotifier,org.infinispan.transaction.totalorder.TotalOrderManager,org.infinispan.util.concurrent.BlockingTaskAwareExecutorService,org.infinispan.statetransfer.CommitManager)] on an instance of [org.infinispan.statetransfer.StateConsumerImpl].
14:05:38,839 TRACE (main:) [ComponentRegistry] Get or create local component interface org.infinispan.Cache
14:05:38,839 TRACE (main:) [ComponentRegistry] Looking up local component org.infinispan.Cache
14:05:38,839 TRACE (main:) [ComponentRegistry] Get or create local component interface java.util.concurrent.ExecutorService
14:05:38,839 TRACE (main:) [ComponentRegistry] Looking up local component java.util.concurrent.ExecutorService
14:05:38,839 TRACE (main:) [ComponentRegistry] Get or create local component interface org.infinispan.statetransfer.StateTransferManager
14:05:38,839 TRACE (main:) [ComponentRegistry] Looking up local component org.infinispan.statetransfer.StateTransferManager
14:05:38,839 TRACE (main:) [ComponentRegistry] Get or create local component class org.infinispan.interceptors.InterceptorChain
14:05:38,839 TRACE (main:) [ComponentRegistry] Looking up local component org.infinispan.interceptors.InterceptorChain
14:05:38,839 TRACE (main:) [ComponentRegistry] Looking up local factory for component class org.infinispan.interceptors.InterceptorChain
14:05:38,839 TRACE (main:) [ComponentRegistry] Looking up factory for class class org.infinispan.interceptors.InterceptorChain
14:05:38,839 TRACE (main:) [ComponentRegistry] Looking up local component org.infinispan.factories.InterceptorChainFactory
14:05:38,839 TRACE (main:) [ComponentRegistry] Looking up local component org.infinispan.factories.InterceptorChainFactory
14:05:38,839 TRACE (main:) [ComponentRegistry] Creating factory org.infinispan.factories.InterceptorChainFactory for component class org.infinispan.interceptors.InterceptorChain
14:05:38,857 TRACE (main:) [ComponentRegistry] Injecting dependencies for method [private void org.infinispan.factories.AbstractNamedCacheComponentFactory.injectGlobalDependencies(org.infinispan.configuration.cache.Configuration,org.infinispan.factories.ComponentRegistry)] on an instance of [org.infinispan.factories.InterceptorChainFactory].
14:05:38,857 TRACE (main:) [ComponentRegistry] Get or create local component class org.infinispan.configuration.cache.Configuration
14:05:38,857 TRACE (main:) [ComponentRegistry] Looking up local component org.infinispan.configuration.cache.Configuration
14:05:38,857 TRACE (main:) [ComponentRegistry] Get or create local component class org.infinispan.factories.ComponentRegistry
14:05:38,857 TRACE (main:) [ComponentRegistry] Looking up local component org.infinispan.factories.ComponentRegistry
14:05:38,857 TRACE (main:) [ComponentRegistry] Injecting dependencies for method [private void org.infinispan.factories.AbstractComponentFactory.injectGlobalDependencies(org.infinispan.configuration.global.GlobalConfiguration,org.infinispan.factories.GlobalComponentRegistry)] on an instance of [org.infinispan.factories.InterceptorChainFactory].
14:05:38,857 TRACE (main:) [ComponentRegistry] Get or create global component class org.infinispan.configuration.global.GlobalConfiguration
14:05:38,857 TRACE (main:) [ComponentRegistry] Get or create global component class org.infinispan.factories.GlobalComponentRegistry
14:05:38,857 TRACE (main:) [ComponentRegistry] Registering component Component{instance=org.infinispan.factories.InterceptorChainFactory@1df8da7a, name=org.infinispan.factories.InterceptorChainFactory} under name org.infinispan.factories.InterceptorChainFactory
14:05:38,857 TRACE (main:) [ComponentRegistry] Looking up local component org.infinispan.factories.InterceptorChainFactory
14:05:38,857 TRACE (main:) [ComponentRegistry] Creating component org.infinispan.interceptors.InterceptorChain with factory class org.infinispan.factories.InterceptorChainFactory
14:05:38,857 TRACE (main:) [ComponentRegistry] Registering component Component{instance=, name=org.infinispan.interceptors.InterceptorChain} under name org.infinispan.interceptors.InterceptorChain
14:05:38,858 TRACE (main:) [ComponentRegistry] Looking up local component org.infinispan.interceptors.InvocationContextInterceptor
14:05:38,858 TRACE (main:) [ComponentRegistry] Injecting dependencies for method [public void org.infinispan.interceptors.InvocationContextInterceptor.init(javax.transaction.TransactionManager,org.infinispan.factories.ComponentRegistry,org.infinispan.transaction.TransactionTable,org.infinispan.context.InvocationContextContainer)] on an instance of [org.infinispan.interceptors.InvocationContextInterceptor].
14:05:38,858 TRACE (main:) [ComponentRegistry] Get or create local component interface javax.transaction.TransactionManager
14:05:38,858 TRACE (main:) [ComponentRegistry] Looking up local component javax.transaction.TransactionManager
14:05:38,859 TRACE (main:) [ComponentRegistry] Looking up local factory for component interface javax.transaction.TransactionManager
14:05:38,859 TRACE (main:) [ComponentRegistry] Looking up factory for class interface javax.transaction.TransactionManager
14:05:38,859 TRACE (main:) [ComponentRegistry] Looking up local component org.infinispan.factories.TransactionManagerFactory
14:05:38,859 TRACE (main:) [ComponentRegistry] Looking up local component org.infinispan.factories.TransactionManagerFactory
14:05:38,859 TRACE (main:) [ComponentRegistry] Creating factory org.infinispan.factories.TransactionManagerFactory for component interface javax.transaction.TransactionManager
14:05:38,859 TRACE (main:) [ComponentRegistry] Injecting dependencies for method [private void org.infinispan.factories.AbstractNamedCacheComponentFactory.injectGlobalDependencies(org.infinispan.configuration.cache.Configuration,org.infinispan.factories.ComponentRegistry)] on an instance of [org.infinispan.factories.TransactionManagerFactory].
14:05:38,859 TRACE (main:) [ComponentRegistry] Get or create local component class org.infinispan.configuration.cache.Configuration
14:05:38,859 TRACE (main:) [ComponentRegistry] Looking up local component org.infinispan.configuration.cache.Configuration
14:05:38,859 TRACE (main:) [ComponentRegistry] Get or create local component class org.infinispan.factories.ComponentRegistry
14:05:38,859 TRACE (main:) [ComponentRegistry] Looking up local component org.infinispan.factories.ComponentRegistry
14:05:38,860 TRACE (main:) [ComponentRegistry] Injecting dependencies for method [private void org.infinispan.factories.AbstractComponentFactory.injectGlobalDependencies(org.infinispan.configuration.global.GlobalConfiguration,org.infinispan.factories.GlobalComponentRegistry)] on an instance of [org.infinispan.factories.TransactionManagerFactory].
14:05:38,860 TRACE (main:) [ComponentRegistry] Get or create global component class org.infinispan.configuration.global.GlobalConfiguration
14:05:38,860 TRACE (main:) [ComponentRegistry] Get or create global component class org.infinispan.factories.GlobalComponentRegistry
14:05:38,860 TRACE (main:) [ComponentRegistry] Registering component Component{instance=org.infinispan.factories.TransactionManagerFactory@45385f75, name=org.infinispan.factories.TransactionManagerFactory} under name org.infinispan.factories.TransactionManagerFactory
14:05:38,860 TRACE (main:) [ComponentRegistry] Looking up local component org.infinispan.factories.TransactionManagerFactory
14:05:38,860 TRACE (main:) [ComponentRegistry] Creating component javax.transaction.TransactionManager with factory class org.infinispan.factories.TransactionManagerFactory
14:05:38,860 TRACE (main:) [ComponentRegistry] Registering a null for component javax.transaction.TransactionManager
14:05:38,860 TRACE (main:) [ComponentRegistry] Registering component Component{instance=java.lang.Object@5b7a7f33, name=javax.transaction.TransactionManager} under name javax.transaction.TransactionManager
14:05:38,860 TRACE (main:) [ComponentRegistry] Get or create local component class org.infinispan.factories.ComponentRegistry
14:05:38,860 TRACE (main:) [ComponentRegistry] Looking up local component org.infinispan.factories.ComponentRegistry
14:05:38,860 TRACE (main:) [ComponentRegistry] Get or create local component class org.infinispan.transaction.TransactionTable
14:05:38,860 TRACE (main:) [ComponentRegistry] Looking up local component org.infinispan.transaction.TransactionTable
14:05:38,860 TRACE (main:) [ComponentRegistry] Looking up local factory for component class org.infinispan.transaction.TransactionTable
14:05:38,860 TRACE (main:) [ComponentRegistry] Looking up factory for class class org.infinispan.transaction.TransactionTable
14:05:38,860 TRACE (main:) [ComponentRegistry] Looking up local component org.infinispan.factories.TransactionTableFactory
14:05:38,860 TRACE (main:) [ComponentRegistry] Looking up local component org.infinispan.factories.TransactionTableFactory
14:05:38,860 TRACE (main:) [ComponentRegistry] Creating factory org.infinispan.factories.TransactionTableFactory for component class org.infinispan.transaction.TransactionTable
14:05:38,860 TRACE (main:) [ComponentRegistry] Injecting dependencies for method [private void org.infinispan.factories.AbstractNamedCacheComponentFactory.injectGlobalDependencies(org.infinispan.configuration.cache.Configuration,org.infinispan.factories.ComponentRegistry)] on an instance of [org.infinispan.factories.TransactionTableFactory].
14:05:38,860 TRACE (main:) [ComponentRegistry] Get or create local component class org.infinispan.configuration.cache.Configuration
14:05:38,860 TRACE (main:) [ComponentRegistry] Looking up local component org.infinispan.configuration.cache.Configuration
14:05:38,860 TRACE (main:) [ComponentRegistry] Get or create local component class org.infinispan.factories.ComponentRegistry
14:05:38,861 TRACE (main:) [ComponentRegistry] Looking up local component org.infinispan.factories.ComponentRegistry
14:05:38,861 TRACE (main:) [ComponentRegistry] Injecting dependencies for method [private void org.infinispan.factories.AbstractComponentFactory.injectGlobalDependencies(org.infinispan.configuration.global.GlobalConfiguration,org.infinispan.factories.GlobalComponentRegistry)] on an instance of [org.infinispan.factories.TransactionTableFactory].
14:05:38,861 TRACE (main:) [ComponentRegistry] Get or create global component class org.infinispan.configuration.global.GlobalConfiguration
14:05:38,861 TRACE (main:) [ComponentRegistry] Get or create global component class org.infinispan.factories.GlobalComponentRegistry
14:05:38,861 TRACE (main:) [ComponentRegistry] Registering component Component{instance=org.infinispan.factories.TransactionTableFactory@6e2aa843, name=org.infinispan.factories.TransactionTableFactory} under name org.infinispan.factories.TransactionTableFactory
14:05:38,861 TRACE (main:) [ComponentRegistry] Looking up local component org.infinispan.factories.TransactionTableFactory
14:05:38,861 TRACE (main:) [ComponentRegistry] Creating component org.infinispan.transaction.TransactionTable with factory class org.infinispan.factories.TransactionTableFactory
14:05:38,866 TRACE (main:) [ComponentRegistry] Injecting dependencies for method [public void org.infinispan.transaction.xa.XaTransactionTable.init(org.infinispan.transaction.xa.recovery.RecoveryManager,org.infinispan.Cache)] on an instance of [org.infinispan.transaction.xa.XaTransactionTable].
14:05:38,866 TRACE (main:) [ComponentRegistry] Get or create local component interface org.infinispan.transaction.xa.recovery.RecoveryManager
14:05:38,866 TRACE (main:) [ComponentRegistry] Looking up local component org.infinispan.transaction.xa.recovery.RecoveryManager
14:05:38,866 TRACE (main:) [ComponentRegistry] Looking up local factory for component interface org.infinispan.transaction.xa.recovery.RecoveryManager
14:05:38,866 TRACE (main:) [ComponentRegistry] Looking up factory for class interface org.infinispan.transaction.xa.recovery.RecoveryManager
14:05:38,866 TRACE (main:) [ComponentRegistry] Looking up local component org.infinispan.factories.RecoveryManagerFactory
14:05:38,866 TRACE (main:) [ComponentRegistry] Looking up local component org.infinispan.factories.RecoveryManagerFactory
14:05:38,866 TRACE (main:) [ComponentRegistry] Creating factory org.infinispan.factories.RecoveryManagerFactory for component interface org.infinispan.transaction.xa.recovery.RecoveryManager
14:05:38,868 TRACE (main:) [ComponentRegistry] Injecting dependencies for method [private void org.infinispan.factories.AbstractNamedCacheComponentFactory.injectGlobalDependencies(org.infinispan.configuration.cache.Configuration,org.infinispan.factories.ComponentRegistry)] on an instance of [org.infinispan.factories.RecoveryManagerFactory].
14:05:38,868 TRACE (main:) [ComponentRegistry] Get or create local component class org.infinispan.configuration.cache.Configuration
14:05:38,868 TRACE (main:) [ComponentRegistry] Looking up local component org.infinispan.configuration.cache.Configuration
14:05:38,868 TRACE (main:) [ComponentRegistry] Get or create local component class org.infinispan.factories.ComponentRegistry
14:05:38,868 TRACE (main:) [ComponentRegistry] Looking up local component org.infinispan.factories.ComponentRegistry
14:05:38,868 TRACE (main:) [ComponentRegistry] Injecting dependencies for method [private void org.infinispan.factories.AbstractComponentFactory.injectGlobalDependencies(org.infinispan.configuration.global.GlobalConfiguration,org.infinispan.factories.GlobalComponentRegistry)] on an instance of [org.infinispan.factories.RecoveryManagerFactory].
14:05:38,868 TRACE (main:) [ComponentRegistry] Get or create global component class org.infinispan.configuration.global.GlobalConfiguration
14:05:38,868 TRACE (main:) [ComponentRegistry] Get or create global component class org.infinispan.factories.GlobalComponentRegistry
14:05:38,869 TRACE (main:) [ComponentRegistry] Registering component Component{instance=org.infinispan.factories.RecoveryManagerFactory@311bf055, name=org.infinispan.factories.RecoveryManagerFactory} under name org.infinispan.factories.RecoveryManagerFactory
14:05:38,869 TRACE (main:) [ComponentRegistry] Looking up local component org.infinispan.factories.RecoveryManagerFactory
14:05:38,869 TRACE (main:) [ComponentRegistry] Creating component org.infinispan.transaction.xa.recovery.RecoveryManager with factory class org.infinispan.factories.RecoveryManagerFactory
14:05:38,869 TRACE (main:) [ComponentRegistry] Registering a null for component org.infinispan.transaction.xa.recovery.RecoveryManager
14:05:38,869 TRACE (main:) [ComponentRegistry] Registering component Component{instance=java.lang.Object@5b7a7f33, name=org.infinispan.transaction.xa.recovery.RecoveryManager} under name org.infinispan.transaction.xa.recovery.RecoveryManager
14:05:38,869 TRACE (main:) [ComponentRegistry] Get or create local component interface org.infinispan.Cache
14:05:38,869 TRACE (main:) [ComponentRegistry] Looking up local component org.infinispan.Cache
14:05:38,869 TRACE (main:) [ComponentRegistry] Injecting dependencies for method [public void org.infinispan.transaction.TransactionTable.initialize(org.infinispan.remoting.rpc.RpcManager,org.infinispan.configuration.cache.Configuration,org.infinispan.context.InvocationContextFactory,org.infinispan.interceptors.InterceptorChain,org.infinispan.notifications.cachelistener.CacheNotifier,org.infinispan.transaction.xa.TransactionFactory,org.infinispan.transaction.TransactionCoordinator,javax.transaction.TransactionSynchronizationRegistry,org.infinispan.commands.CommandsFactory,org.infinispan.interceptors.locking.ClusteringDependentLogic,org.infinispan.Cache,org.infinispan.util.TimeService,org.infinispan.notifications.cachemanagerlistener.CacheManagerNotifier)] on an instance of [org.infinispan.transaction.xa.XaTransactionTable].
14:05:38,869 TRACE (main:) [ComponentRegistry] Get or create local component interface org.infinispan.remoting.rpc.RpcManager
14:05:38,869 TRACE (main:) [ComponentRegistry] Looking up local component org.infinispan.remoting.rpc.RpcManager
14:05:38,869 TRACE (main:) [ComponentRegistry] Get or create local component class org.infinispan.configuration.cache.Configuration
14:05:38,869 TRACE (main:) [ComponentRegistry] Looking up local component org.infinispan.configuration.cache.Configuration
14:05:38,869 TRACE (main:) [ComponentRegistry] Get or create local component interface org.infinispan.context.InvocationContextFactory
14:05:38,869 TRACE (main:) [ComponentRegistry] Looking up local component org.infinispan.context.InvocationContextFactory
14:05:38,869 TRACE (main:) [ComponentRegistry] Get or create local component class org.infinispan.interceptors.InterceptorChain
14:05:38,869 TRACE (main:) [ComponentRegistry] Looking up local component org.infinispan.interceptors.InterceptorChain
14:05:38,869 TRACE (main:) [ComponentRegistry] Get or create local component interface org.infinispan.notifications.cachelistener.CacheNotifier
14:05:38,869 TRACE (main:) [ComponentRegistry] Looking up local component org.infinispan.notifications.cachelistener.CacheNotifier
14:05:38,869 TRACE (main:) [ComponentRegistry] Get or create local component class org.infinispan.transaction.xa.TransactionFactory
14:05:38,869 TRACE (main:) [ComponentRegistry] Looking up local component org.infinispan.transaction.xa.TransactionFactory
14:05:38,869 TRACE (main:) [ComponentRegistry] Looking up local factory for component class org.infinispan.transaction.xa.TransactionFactory
14:05:38,869 TRACE (main:) [ComponentRegistry] Looking up factory for class class org.infinispan.transaction.xa.TransactionFactory
14:05:38,869 TRACE (main:) [ComponentRegistry] Looking up local component org.infinispan.factories.EmptyConstructorNamedCacheFactory
14:05:38,869 TRACE (main:) [ComponentRegistry] Looking up local component org.infinispan.factories.EmptyConstructorNamedCacheFactory
14:05:38,869 TRACE (main:) [ComponentRegistry] Creating component org.infinispan.transaction.xa.TransactionFactory with factory class org.infinispan.factories.EmptyConstructorNamedCacheFactory
14:05:38,870 TRACE (main:) [ComponentRegistry] Injecting dependencies for method [public void org.infinispan.transaction.xa.TransactionFactory.init(org.infinispan.configuration.cache.Configuration,org.infinispan.container.versioning.VersionGenerator,org.infinispan.util.TimeService)] on an instance of [org.infinispan.transaction.xa.TransactionFactory].
14:05:38,870 TRACE (main:) [ComponentRegistry] Get or create local component class org.infinispan.configuration.cache.Configuration
14:05:38,870 TRACE (main:) [ComponentRegistry] Looking up local component org.infinispan.configuration.cache.Configuration
14:05:38,870 TRACE (main:) [ComponentRegistry] Get or create local component interface org.infinispan.container.versioning.VersionGenerator
14:05:38,870 TRACE (main:) [ComponentRegistry] Looking up local component org.infinispan.container.versioning.VersionGenerator
14:05:38,870 TRACE (main:) [ComponentRegistry] Looking up local factory for component interface org.infinispan.container.versioning.VersionGenerator
14:05:38,870 TRACE (main:) [ComponentRegistry] Looking up factory for class interface org.infinispan.container.versioning.VersionGenerator
14:05:38,870 TRACE (main:) [ComponentRegistry] Looking up local component org.infinispan.factories.VersioningMetaFactory
14:05:38,870 TRACE (main:) [ComponentRegistry] Looking up local component org.infinispan.factories.VersioningMetaFactory
14:05:38,870 TRACE (main:) [ComponentRegistry] Creating factory org.infinispan.factories.VersioningMetaFactory for component interface org.infinispan.container.versioning.VersionGenerator
14:05:38,870 TRACE (main:) [ComponentRegistry] Injecting dependencies for method [private void org.infinispan.factories.AbstractNamedCacheComponentFactory.injectGlobalDependencies(org.infinispan.configuration.cache.Configuration,org.infinispan.factories.ComponentRegistry)] on an instance of [org.infinispan.factories.VersioningMetaFactory].
14:05:38,870 TRACE (main:) [ComponentRegistry] Get or create local component class org.infinispan.configuration.cache.Configuration
14:05:38,870 TRACE (main:) [ComponentRegistry] Looking up local component org.infinispan.configuration.cache.Configuration
14:05:38,870 TRACE (main:) [ComponentRegistry] Get or create local component class org.infinispan.factories.ComponentRegistry
14:05:38,870 TRACE (main:) [ComponentRegistry] Looking up local component org.infinispan.factories.ComponentRegistry
14:05:38,870 TRACE (main:) [ComponentRegistry] Injecting dependencies for method [private void org.infinispan.factories.AbstractComponentFactory.injectGlobalDependencies(org.infinispan.configuration.global.GlobalConfiguration,org.infinispan.factories.GlobalComponentRegistry)] on an instance of [org.infinispan.factories.VersioningMetaFactory].
14:05:38,870 TRACE (main:) [ComponentRegistry] Get or create global component class org.infinispan.configuration.global.GlobalConfiguration
14:05:38,870 TRACE (main:) [ComponentRegistry] Get or create global component class org.infinispan.factories.GlobalComponentRegistry
14:05:38,870 TRACE (main:) [ComponentRegistry] Registering component Component{instance=org.infinispan.factories.VersioningMetaFactory@448c8166, name=org.infinispan.factories.VersioningMetaFactory} under name org.infinispan.factories.VersioningMetaFactory
14:05:38,870 TRACE (main:) [ComponentRegistry] Looking up local component org.infinispan.factories.VersioningMetaFactory
14:05:38,870 TRACE (main:) [ComponentRegistry] Creating component org.infinispan.container.versioning.VersionGenerator with factory class org.infinispan.factories.VersioningMetaFactory
14:05:38,872 TRACE (main:) [ComponentRegistry] Injecting dependencies for method [public void org.infinispan.container.versioning.NumericVersionGenerator.init(org.infinispan.Cache)] on an instance of [org.infinispan.container.versioning.NumericVersionGenerator].
14:05:38,872 TRACE (main:) [ComponentRegistry] Get or create local component interface org.infinispan.Cache
14:05:38,872 TRACE (main:) [ComponentRegistry] Looking up local component org.infinispan.Cache
14:05:38,872 TRACE (main:) [ComponentRegistry] Registering component Component{instance=org.infinispan.container.versioning.NumericVersionGenerator@2235eaab, name=org.infinispan.container.versioning.VersionGenerator} under name org.infinispan.container.versioning.VersionGenerator
14:05:38,872 TRACE (main:) [ComponentRegistry] Get or create global component interface org.infinispan.util.TimeService
14:05:38,872 TRACE (main:) [ComponentRegistry] Registering component Component{instance=org.infinispan.transaction.xa.TransactionFactory@17503f6b, name=org.infinispan.transaction.xa.TransactionFactory} under name org.infinispan.transaction.xa.TransactionFactory
14:05:38,873 TRACE (main:) [ComponentRegistry] Get or create local component class org.infinispan.transaction.TransactionCoordinator
14:05:38,873 TRACE (main:) [ComponentRegistry] Looking up local component org.infinispan.transaction.TransactionCoordinator
14:05:38,873 TRACE (main:) [ComponentRegistry] Looking up local factory for component class org.infinispan.transaction.TransactionCoordinator
14:05:38,873 TRACE (main:) [ComponentRegistry] Looking up factory for class class org.infinispan.transaction.TransactionCoordinator
14:05:38,873 TRACE (main:) [ComponentRegistry] Looking up local component org.infinispan.factories.EmptyConstructorNamedCacheFactory
14:05:38,873 TRACE (main:) [ComponentRegistry] Looking up local component org.infinispan.factories.EmptyConstructorNamedCacheFactory
14:05:38,873 TRACE (main:) [ComponentRegistry] Creating component org.infinispan.transaction.TransactionCoordinator with factory class org.infinispan.factories.EmptyConstructorNamedCacheFactory
14:05:38,873 TRACE (main:) [ComponentRegistry] Injecting dependencies for method [public void org.infinispan.transaction.TransactionCoordinator.init(org.infinispan.commands.CommandsFactory,org.infinispan.context.InvocationContextFactory,org.infinispan.interceptors.InterceptorChain,org.infinispan.transaction.TransactionTable,org.infinispan.transaction.xa.recovery.RecoveryManager,org.infinispan.configuration.cache.Configuration)] on an instance of [org.infinispan.transaction.TransactionCoordinator].
14:05:38,873 TRACE (main:) [ComponentRegistry] Get or create local component interface org.infinispan.commands.CommandsFactory
14:05:38,873 TRACE (main:) [ComponentRegistry] Looking up local component org.infinispan.commands.CommandsFactory
14:05:38,873 TRACE (main:) [ComponentRegistry] Get or create local component interface org.infinispan.context.InvocationContextFactory
14:05:38,873 TRACE (main:) [ComponentRegistry] Looking up local component org.infinispan.context.InvocationContextFactory
14:05:38,873 TRACE (main:) [ComponentRegistry] Get or create local component class org.infinispan.interceptors.InterceptorChain
14:05:38,873 TRACE (main:) [ComponentRegistry] Looking up local component org.infinispan.interceptors.InterceptorChain
14:05:38,873 TRACE (main:) [ComponentRegistry] Get or create local component class org.infinispan.transaction.TransactionTable
14:05:38,873 TRACE (main:) [ComponentRegistry] Looking up local component org.infinispan.transaction.TransactionTable
14:05:38,873 TRACE (main:) [ComponentRegistry] Get or create local component interface org.infinispan.transaction.xa.recovery.RecoveryManager
14:05:38,873 TRACE (main:) [ComponentRegistry] Looking up local component org.infinispan.transaction.xa.recovery.RecoveryManager
14:05:38,873 TRACE (main:) [ComponentRegistry] Get or create local component class org.infinispan.configuration.cache.Configuration
14:05:38,873 TRACE (main:) [ComponentRegistry] Looking up local component org.infinispan.configuration.cache.Configuration
14:05:38,873 TRACE (main:) [ComponentRegistry] Registering component Component{instance=org.infinispan.transaction.TransactionCoordinator@3b6d844d, name=org.infinispan.transaction.TransactionCoordinator} under name org.infinispan.transaction.TransactionCoordinator
14:05:38,873 TRACE (main:) [ComponentRegistry] Get or create local component interface javax.transaction.TransactionSynchronizationRegistry
14:05:38,873 TRACE (main:) [ComponentRegistry] Looking up local component javax.transaction.TransactionSynchronizationRegistry
14:05:38,873 TRACE (main:) [ComponentRegistry] Looking up local factory for component interface javax.transaction.TransactionSynchronizationRegistry
14:05:38,873 TRACE (main:) [ComponentRegistry] Looking up factory for class interface javax.transaction.TransactionSynchronizationRegistry
14:05:38,873 TRACE (main:) [ComponentRegistry] Looking up local component org.infinispan.factories.TransactionSynchronizationRegistryFactory
14:05:38,873 TRACE (main:) [ComponentRegistry] Looking up local component org.infinispan.factories.TransactionSynchronizationRegistryFactory
14:05:38,873 TRACE (main:) [ComponentRegistry] Creating factory org.infinispan.factories.TransactionSynchronizationRegistryFactory for component interface javax.transaction.TransactionSynchronizationRegistry
14:05:38,874 TRACE (main:) [ComponentRegistry] Injecting dependencies for method [private void org.infinispan.factories.AbstractNamedCacheComponentFactory.injectGlobalDependencies(org.infinispan.configuration.cache.Configuration,org.infinispan.factories.ComponentRegistry)] on an instance of [org.infinispan.factories.TransactionSynchronizationRegistryFactory].
14:05:38,874 TRACE (main:) [ComponentRegistry] Get or create local component class org.infinispan.configuration.cache.Configuration
14:05:38,874 TRACE (main:) [ComponentRegistry] Looking up local component org.infinispan.configuration.cache.Configuration
14:05:38,874 TRACE (main:) [ComponentRegistry] Get or create local component class org.infinispan.factories.ComponentRegistry
14:05:38,874 TRACE (main:) [ComponentRegistry] Looking up local component org.infinispan.factories.ComponentRegistry
14:05:38,874 TRACE (main:) [ComponentRegistry] Injecting dependencies for method [private void org.infinispan.factories.AbstractComponentFactory.injectGlobalDependencies(org.infinispan.configuration.global.GlobalConfiguration,org.infinispan.factories.GlobalComponentRegistry)] on an instance of [org.infinispan.factories.TransactionSynchronizationRegistryFactory].
14:05:38,874 TRACE (main:) [ComponentRegistry] Get or create global component class org.infinispan.configuration.global.GlobalConfiguration
14:05:38,874 TRACE (main:) [ComponentRegistry] Get or create global component class org.infinispan.factories.GlobalComponentRegistry
14:05:38,874 TRACE (main:) [ComponentRegistry] Registering component Component{instance=org.infinispan.factories.TransactionSynchronizationRegistryFactory@24959ca4, name=org.infinispan.factories.TransactionSynchronizationRegistryFactory} under name org.infinispan.factories.TransactionSynchronizationRegistryFactory
14:05:38,874 TRACE (main:) [ComponentRegistry] Looking up local component org.infinispan.factories.TransactionSynchronizationRegistryFactory
14:05:38,874 TRACE (main:) [ComponentRegistry] Creating component javax.transaction.TransactionSynchronizationRegistry with factory class org.infinispan.factories.TransactionSynchronizationRegistryFactory
14:05:38,874 TRACE (main:) [ComponentRegistry] Registering a null for component javax.transaction.TransactionSynchronizationRegistry
14:05:38,874 TRACE (main:) [ComponentRegistry] Registering component Component{instance=java.lang.Object@5b7a7f33, name=javax.transaction.TransactionSynchronizationRegistry} under name javax.transaction.TransactionSynchronizationRegistry
14:05:38,874 TRACE (main:) [ComponentRegistry] Get or create local component interface org.infinispan.commands.CommandsFactory
14:05:38,874 TRACE (main:) [ComponentRegistry] Looking up local component org.infinispan.commands.CommandsFactory
14:05:38,874 TRACE (main:) [ComponentRegistry] Get or create local component interface org.infinispan.interceptors.locking.ClusteringDependentLogic
14:05:38,874 TRACE (main:) [ComponentRegistry] Looking up local component org.infinispan.interceptors.locking.ClusteringDependentLogic
14:05:38,874 TRACE (main:) [ComponentRegistry] Get or create local component interface org.infinispan.Cache
14:05:38,875 TRACE (main:) [ComponentRegistry] Looking up local component org.infinispan.Cache
14:05:38,875 TRACE (main:) [ComponentRegistry] Get or create global component interface org.infinispan.util.TimeService
14:05:38,875 TRACE (main:) [ComponentRegistry] Get or create global component interface org.infinispan.notifications.cachemanagerlistener.CacheManagerNotifier
14:05:38,875 TRACE (main:) [ComponentRegistry] Registering component Component{instance=org.infinispan.transaction.xa.XaTransactionTable@10289886, name=org.infinispan.transaction.TransactionTable} under name org.infinispan.transaction.TransactionTable
14:05:38,875 TRACE (main:) [ComponentRegistry] Get or create local component interface org.infinispan.context.InvocationContextContainer
14:05:38,875 TRACE (main:) [ComponentRegistry] Looking up local component org.infinispan.context.InvocationContextContainer
14:05:38,875 TRACE (main:) [ComponentRegistry] Injecting dependencies for method [public void org.infinispan.interceptors.base.CommandInterceptor.injectConfiguration(org.infinispan.configuration.cache.Configuration)] on an instance of [org.infinispan.interceptors.InvocationContextInterceptor].
14:05:38,875 TRACE (main:) [ComponentRegistry] Get or create local component class org.infinispan.configuration.cache.Configuration
14:05:38,875 TRACE (main:) [ComponentRegistry] Looking up local component org.infinispan.configuration.cache.Configuration
14:05:38,875 TRACE (main:) [ComponentRegistry] Registering component Component{instance=org.infinispan.interceptors.InvocationContextInterceptor@5c86dbc5, name=org.infinispan.interceptors.InvocationContextInterceptor} under name org.infinispan.interceptors.InvocationContextInterceptor
14:05:38,877 TRACE (main:) [ComponentRegistry] Looking up local component org.infinispan.interceptors.CacheMgmtInterceptor
14:05:38,877 TRACE (main:) [ComponentRegistry] Injecting dependencies for method [public void org.infinispan.interceptors.CacheMgmtInterceptor.setDependencies(org.infinispan.container.DataContainer,org.infinispan.util.TimeService)] on an instance of [org.infinispan.interceptors.CacheMgmtInterceptor].
14:05:38,877 TRACE (main:) [ComponentRegistry] Get or create local component interface org.infinispan.container.DataContainer
14:05:38,877 TRACE (main:) [ComponentRegistry] Looking up local component org.infinispan.container.DataContainer
14:05:38,877 TRACE (main:) [ComponentRegistry] Get or create global component interface org.infinispan.util.TimeService
14:05:38,877 TRACE (main:) [ComponentRegistry] Injecting dependencies for method [public void org.infinispan.interceptors.base.CommandInterceptor.injectConfiguration(org.infinispan.configuration.cache.Configuration)] on an instance of [org.infinispan.interceptors.CacheMgmtInterceptor].
14:05:38,877 TRACE (main:) [ComponentRegistry] Get or create local component class org.infinispan.configuration.cache.Configuration
14:05:38,877 TRACE (main:) [ComponentRegistry] Looking up local component org.infinispan.configuration.cache.Configuration
14:05:38,877 TRACE (main:) [ComponentRegistry] Registering component Component{instance=org.infinispan.interceptors.CacheMgmtInterceptor@18f8cd79, name=org.infinispan.interceptors.CacheMgmtInterceptor} under name org.infinispan.interceptors.CacheMgmtInterceptor
14:05:38,878 TRACE (main:) [ComponentRegistry] Looking up local component org.infinispan.statetransfer.StateTransferInterceptor
14:05:38,878 TRACE (main:) [ComponentRegistry] Injecting dependencies for method [public void org.infinispan.statetransfer.StateTransferInterceptor.init(org.infinispan.statetransfer.StateTransferLock,org.infinispan.configuration.cache.Configuration,org.infinispan.statetransfer.StateTransferManager,org.infinispan.remoting.transport.Transport)] on an instance of [org.infinispan.statetransfer.StateTransferInterceptor].
14:05:38,878 TRACE (main:) [ComponentRegistry] Get or create local component interface org.infinispan.statetransfer.StateTransferLock
14:05:38,878 TRACE (main:) [ComponentRegistry] Looking up local component org.infinispan.statetransfer.StateTransferLock
14:05:38,878 TRACE (main:) [ComponentRegistry] Get or create local component class org.infinispan.configuration.cache.Configuration
14:05:38,878 TRACE (main:) [ComponentRegistry] Looking up local component org.infinispan.configuration.cache.Configuration
14:05:38,879 TRACE (main:) [ComponentRegistry] Get or create local component interface org.infinispan.statetransfer.StateTransferManager
14:05:38,879 TRACE (main:) [ComponentRegistry] Looking up local component org.infinispan.statetransfer.StateTransferManager
14:05:38,879 TRACE (main:) [ComponentRegistry] Get or create global component interface org.infinispan.remoting.transport.Transport
14:05:38,879 TRACE (main:) [ComponentRegistry] Injecting dependencies for method [public void org.infinispan.interceptors.base.CommandInterceptor.injectConfiguration(org.infinispan.configuration.cache.Configuration)] on an instance of [org.infinispan.statetransfer.StateTransferInterceptor].
14:05:38,879 TRACE (main:) [ComponentRegistry] Get or create local component class org.infinispan.configuration.cache.Configuration
14:05:38,879 TRACE (main:) [ComponentRegistry] Looking up local component org.infinispan.configuration.cache.Configuration
14:05:38,879 TRACE (main:) [ComponentRegistry] Registering component Component{instance=org.infinispan.statetransfer.StateTransferInterceptor@50f6ac94, name=org.infinispan.statetransfer.StateTransferInterceptor} under name org.infinispan.statetransfer.StateTransferInterceptor
14:05:38,879 TRACE (main:) [ComponentRegistry] Looking up local component org.infinispan.interceptors.NotificationInterceptor
14:05:38,879 TRACE (main:) [ComponentRegistry] Injecting dependencies for method [public void org.infinispan.interceptors.NotificationInterceptor.injectDependencies(org.infinispan.notifications.cachelistener.CacheNotifier)] on an instance of [org.infinispan.interceptors.NotificationInterceptor].
14:05:38,879 TRACE (main:) [ComponentRegistry] Get or create local component interface org.infinispan.notifications.cachelistener.CacheNotifier
14:05:38,879 TRACE (main:) [ComponentRegistry] Looking up local component org.infinispan.notifications.cachelistener.CacheNotifier
14:05:38,879 TRACE (main:) [ComponentRegistry] Injecting dependencies for method [public void org.infinispan.interceptors.base.CommandInterceptor.injectConfiguration(org.infinispan.configuration.cache.Configuration)] on an instance of [org.infinispan.interceptors.NotificationInterceptor].
14:05:38,879 TRACE (main:) [ComponentRegistry] Get or create local component class org.infinispan.configuration.cache.Configuration
14:05:38,879 TRACE (main:) [ComponentRegistry] Looking up local component org.infinispan.configuration.cache.Configuration
14:05:38,879 TRACE (main:) [ComponentRegistry] Registering component Component{instance=org.infinispan.interceptors.NotificationInterceptor@28194a50, name=org.infinispan.interceptors.NotificationInterceptor} under name org.infinispan.interceptors.NotificationInterceptor
14:05:38,880 TRACE (main:) [ComponentRegistry] Looking up local component org.infinispan.interceptors.locking.NonTransactionalLockingInterceptor
14:05:38,880 TRACE (main:) [ComponentRegistry] Injecting dependencies for method [public void org.infinispan.interceptors.locking.AbstractLockingInterceptor.setDependencies(org.infinispan.util.concurrent.locks.LockManager,org.infinispan.container.DataContainer,org.infinispan.container.EntryFactory,org.infinispan.interceptors.locking.ClusteringDependentLogic)] on an instance of [org.infinispan.interceptors.locking.NonTransactionalLockingInterceptor].
14:05:38,880 TRACE (main:) [ComponentRegistry] Get or create local component interface org.infinispan.util.concurrent.locks.LockManager
14:05:38,880 TRACE (main:) [ComponentRegistry] Looking up local component org.infinispan.util.concurrent.locks.LockManager
14:05:38,880 TRACE (main:) [ComponentRegistry] Looking up local factory for component interface org.infinispan.util.concurrent.locks.LockManager
14:05:38,880 TRACE (main:) [ComponentRegistry] Looking up factory for class interface org.infinispan.util.concurrent.locks.LockManager
14:05:38,880 TRACE (main:) [ComponentRegistry] Looking up local component org.infinispan.factories.LockManagerFactory
14:05:38,880 TRACE (main:) [ComponentRegistry] Looking up local component org.infinispan.factories.LockManagerFactory
14:05:38,880 TRACE (main:) [ComponentRegistry] Creating factory org.infinispan.factories.LockManagerFactory for component interface org.infinispan.util.concurrent.locks.LockManager
14:05:38,881 TRACE (main:) [ComponentRegistry] Injecting dependencies for method [private void org.infinispan.factories.AbstractNamedCacheComponentFactory.injectGlobalDependencies(org.infinispan.configuration.cache.Configuration,org.infinispan.factories.ComponentRegistry)] on an instance of [org.infinispan.factories.LockManagerFactory].
14:05:38,881 TRACE (main:) [ComponentRegistry] Get or create local component class org.infinispan.configuration.cache.Configuration
14:05:38,881 TRACE (main:) [ComponentRegistry] Looking up local component org.infinispan.configuration.cache.Configuration
14:05:38,881 TRACE (main:) [ComponentRegistry] Get or create local component class org.infinispan.factories.ComponentRegistry
14:05:38,881 TRACE (main:) [ComponentRegistry] Looking up local component org.infinispan.factories.ComponentRegistry
14:05:38,881 TRACE (main:) [ComponentRegistry] Injecting dependencies for method [private void org.infinispan.factories.AbstractComponentFactory.injectGlobalDependencies(org.infinispan.configuration.global.GlobalConfiguration,org.infinispan.factories.GlobalComponentRegistry)] on an instance of [org.infinispan.factories.LockManagerFactory].
14:05:38,881 TRACE (main:) [ComponentRegistry] Get or create global component class org.infinispan.configuration.global.GlobalConfiguration
14:05:38,881 TRACE (main:) [ComponentRegistry] Get or create global component class org.infinispan.factories.GlobalComponentRegistry
14:05:38,881 TRACE (main:) [ComponentRegistry] Registering component Component{instance=org.infinispan.factories.LockManagerFactory@45efd90f, name=org.infinispan.factories.LockManagerFactory} under name org.infinispan.factories.LockManagerFactory
14:05:38,881 TRACE (main:) [ComponentRegistry] Looking up local component org.infinispan.factories.LockManagerFactory
14:05:38,881 TRACE (main:) [ComponentRegistry] Creating component org.infinispan.util.concurrent.locks.LockManager with factory class org.infinispan.factories.LockManagerFactory
14:05:38,882 TRACE (main:) [ComponentRegistry] Injecting dependencies for method [public void org.infinispan.util.concurrent.locks.LockManagerImpl.injectDependencies(org.infinispan.configuration.cache.Configuration,org.infinispan.util.concurrent.locks.containers.LockContainer)] on an instance of [org.infinispan.util.concurrent.locks.LockManagerImpl].
14:05:38,882 TRACE (main:) [ComponentRegistry] Get or create local component class org.infinispan.configuration.cache.Configuration
14:05:38,882 TRACE (main:) [ComponentRegistry] Looking up local component org.infinispan.configuration.cache.Configuration
14:05:38,882 TRACE (main:) [ComponentRegistry] Get or create local component interface org.infinispan.util.concurrent.locks.containers.LockContainer
14:05:38,882 TRACE (main:) [ComponentRegistry] Looking up local component org.infinispan.util.concurrent.locks.containers.LockContainer
14:05:38,882 TRACE (main:) [ComponentRegistry] Looking up local factory for component interface org.infinispan.util.concurrent.locks.containers.LockContainer
14:05:38,882 TRACE (main:) [ComponentRegistry] Looking up factory for class interface org.infinispan.util.concurrent.locks.containers.LockContainer
14:05:38,882 TRACE (main:) [ComponentRegistry] Looking up local component org.infinispan.factories.LockContainerFactory
14:05:38,882 TRACE (main:) [ComponentRegistry] Looking up local component org.infinispan.factories.LockContainerFactory
14:05:38,882 TRACE (main:) [ComponentRegistry] Creating factory org.infinispan.factories.LockContainerFactory for component interface org.infinispan.util.concurrent.locks.containers.LockContainer
14:05:38,885 TRACE (main:) [ComponentRegistry] Injecting dependencies for method [private void org.infinispan.factories.AbstractNamedCacheComponentFactory.injectGlobalDependencies(org.infinispan.configuration.cache.Configuration,org.infinispan.factories.ComponentRegistry)] on an instance of [org.infinispan.factories.LockContainerFactory].
14:05:38,885 TRACE (main:) [ComponentRegistry] Get or create local component class org.infinispan.configuration.cache.Configuration
14:05:38,885 TRACE (main:) [ComponentRegistry] Looking up local component org.infinispan.configuration.cache.Configuration
14:05:38,885 TRACE (main:) [ComponentRegistry] Get or create local component class org.infinispan.factories.ComponentRegistry
14:05:38,885 TRACE (main:) [ComponentRegistry] Looking up local component org.infinispan.factories.ComponentRegistry
14:05:38,885 TRACE (main:) [ComponentRegistry] Injecting dependencies for method [private void org.infinispan.factories.AbstractComponentFactory.injectGlobalDependencies(org.infinispan.configuration.global.GlobalConfiguration,org.infinispan.factories.GlobalComponentRegistry)] on an instance of [org.infinispan.factories.LockContainerFactory].
14:05:38,885 TRACE (main:) [ComponentRegistry] Get or create global component class org.infinispan.configuration.global.GlobalConfiguration
14:05:38,885 TRACE (main:) [ComponentRegistry] Get or create global component class org.infinispan.factories.GlobalComponentRegistry
14:05:38,885 TRACE (main:) [ComponentRegistry] Registering component Component{instance=org.infinispan.factories.LockContainerFactory@79defdc, name=org.infinispan.factories.LockContainerFactory} under name org.infinispan.factories.LockContainerFactory
14:05:38,885 TRACE (main:) [ComponentRegistry] Looking up local component org.infinispan.factories.LockContainerFactory
14:05:38,885 TRACE (main:) [ComponentRegistry] Creating component org.infinispan.util.concurrent.locks.containers.LockContainer with factory class org.infinispan.factories.LockContainerFactory
14:05:38,886 TRACE (main:) [ComponentRegistry] Registering component Component{instance=AbstractPerEntryLockContainer{locks={}}, name=org.infinispan.util.concurrent.locks.containers.LockContainer} under name org.infinispan.util.concurrent.locks.containers.LockContainer
14:05:38,886 TRACE (main:) [ComponentRegistry] Registering component Component{instance=org.infinispan.util.concurrent.locks.LockManagerImpl@5852c06f, name=org.infinispan.util.concurrent.locks.LockManager} under name org.infinispan.util.concurrent.locks.LockManager
14:05:38,886 TRACE (main:) [ComponentRegistry] Get or create local component interface org.infinispan.container.DataContainer
14:05:38,886 TRACE (main:) [ComponentRegistry] Looking up local component org.infinispan.container.DataContainer
14:05:38,886 TRACE (main:) [ComponentRegistry] Get or create local component interface org.infinispan.container.EntryFactory
14:05:38,887 TRACE (main:) [ComponentRegistry] Looking up local component org.infinispan.container.EntryFactory
14:05:38,887 TRACE (main:) [ComponentRegistry] Looking up local factory for component interface org.infinispan.container.EntryFactory
14:05:38,887 TRACE (main:) [ComponentRegistry] Looking up factory for class interface org.infinispan.container.EntryFactory
14:05:38,887 TRACE (main:) [ComponentRegistry] Looking up local component org.infinispan.factories.EntryMetaFactory
14:05:38,887 TRACE (main:) [ComponentRegistry] Looking up local component org.infinispan.factories.EntryMetaFactory
14:05:38,887 TRACE (main:) [ComponentRegistry] Creating factory org.infinispan.factories.EntryMetaFactory for component interface org.infinispan.container.EntryFactory
14:05:38,887 TRACE (main:) [ComponentRegistry] Injecting dependencies for method [private void org.infinispan.factories.AbstractNamedCacheComponentFactory.injectGlobalDependencies(org.infinispan.configuration.cache.Configuration,org.infinispan.factories.ComponentRegistry)] on an instance of [org.infinispan.factories.EntryMetaFactory].
14:05:38,887 TRACE (main:) [ComponentRegistry] Get or create local component class org.infinispan.configuration.cache.Configuration
14:05:38,887 TRACE (main:) [ComponentRegistry] Looking up local component org.infinispan.configuration.cache.Configuration
14:05:38,887 TRACE (main:) [ComponentRegistry] Get or create local component class org.infinispan.factories.ComponentRegistry
14:05:38,887 TRACE (main:) [ComponentRegistry] Looking up local component org.infinispan.factories.ComponentRegistry
14:05:38,887 TRACE (main:) [ComponentRegistry] Injecting dependencies for method [private void org.infinispan.factories.AbstractComponentFactory.injectGlobalDependencies(org.infinispan.configuration.global.GlobalConfiguration,org.infinispan.factories.GlobalComponentRegistry)] on an instance of [org.infinispan.factories.EntryMetaFactory].
14:05:38,887 TRACE (main:) [ComponentRegistry] Get or create global component class org.infinispan.configuration.global.GlobalConfiguration
14:05:38,887 TRACE (main:) [ComponentRegistry] Get or create global component class org.infinispan.factories.GlobalComponentRegistry
14:05:38,887 TRACE (main:) [ComponentRegistry] Registering component Component{instance=org.infinispan.factories.EntryMetaFactory@38af9828, name=org.infinispan.factories.EntryMetaFactory} under name org.infinispan.factories.EntryMetaFactory
14:05:38,887 TRACE (main:) [ComponentRegistry] Looking up local component org.infinispan.factories.EntryMetaFactory
14:05:38,887 TRACE (main:) [ComponentRegistry] Creating component org.infinispan.container.EntryFactory with factory class org.infinispan.factories.EntryMetaFactory
14:05:38,890 TRACE (main:) [ComponentRegistry] Injecting dependencies for method [public void org.infinispan.container.EntryFactoryImpl.injectDependencies(org.infinispan.container.DataContainer,org.infinispan.configuration.cache.Configuration,org.infinispan.notifications.cachelistener.CacheNotifier,org.infinispan.distribution.DistributionManager)] on an instance of [org.infinispan.container.EntryFactoryImpl].
14:05:38,890 TRACE (main:) [ComponentRegistry] Get or create local component interface org.infinispan.container.DataContainer
14:05:38,890 TRACE (main:) [ComponentRegistry] Looking up local component org.infinispan.container.DataContainer
14:05:38,890 TRACE (main:) [ComponentRegistry] Get or create local component class org.infinispan.configuration.cache.Configuration
14:05:38,890 TRACE (main:) [ComponentRegistry] Looking up local component org.infinispan.configuration.cache.Configuration
14:05:38,890 TRACE (main:) [ComponentRegistry] Get or create local component interface org.infinispan.notifications.cachelistener.CacheNotifier
14:05:38,890 TRACE (main:) [ComponentRegistry] Looking up local component org.infinispan.notifications.cachelistener.CacheNotifier
14:05:38,890 TRACE (main:) [ComponentRegistry] Get or create local component interface org.infinispan.distribution.DistributionManager
14:05:38,890 TRACE (main:) [ComponentRegistry] Looking up local component org.infinispan.distribution.DistributionManager
14:05:38,890 TRACE (main:) [ComponentRegistry] Looking up local factory for component interface org.infinispan.distribution.DistributionManager
14:05:38,890 TRACE (main:) [ComponentRegistry] Looking up factory for class interface org.infinispan.distribution.DistributionManager
14:05:38,890 TRACE (main:) [ComponentRegistry] Looking up local component org.infinispan.factories.DistributionManagerFactory
14:05:38,890 TRACE (main:) [ComponentRegistry] Looking up local component org.infinispan.factories.DistributionManagerFactory
14:05:38,890 TRACE (main:) [ComponentRegistry] Creating factory org.infinispan.factories.DistributionManagerFactory for component interface org.infinispan.distribution.DistributionManager
14:05:38,890 TRACE (main:) [ComponentRegistry] Injecting dependencies for method [private void org.infinispan.factories.AbstractNamedCacheComponentFactory.injectGlobalDependencies(org.infinispan.configuration.cache.Configuration,org.infinispan.factories.ComponentRegistry)] on an instance of [org.infinispan.factories.DistributionManagerFactory].
14:05:38,890 TRACE (main:) [ComponentRegistry] Get or create local component class org.infinispan.configuration.cache.Configuration
14:05:38,890 TRACE (main:) [ComponentRegistry] Looking up local component org.infinispan.configuration.cache.Configuration
14:05:38,890 TRACE (main:) [ComponentRegistry] Get or create local component class org.infinispan.factories.ComponentRegistry
14:05:38,890 TRACE (main:) [ComponentRegistry] Looking up local component org.infinispan.factories.ComponentRegistry
14:05:38,891 TRACE (main:) [ComponentRegistry] Injecting dependencies for method [private void org.infinispan.factories.AbstractComponentFactory.injectGlobalDependencies(org.infinispan.configuration.global.GlobalConfiguration,org.infinispan.factories.GlobalComponentRegistry)] on an instance of [org.infinispan.factories.DistributionManagerFactory].
14:05:38,891 TRACE (main:) [ComponentRegistry] Get or create global component class org.infinispan.configuration.global.GlobalConfiguration
14:05:38,891 TRACE (main:) [ComponentRegistry] Get or create global component class org.infinispan.factories.GlobalComponentRegistry
14:05:38,891 TRACE (main:) [ComponentRegistry] Registering component Component{instance=org.infinispan.factories.DistributionManagerFactory@776a6d9b, name=org.infinispan.factories.DistributionManagerFactory} under name org.infinispan.factories.DistributionManagerFactory
14:05:38,891 TRACE (main:) [ComponentRegistry] Looking up local component org.infinispan.factories.DistributionManagerFactory
14:05:38,891 TRACE (main:) [ComponentRegistry] Creating component org.infinispan.distribution.DistributionManager with factory class org.infinispan.factories.DistributionManagerFactory
14:05:38,892 TRACE (main:) [ComponentRegistry] Injecting dependencies for method [public void org.infinispan.distribution.DistributionManagerImpl.init(org.infinispan.remoting.rpc.RpcManager,org.infinispan.statetransfer.StateTransferManager)] on an instance of [org.infinispan.distribution.DistributionManagerImpl].
14:05:38,892 TRACE (main:) [ComponentRegistry] Get or create local component interface org.infinispan.remoting.rpc.RpcManager
14:05:38,892 TRACE (main:) [ComponentRegistry] Looking up local component org.infinispan.remoting.rpc.RpcManager
14:05:38,892 TRACE (main:) [ComponentRegistry] Get or create local component interface org.infinispan.statetransfer.StateTransferManager
14:05:38,892 TRACE (main:) [ComponentRegistry] Looking up local component org.infinispan.statetransfer.StateTransferManager
14:05:38,892 TRACE (main:) [ComponentRegistry] Registering component Component{instance=org.infinispan.distribution.DistributionManagerImpl@33f676f6, name=org.infinispan.distribution.DistributionManager} under name org.infinispan.distribution.DistributionManager
14:05:38,893 TRACE (main:) [ComponentRegistry] Registering component Component{instance=org.infinispan.container.EntryFactoryImpl@4c5ae43b, name=org.infinispan.container.EntryFactory} under name org.infinispan.container.EntryFactory
14:05:38,893 TRACE (main:) [ComponentRegistry] Get or create local component interface org.infinispan.interceptors.locking.ClusteringDependentLogic
14:05:38,893 TRACE (main:) [ComponentRegistry] Looking up local component org.infinispan.interceptors.locking.ClusteringDependentLogic
14:05:38,893 TRACE (main:) [ComponentRegistry] Injecting dependencies for method [public void org.infinispan.interceptors.base.CommandInterceptor.injectConfiguration(org.infinispan.configuration.cache.Configuration)] on an instance of [org.infinispan.interceptors.locking.NonTransactionalLockingInterceptor].
14:05:38,893 TRACE (main:) [ComponentRegistry] Get or create local component class org.infinispan.configuration.cache.Configuration
14:05:38,893 TRACE (main:) [ComponentRegistry] Looking up local component org.infinispan.configuration.cache.Configuration
14:05:38,893 TRACE (main:) [ComponentRegistry] Registering component Component{instance=org.infinispan.interceptors.locking.NonTransactionalLockingInterceptor@264f218, name=org.infinispan.interceptors.locking.NonTransactionalLockingInterceptor} under name org.infinispan.interceptors.locking.NonTransactionalLockingInterceptor
14:05:38,894 TRACE (main:) [ComponentRegistry] Looking up local component org.infinispan.interceptors.EntryWrappingInterceptor
14:05:38,894 TRACE (main:) [ComponentRegistry] Injecting dependencies for method [public void org.infinispan.interceptors.EntryWrappingInterceptor.init(org.infinispan.container.EntryFactory,org.infinispan.container.DataContainer,org.infinispan.interceptors.locking.ClusteringDependentLogic,org.infinispan.commands.CommandsFactory,org.infinispan.statetransfer.StateConsumer,org.infinispan.statetransfer.StateTransferLock,org.infinispan.xsite.statetransfer.XSiteStateConsumer)] on an instance of [org.infinispan.interceptors.EntryWrappingInterceptor].
14:05:38,894 TRACE (main:) [ComponentRegistry] Get or create local component interface org.infinispan.container.EntryFactory
14:05:38,894 TRACE (main:) [ComponentRegistry] Looking up local component org.infinispan.container.EntryFactory
14:05:38,894 TRACE (main:) [ComponentRegistry] Get or create local component interface org.infinispan.container.DataContainer
14:05:38,894 TRACE (main:) [ComponentRegistry] Looking up local component org.infinispan.container.DataContainer
14:05:38,894 TRACE (main:) [ComponentRegistry] Get or create local component interface org.infinispan.interceptors.locking.ClusteringDependentLogic
14:05:38,895 TRACE (main:) [ComponentRegistry] Looking up local component org.infinispan.interceptors.locking.ClusteringDependentLogic
14:05:38,895 TRACE (main:) [ComponentRegistry] Get or create local component interface org.infinispan.commands.CommandsFactory
14:05:38,895 TRACE (main:) [ComponentRegistry] Looking up local component org.infinispan.commands.CommandsFactory
14:05:38,895 TRACE (main:) [ComponentRegistry] Get or create local component interface org.infinispan.statetransfer.StateConsumer
14:05:38,895 TRACE (main:) [ComponentRegistry] Looking up local component org.infinispan.statetransfer.StateConsumer
14:05:38,895 TRACE (main:) [ComponentRegistry] Get or create local component interface org.infinispan.statetransfer.StateTransferLock
14:05:38,895 TRACE (main:) [ComponentRegistry] Looking up local component org.infinispan.statetransfer.StateTransferLock
14:05:38,895 TRACE (main:) [ComponentRegistry] Get or create local component interface org.infinispan.xsite.statetransfer.XSiteStateConsumer
14:05:38,895 TRACE (main:) [ComponentRegistry] Looking up local component org.infinispan.xsite.statetransfer.XSiteStateConsumer
14:05:38,895 TRACE (main:) [ComponentRegistry] Looking up local factory for component interface org.infinispan.xsite.statetransfer.XSiteStateConsumer
14:05:38,895 TRACE (main:) [ComponentRegistry] Looking up factory for class interface org.infinispan.xsite.statetransfer.XSiteStateConsumer
14:05:38,895 TRACE (main:) [ComponentRegistry] Looking up local component org.infinispan.factories.EmptyConstructorNamedCacheFactory
14:05:38,895 TRACE (main:) [ComponentRegistry] Looking up local component org.infinispan.factories.EmptyConstructorNamedCacheFactory
14:05:38,895 TRACE (main:) [ComponentRegistry] Creating component org.infinispan.xsite.statetransfer.XSiteStateConsumer with factory class org.infinispan.factories.EmptyConstructorNamedCacheFactory
14:05:38,896 TRACE (main:) [ComponentRegistry] Injecting dependencies for method [public void org.infinispan.xsite.statetransfer.XSiteStateConsumerImpl.inject(javax.transaction.TransactionManager,org.infinispan.context.InvocationContextFactory,org.infinispan.commands.CommandsFactory,org.infinispan.interceptors.InterceptorChain,org.infinispan.statetransfer.CommitManager)] on an instance of [org.infinispan.xsite.statetransfer.XSiteStateConsumerImpl].
14:05:38,896 TRACE (main:) [ComponentRegistry] Get or create local component interface javax.transaction.TransactionManager
14:05:38,896 TRACE (main:) [ComponentRegistry] Looking up local component javax.transaction.TransactionManager
14:05:38,896 TRACE (main:) [ComponentRegistry] Get or create local component interface org.infinispan.context.InvocationContextFactory
14:05:38,896 TRACE (main:) [ComponentRegistry] Looking up local component org.infinispan.context.InvocationContextFactory
14:05:38,896 TRACE (main:) [ComponentRegistry] Get or create local component interface org.infinispan.commands.CommandsFactory
14:05:38,896 TRACE (main:) [ComponentRegistry] Looking up local component org.infinispan.commands.CommandsFactory
14:05:38,896 TRACE (main:) [ComponentRegistry] Get or create local component class org.infinispan.interceptors.InterceptorChain
14:05:38,896 TRACE (main:) [ComponentRegistry] Looking up local component org.infinispan.interceptors.InterceptorChain
14:05:38,896 TRACE (main:) [ComponentRegistry] Get or create local component class org.infinispan.statetransfer.CommitManager
14:05:38,896 TRACE (main:) [ComponentRegistry] Looking up local component org.infinispan.statetransfer.CommitManager
14:05:38,896 TRACE (main:) [ComponentRegistry] Looking up local factory for component class org.infinispan.statetransfer.CommitManager
14:05:38,897 TRACE (main:) [ComponentRegistry] Looking up factory for class class org.infinispan.statetransfer.CommitManager
14:05:38,897 TRACE (main:) [ComponentRegistry] Looking up local component org.infinispan.factories.EmptyConstructorNamedCacheFactory
14:05:38,897 TRACE (main:) [ComponentRegistry] Looking up local component org.infinispan.factories.EmptyConstructorNamedCacheFactory
14:05:38,897 TRACE (main:) [ComponentRegistry] Creating component org.infinispan.statetransfer.CommitManager with factory class org.infinispan.factories.EmptyConstructorNamedCacheFactory
14:05:38,897 TRACE (main:) [ComponentRegistry] Injecting dependencies for method [public final void org.infinispan.statetransfer.CommitManager.inject(org.infinispan.container.DataContainer)] on an instance of [org.infinispan.statetransfer.CommitManager].
14:05:38,897 TRACE (main:) [ComponentRegistry] Get or create local component interface org.infinispan.container.DataContainer
14:05:38,897 TRACE (main:) [ComponentRegistry] Looking up local component org.infinispan.container.DataContainer
14:05:38,897 TRACE (main:) [ComponentRegistry] Registering component Component{instance=CommitManager{tracker=0 key(s), trackStateTransfer=false, trackXSiteStateTransfer=false}, name=org.infinispan.statetransfer.CommitManager} under name org.infinispan.statetransfer.CommitManager
14:05:38,897 TRACE (main:) [ComponentRegistry] Registering component Component{instance=org.infinispan.xsite.statetransfer.XSiteStateConsumerImpl@72d6b3ba, name=org.infinispan.xsite.statetransfer.XSiteStateConsumer} under name org.infinispan.xsite.statetransfer.XSiteStateConsumer
14:05:38,898 TRACE (main:) [ComponentRegistry] Injecting dependencies for method [public void org.infinispan.interceptors.base.CommandInterceptor.injectConfiguration(org.infinispan.configuration.cache.Configuration)] on an instance of [org.infinispan.interceptors.EntryWrappingInterceptor].
14:05:38,898 TRACE (main:) [ComponentRegistry] Get or create local component class org.infinispan.configuration.cache.Configuration
14:05:38,898 TRACE (main:) [ComponentRegistry] Looking up local component org.infinispan.configuration.cache.Configuration
14:05:38,898 TRACE (main:) [ComponentRegistry] Registering component Component{instance=org.infinispan.interceptors.EntryWrappingInterceptor@1787f2a0, name=org.infinispan.interceptors.EntryWrappingInterceptor} under name org.infinispan.interceptors.EntryWrappingInterceptor
14:05:38,900 TRACE (main:) [ComponentRegistry] Looking up local component org.infinispan.interceptors.distribution.NonTxDistributionInterceptor
14:05:38,901 TRACE (main:) [ComponentRegistry] Injecting dependencies for method [public void org.infinispan.interceptors.distribution.BaseDistributionInterceptor.injectDependencies(org.infinispan.distribution.DistributionManager,org.infinispan.interceptors.locking.ClusteringDependentLogic,org.infinispan.distribution.RemoteValueRetrievedListener)] on an instance of [org.infinispan.interceptors.distribution.NonTxDistributionInterceptor].
14:05:38,901 TRACE (main:) [ComponentRegistry] Get or create local component interface org.infinispan.distribution.DistributionManager
14:05:38,901 TRACE (main:) [ComponentRegistry] Looking up local component org.infinispan.distribution.DistributionManager
14:05:38,901 TRACE (main:) [ComponentRegistry] Get or create local component interface org.infinispan.interceptors.locking.ClusteringDependentLogic
14:05:38,901 TRACE (main:) [ComponentRegistry] Looking up local component org.infinispan.interceptors.locking.ClusteringDependentLogic
14:05:38,901 TRACE (main:) [ComponentRegistry] Get or create local component interface org.infinispan.distribution.RemoteValueRetrievedListener
14:05:38,901 TRACE (main:) [ComponentRegistry] Looking up local component org.infinispan.distribution.RemoteValueRetrievedListener
14:05:38,901 TRACE (main:) [ComponentRegistry] Looking up local factory for component interface org.infinispan.distribution.RemoteValueRetrievedListener
14:05:38,901 TRACE (main:) [ComponentRegistry] Looking up factory for class interface org.infinispan.distribution.RemoteValueRetrievedListener
14:05:38,901 TRACE (main:) [ComponentRegistry] Looking up local component org.infinispan.factories.EmptyConstructorNamedCacheFactory
14:05:38,901 TRACE (main:) [ComponentRegistry] Looking up local component org.infinispan.factories.EmptyConstructorNamedCacheFactory
14:05:38,901 TRACE (main:) [ComponentRegistry] Creating component org.infinispan.distribution.RemoteValueRetrievedListener with factory class org.infinispan.factories.EmptyConstructorNamedCacheFactory
14:05:38,901 TRACE (main:) [ComponentRegistry] Looking up local component org.infinispan.distribution.L1Manager
14:05:38,901 TRACE (main:) [ComponentRegistry] Registering a null for component org.infinispan.distribution.RemoteValueRetrievedListener
14:05:38,901 TRACE (main:) [ComponentRegistry] Registering component Component{instance=java.lang.Object@5b7a7f33, name=org.infinispan.distribution.RemoteValueRetrievedListener} under name org.infinispan.distribution.RemoteValueRetrievedListener
14:05:38,901 TRACE (main:) [ComponentRegistry] Injecting dependencies for method [public void org.infinispan.interceptors.ClusteringInterceptor.injectDependencies(org.infinispan.commands.CommandsFactory,org.infinispan.container.EntryFactory,org.infinispan.util.concurrent.locks.LockManager,org.infinispan.container.DataContainer,org.infinispan.statetransfer.StateTransferManager)] on an instance of [org.infinispan.interceptors.distribution.NonTxDistributionInterceptor].
14:05:38,901 TRACE (main:) [ComponentRegistry] Get or create local component interface org.infinispan.commands.CommandsFactory
14:05:38,901 TRACE (main:) [ComponentRegistry] Looking up local component org.infinispan.commands.CommandsFactory
14:05:38,901 TRACE (main:) [ComponentRegistry] Get or create local component interface org.infinispan.container.EntryFactory
14:05:38,901 TRACE (main:) [ComponentRegistry] Looking up local component org.infinispan.container.EntryFactory
14:05:38,901 TRACE (main:) [ComponentRegistry] Get or create local component interface org.infinispan.util.concurrent.locks.LockManager
14:05:38,901 TRACE (main:) [ComponentRegistry] Looking up local component org.infinispan.util.concurrent.locks.LockManager
14:05:38,901 TRACE (main:) [ComponentRegistry] Get or create local component interface org.infinispan.container.DataContainer
14:05:38,901 TRACE (main:) [ComponentRegistry] Looking up local component org.infinispan.container.DataContainer
14:05:38,901 TRACE (main:) [ComponentRegistry] Get or create local component interface org.infinispan.statetransfer.StateTransferManager
14:05:38,901 TRACE (main:) [ComponentRegistry] Looking up local component org.infinispan.statetransfer.StateTransferManager
14:05:38,901 TRACE (main:) [ComponentRegistry] Injecting dependencies for method [public void org.infinispan.interceptors.base.BaseRpcInterceptor.inject(org.infinispan.remoting.rpc.RpcManager,org.infinispan.statetransfer.StateConsumer)] on an instance of [org.infinispan.interceptors.distribution.NonTxDistributionInterceptor].
14:05:38,901 TRACE (main:) [ComponentRegistry] Get or create local component interface org.infinispan.remoting.rpc.RpcManager
14:05:38,901 TRACE (main:) [ComponentRegistry] Looking up local component org.infinispan.remoting.rpc.RpcManager
14:05:38,901 TRACE (main:) [ComponentRegistry] Get or create local component interface org.infinispan.statetransfer.StateConsumer
14:05:38,901 TRACE (main:) [ComponentRegistry] Looking up local component org.infinispan.statetransfer.StateConsumer
14:05:38,902 TRACE (main:) [ComponentRegistry] Injecting dependencies for method [public void org.infinispan.interceptors.base.CommandInterceptor.injectConfiguration(org.infinispan.configuration.cache.Configuration)] on an instance of [org.infinispan.interceptors.distribution.NonTxDistributionInterceptor].
14:05:38,902 TRACE (main:) [ComponentRegistry] Get or create local component class org.infinispan.configuration.cache.Configuration
14:05:38,902 TRACE (main:) [ComponentRegistry] Looking up local component org.infinispan.configuration.cache.Configuration
14:05:38,902 TRACE (main:) [ComponentRegistry] Registering component Component{instance=org.infinispan.interceptors.distribution.NonTxDistributionInterceptor@6ca18a14, name=org.infinispan.interceptors.distribution.NonTxDistributionInterceptor} under name org.infinispan.interceptors.distribution.NonTxDistributionInterceptor
14:05:38,902 TRACE (main:) [ComponentRegistry] Looking up local component org.infinispan.interceptors.CallInterceptor
14:05:38,902 TRACE (main:) [ComponentRegistry] Injecting dependencies for method [public void org.infinispan.interceptors.CallInterceptor.inject(org.infinispan.notifications.cachelistener.CacheNotifier)] on an instance of [org.infinispan.interceptors.CallInterceptor].
14:05:38,902 TRACE (main:) [ComponentRegistry] Get or create local component interface org.infinispan.notifications.cachelistener.CacheNotifier
14:05:38,902 TRACE (main:) [ComponentRegistry] Looking up local component org.infinispan.notifications.cachelistener.CacheNotifier
14:05:38,902 TRACE (main:) [ComponentRegistry] Injecting dependencies for method [public void org.infinispan.interceptors.base.CommandInterceptor.injectConfiguration(org.infinispan.configuration.cache.Configuration)] on an instance of [org.infinispan.interceptors.CallInterceptor].
14:05:38,902 TRACE (main:) [ComponentRegistry] Get or create local component class org.infinispan.configuration.cache.Configuration
14:05:38,902 TRACE (main:) [ComponentRegistry] Looking up local component org.infinispan.configuration.cache.Configuration
14:05:38,902 TRACE (main:) [ComponentRegistry] Registering component Component{instance=org.infinispan.interceptors.CallInterceptor@51bd8b5c, name=org.infinispan.interceptors.CallInterceptor} under name org.infinispan.interceptors.CallInterceptor
14:05:38,903 TRACE (main:) [InterceptorChainFactory] Finished building default interceptor chain.
14:05:38,903 TRACE (main:) [ComponentRegistry] Attempting to register a component equal to one that already exists under the same name (org.infinispan.interceptors.InterceptorChain).  Not doing anything.
14:05:38,903 TRACE (main:) [ComponentRegistry] Get or create local component interface org.infinispan.context.InvocationContextFactory
14:05:38,903 TRACE (main:) [ComponentRegistry] Looking up local component org.infinispan.context.InvocationContextFactory
14:05:38,903 TRACE (main:) [ComponentRegistry] Get or create local component class org.infinispan.configuration.cache.Configuration
14:05:38,903 TRACE (main:) [ComponentRegistry] Looking up local component org.infinispan.configuration.cache.Configuration
14:05:38,903 TRACE (main:) [ComponentRegistry] Get or create local component interface org.infinispan.remoting.rpc.RpcManager
14:05:38,903 TRACE (main:) [ComponentRegistry] Looking up local component org.infinispan.remoting.rpc.RpcManager
14:05:38,903 TRACE (main:) [ComponentRegistry] Get or create local component interface javax.transaction.TransactionManager
14:05:38,903 TRACE (main:) [ComponentRegistry] Looking up local component javax.transaction.TransactionManager
14:05:38,903 TRACE (main:) [ComponentRegistry] Get or create local component interface org.infinispan.commands.CommandsFactory
14:05:38,903 TRACE (main:) [ComponentRegistry] Looking up local component org.infinispan.commands.CommandsFactory
14:05:38,903 TRACE (main:) [ComponentRegistry] Get or create local component interface org.infinispan.persistence.manager.PersistenceManager
14:05:38,903 TRACE (main:) [ComponentRegistry] Looking up local component org.infinispan.persistence.manager.PersistenceManager
14:05:38,903 TRACE (main:) [ComponentRegistry] Get or create local component interface org.infinispan.container.DataContainer
14:05:38,903 TRACE (main:) [ComponentRegistry] Looking up local component org.infinispan.container.DataContainer
14:05:38,903 TRACE (main:) [ComponentRegistry] Get or create local component class org.infinispan.transaction.TransactionTable
14:05:38,903 TRACE (main:) [ComponentRegistry] Looking up local component org.infinispan.transaction.TransactionTable
14:05:38,903 TRACE (main:) [ComponentRegistry] Get or create local component interface org.infinispan.statetransfer.StateTransferLock
14:05:38,903 TRACE (main:) [ComponentRegistry] Looking up local component org.infinispan.statetransfer.StateTransferLock
14:05:38,903 TRACE (main:) [ComponentRegistry] Get or create local component interface org.infinispan.notifications.cachelistener.CacheNotifier
14:05:38,903 TRACE (main:) [ComponentRegistry] Looking up local component org.infinispan.notifications.cachelistener.CacheNotifier
14:05:38,903 TRACE (main:) [ComponentRegistry] Get or create local component class org.infinispan.transaction.totalorder.TotalOrderManager
14:05:38,903 TRACE (main:) [ComponentRegistry] Looking up local component org.infinispan.transaction.totalorder.TotalOrderManager
14:05:38,903 TRACE (main:) [ComponentRegistry] Looking up local factory for component class org.infinispan.transaction.totalorder.TotalOrderManager
14:05:38,903 TRACE (main:) [ComponentRegistry] Looking up factory for class class org.infinispan.transaction.totalorder.TotalOrderManager
14:05:38,903 TRACE (main:) [ComponentRegistry] Looking up local component org.infinispan.factories.EmptyConstructorNamedCacheFactory
14:05:38,903 TRACE (main:) [ComponentRegistry] Looking up local component org.infinispan.factories.EmptyConstructorNamedCacheFactory
14:05:38,903 TRACE (main:) [ComponentRegistry] Creating component org.infinispan.transaction.totalorder.TotalOrderManager with factory class org.infinispan.factories.EmptyConstructorNamedCacheFactory
14:05:38,904 TRACE (main:) [ComponentRegistry] Injecting dependencies for method [public void org.infinispan.transaction.totalorder.TotalOrderManager.inject(org.infinispan.util.concurrent.BlockingTaskAwareExecutorService)] on an instance of [org.infinispan.transaction.totalorder.TotalOrderManager].
14:05:38,904 TRACE (main:) [ComponentRegistry] Get or create local component interface org.infinispan.util.concurrent.BlockingTaskAwareExecutorService
14:05:38,904 TRACE (main:) [ComponentRegistry] Looking up local component org.infinispan.util.concurrent.BlockingTaskAwareExecutorService
14:05:38,904 TRACE (main:) [ComponentRegistry] Looking up global factory for component interface org.infinispan.util.concurrent.BlockingTaskAwareExecutorService
14:05:38,904 TRACE (main:) [GlobalComponentRegistry] Looking up factory for class interface org.infinispan.util.concurrent.BlockingTaskAwareExecutorService
14:05:38,904 TRACE (main:) [ComponentRegistry] Creating component org.infinispan.executors.totalOrderExecutor with factory class org.infinispan.factories.NamedExecutorsFactory
14:05:38,904 TRACE (main:) [ComponentRegistry] Registering component Component{instance=org.infinispan.executors.LazyInitializingBlockingTaskAwareExecutorService@a7e666, name=org.infinispan.executors.totalOrderExecutor} under name org.infinispan.executors.totalOrderExecutor
14:05:38,904 TRACE (main:) [ComponentRegistry] Registering component Component{instance=org.infinispan.transaction.totalorder.TotalOrderManager@19b843ba, name=org.infinispan.transaction.totalorder.TotalOrderManager} under name org.infinispan.transaction.totalorder.TotalOrderManager
14:05:38,904 TRACE (main:) [ComponentRegistry] Get or create local component interface org.infinispan.util.concurrent.BlockingTaskAwareExecutorService
14:05:38,904 TRACE (main:) [ComponentRegistry] Looking up local component org.infinispan.util.concurrent.BlockingTaskAwareExecutorService
14:05:38,904 TRACE (main:) [ComponentRegistry] Looking up global factory for component interface org.infinispan.util.concurrent.BlockingTaskAwareExecutorService
14:05:38,904 TRACE (main:) [GlobalComponentRegistry] Looking up factory for class interface org.infinispan.util.concurrent.BlockingTaskAwareExecutorService
14:05:38,904 TRACE (main:) [ComponentRegistry] Creating component org.infinispan.executors.remote with factory class org.infinispan.factories.NamedExecutorsFactory
14:05:38,904 TRACE (main:) [ComponentRegistry] Registering component Component{instance=org.infinispan.executors.LazyInitializingBlockingTaskAwareExecutorService@3a883ce7, name=org.infinispan.executors.remote} under name org.infinispan.executors.remote
14:05:38,904 TRACE (main:) [ComponentRegistry] Get or create local component class org.infinispan.statetransfer.CommitManager
14:05:38,904 TRACE (main:) [ComponentRegistry] Looking up local component org.infinispan.statetransfer.CommitManager
14:05:38,904 TRACE (main:) [ComponentRegistry] Registering component Component{instance=org.infinispan.statetransfer.StateConsumerImpl@64ec96c6, name=org.infinispan.statetransfer.StateConsumer} under name org.infinispan.statetransfer.StateConsumer
14:05:38,904 TRACE (main:) [ComponentRegistry] Get or create local component interface org.infinispan.statetransfer.StateProvider
14:05:38,904 TRACE (main:) [ComponentRegistry] Looking up local component org.infinispan.statetransfer.StateProvider
14:05:38,904 TRACE (main:) [ComponentRegistry] Looking up local factory for component interface org.infinispan.statetransfer.StateProvider
14:05:38,904 TRACE (main:) [ComponentRegistry] Looking up factory for class interface org.infinispan.statetransfer.StateProvider
14:05:38,904 TRACE (main:) [ComponentRegistry] Looking up local component org.infinispan.factories.StateTransferComponentFactory
14:05:38,904 TRACE (main:) [ComponentRegistry] Looking up local component org.infinispan.factories.StateTransferComponentFactory
14:05:38,904 TRACE (main:) [ComponentRegistry] Creating component org.infinispan.statetransfer.StateProvider with factory class org.infinispan.factories.StateTransferComponentFactory
14:05:38,906 TRACE (main:) [ComponentRegistry] Injecting dependencies for method [public void org.infinispan.statetransfer.StateProviderImpl.init(org.infinispan.Cache,java.util.concurrent.ExecutorService,org.infinispan.configuration.cache.Configuration,org.infinispan.remoting.rpc.RpcManager,org.infinispan.commands.CommandsFactory,org.infinispan.notifications.cachelistener.cluster.ClusterCacheNotifier,org.infinispan.persistence.manager.PersistenceManager,org.infinispan.container.DataContainer,org.infinispan.transaction.TransactionTable,org.infinispan.statetransfer.StateTransferLock,org.infinispan.statetransfer.StateConsumer,org.infinispan.container.InternalEntryFactory)] on an instance of [org.infinispan.statetransfer.StateProviderImpl].
14:05:38,907 TRACE (main:) [ComponentRegistry] Get or create local component interface org.infinispan.Cache
14:05:38,907 TRACE (main:) [ComponentRegistry] Looking up local component org.infinispan.Cache
14:05:38,907 TRACE (main:) [ComponentRegistry] Get or create local component interface java.util.concurrent.ExecutorService
14:05:38,907 TRACE (main:) [ComponentRegistry] Looking up local component java.util.concurrent.ExecutorService
14:05:38,907 TRACE (main:) [ComponentRegistry] Get or create local component class org.infinispan.configuration.cache.Configuration
14:05:38,907 TRACE (main:) [ComponentRegistry] Looking up local component org.infinispan.configuration.cache.Configuration
14:05:38,907 TRACE (main:) [ComponentRegistry] Get or create local component interface org.infinispan.remoting.rpc.RpcManager
14:05:38,907 TRACE (main:) [ComponentRegistry] Looking up local component org.infinispan.remoting.rpc.RpcManager
14:05:38,907 TRACE (main:) [ComponentRegistry] Get or create local component interface org.infinispan.commands.CommandsFactory
14:05:38,907 TRACE (main:) [ComponentRegistry] Looking up local component org.infinispan.commands.CommandsFactory
14:05:38,907 TRACE (main:) [ComponentRegistry] Get or create local component interface org.infinispan.notifications.cachelistener.cluster.ClusterCacheNotifier
14:05:38,907 TRACE (main:) [ComponentRegistry] Looking up local component org.infinispan.notifications.cachelistener.cluster.ClusterCacheNotifier
14:05:38,907 TRACE (main:) [ComponentRegistry] Looking up local factory for component interface org.infinispan.notifications.cachelistener.cluster.ClusterCacheNotifier
14:05:38,907 TRACE (main:) [ComponentRegistry] Looking up factory for class interface org.infinispan.notifications.cachelistener.cluster.ClusterCacheNotifier
14:05:38,907 TRACE (main:) [ComponentRegistry] Looking up local component org.infinispan.factories.EmptyConstructorNamedCacheFactory
14:05:38,907 TRACE (main:) [ComponentRegistry] Looking up local component org.infinispan.factories.EmptyConstructorNamedCacheFactory
14:05:38,907 TRACE (main:) [ComponentRegistry] Creating component org.infinispan.notifications.cachelistener.cluster.ClusterCacheNotifier with factory class org.infinispan.factories.EmptyConstructorNamedCacheFactory
14:05:38,907 TRACE (main:) [ComponentRegistry] Looking up local component org.infinispan.notifications.cachelistener.CacheNotifier
14:05:38,907 TRACE (main:) [ComponentRegistry] Injecting dependencies for method [void org.infinispan.notifications.cachelistener.CacheNotifierImpl.injectDependencies(org.infinispan.Cache,org.infinispan.interceptors.locking.ClusteringDependentLogic,javax.transaction.TransactionManager,org.infinispan.configuration.cache.Configuration,org.infinispan.distribution.DistributionManager,org.infinispan.iteration.EntryRetriever,org.infinispan.container.InternalEntryFactory)] on an instance of [org.infinispan.notifications.cachelistener.CacheNotifierImpl].
14:05:38,907 TRACE (main:) [ComponentRegistry] Get or create local component interface org.infinispan.Cache
14:05:38,907 TRACE (main:) [ComponentRegistry] Looking up local component org.infinispan.Cache
14:05:38,907 TRACE (main:) [ComponentRegistry] Get or create local component interface org.infinispan.interceptors.locking.ClusteringDependentLogic
14:05:38,907 TRACE (main:) [ComponentRegistry] Looking up local component org.infinispan.interceptors.locking.ClusteringDependentLogic
14:05:38,907 TRACE (main:) [ComponentRegistry] Get or create local component interface javax.transaction.TransactionManager
14:05:38,907 TRACE (main:) [ComponentRegistry] Looking up local component javax.transaction.TransactionManager
14:05:38,907 TRACE (main:) [ComponentRegistry] Get or create local component class org.infinispan.configuration.cache.Configuration
14:05:38,907 TRACE (main:) [ComponentRegistry] Looking up local component org.infinispan.configuration.cache.Configuration
14:05:38,907 TRACE (main:) [ComponentRegistry] Get or create local component interface org.infinispan.distribution.DistributionManager
14:05:38,907 TRACE (main:) [ComponentRegistry] Looking up local component org.infinispan.distribution.DistributionManager
14:05:38,907 TRACE (main:) [ComponentRegistry] Get or create local component interface org.infinispan.iteration.EntryRetriever
14:05:38,907 TRACE (main:) [ComponentRegistry] Looking up local component org.infinispan.iteration.EntryRetriever
14:05:38,907 TRACE (main:) [ComponentRegistry] Looking up local factory for component interface org.infinispan.iteration.EntryRetriever
14:05:38,907 TRACE (main:) [ComponentRegistry] Looking up factory for class interface org.infinispan.iteration.EntryRetriever
14:05:38,907 TRACE (main:) [ComponentRegistry] Looking up local component org.infinispan.factories.EntryRetrieverFactory
14:05:38,907 TRACE (main:) [ComponentRegistry] Looking up local component org.infinispan.factories.EntryRetrieverFactory
14:05:38,907 TRACE (main:) [ComponentRegistry] Creating factory org.infinispan.factories.EntryRetrieverFactory for component interface org.infinispan.iteration.EntryRetriever
14:05:38,908 TRACE (main:) [ComponentRegistry] Injecting dependencies for method [private void org.infinispan.factories.AbstractNamedCacheComponentFactory.injectGlobalDependencies(org.infinispan.configuration.cache.Configuration,org.infinispan.factories.ComponentRegistry)] on an instance of [org.infinispan.factories.EntryRetrieverFactory].
14:05:38,908 TRACE (main:) [ComponentRegistry] Get or create local component class org.infinispan.configuration.cache.Configuration
14:05:38,908 TRACE (main:) [ComponentRegistry] Looking up local component org.infinispan.configuration.cache.Configuration
14:05:38,908 TRACE (main:) [ComponentRegistry] Get or create local component class org.infinispan.factories.ComponentRegistry
14:05:38,908 TRACE (main:) [ComponentRegistry] Looking up local component org.infinispan.factories.ComponentRegistry
14:05:38,908 TRACE (main:) [ComponentRegistry] Injecting dependencies for method [private void org.infinispan.factories.AbstractComponentFactory.injectGlobalDependencies(org.infinispan.configuration.global.GlobalConfiguration,org.infinispan.factories.GlobalComponentRegistry)] on an instance of [org.infinispan.factories.EntryRetrieverFactory].
14:05:38,908 TRACE (main:) [ComponentRegistry] Get or create global component class org.infinispan.configuration.global.GlobalConfiguration
14:05:38,908 TRACE (main:) [ComponentRegistry] Get or create global component class org.infinispan.factories.GlobalComponentRegistry
14:05:38,908 TRACE (main:) [ComponentRegistry] Registering component Component{instance=org.infinispan.factories.EntryRetrieverFactory@928763c, name=org.infinispan.factories.EntryRetrieverFactory} under name org.infinispan.factories.EntryRetrieverFactory
14:05:38,908 TRACE (main:) [ComponentRegistry] Looking up local component org.infinispan.factories.EntryRetrieverFactory
14:05:38,908 TRACE (main:) [ComponentRegistry] Creating component org.infinispan.iteration.EntryRetriever with factory class org.infinispan.factories.EntryRetrieverFactory
14:05:38,912 TRACE (main:) [ComponentRegistry] Injecting dependencies for method [public void org.infinispan.iteration.LocalEntryRetriever.inject(org.infinispan.container.DataContainer,org.infinispan.persistence.manager.PersistenceManager,java.util.concurrent.ExecutorService,org.infinispan.util.TimeService,org.infinispan.container.InternalEntryFactory,org.infinispan.Cache,org.infinispan.configuration.cache.Configuration)] on an instance of [org.infinispan.iteration.LocalEntryRetriever].
14:05:38,912 TRACE (main:) [ComponentRegistry] Get or create local component interface org.infinispan.container.DataContainer
14:05:38,912 TRACE (main:) [ComponentRegistry] Looking up local component org.infinispan.container.DataContainer
14:05:38,912 TRACE (main:) [ComponentRegistry] Get or create local component interface org.infinispan.persistence.manager.PersistenceManager
14:05:38,912 TRACE (main:) [ComponentRegistry] Looking up local component org.infinispan.persistence.manager.PersistenceManager
14:05:38,912 TRACE (main:) [ComponentRegistry] Get or create local component interface java.util.concurrent.ExecutorService
14:05:38,912 TRACE (main:) [ComponentRegistry] Looking up local component java.util.concurrent.ExecutorService
14:05:38,912 TRACE (main:) [ComponentRegistry] Get or create global component interface org.infinispan.util.TimeService
14:05:38,912 TRACE (main:) [ComponentRegistry] Get or create local component interface org.infinispan.container.InternalEntryFactory
14:05:38,912 TRACE (main:) [ComponentRegistry] Looking up local component org.infinispan.container.InternalEntryFactory
14:05:38,912 TRACE (main:) [ComponentRegistry] Looking up local factory for component interface org.infinispan.container.InternalEntryFactory
14:05:38,912 TRACE (main:) [ComponentRegistry] Looking up factory for class interface org.infinispan.container.InternalEntryFactory
14:05:38,912 TRACE (main:) [ComponentRegistry] Looking up local component org.infinispan.factories.EntryMetaFactory
14:05:38,912 TRACE (main:) [ComponentRegistry] Looking up local component org.infinispan.factories.EntryMetaFactory
14:05:38,913 TRACE (main:) [ComponentRegistry] Creating component org.infinispan.container.InternalEntryFactory with factory class org.infinispan.factories.EntryMetaFactory
14:05:38,914 TRACE (main:) [ComponentRegistry] Injecting dependencies for method [public void org.infinispan.container.InternalEntryFactoryImpl.injectTimeService(org.infinispan.util.TimeService)] on an instance of [org.infinispan.container.InternalEntryFactoryImpl].
14:05:38,914 TRACE (main:) [ComponentRegistry] Get or create global component interface org.infinispan.util.TimeService
14:05:38,914 TRACE (main:) [ComponentRegistry] Registering component Component{instance=org.infinispan.container.InternalEntryFactoryImpl@5e17553a, name=org.infinispan.container.InternalEntryFactory} under name org.infinispan.container.InternalEntryFactory
14:05:38,914 TRACE (main:) [ComponentRegistry] Get or create local component interface org.infinispan.Cache
14:05:38,914 TRACE (main:) [ComponentRegistry] Looking up local component org.infinispan.Cache
14:05:38,914 TRACE (main:) [ComponentRegistry] Get or create local component class org.infinispan.configuration.cache.Configuration
14:05:38,914 TRACE (main:) [ComponentRegistry] Looking up local component org.infinispan.configuration.cache.Configuration
14:05:38,914 TRACE (main:) [ComponentRegistry] Registering component Component{instance=org.infinispan.iteration.LocalEntryRetriever@3eb91815, name=org.infinispan.iteration.EntryRetriever} under name org.infinispan.iteration.EntryRetriever
14:05:38,914 TRACE (main:) [ComponentRegistry] Get or create local component interface org.infinispan.container.InternalEntryFactory
14:05:38,914 TRACE (main:) [ComponentRegistry] Looking up local component org.infinispan.container.InternalEntryFactory
14:05:38,914 TRACE (main:) [ComponentRegistry] Injecting dependencies for method [void org.infinispan.notifications.AbstractListenerImpl.injectExecutor(java.util.concurrent.ExecutorService)] on an instance of [org.infinispan.notifications.cachelistener.CacheNotifierImpl].
14:05:38,914 TRACE (main:) [ComponentRegistry] Get or create local component interface java.util.concurrent.ExecutorService
14:05:38,914 TRACE (main:) [ComponentRegistry] Looking up local component java.util.concurrent.ExecutorService
14:05:38,914 TRACE (main:) [ComponentRegistry] Looking up global factory for component interface java.util.concurrent.ExecutorService
14:05:38,914 TRACE (main:) [GlobalComponentRegistry] Looking up factory for class interface java.util.concurrent.ExecutorService
14:05:38,914 TRACE (main:) [ComponentRegistry] Creating component org.infinispan.executors.notification with factory class org.infinispan.factories.NamedExecutorsFactory
14:05:38,914 TRACE (main:) [ComponentRegistry] Registering component Component{instance=org.infinispan.executors.LazyInitializingExecutorService@31610302, name=org.infinispan.executors.notification} under name org.infinispan.executors.notification
14:05:38,914 TRACE (main:) [ComponentRegistry] Registering component Component{instance=org.infinispan.notifications.cachelistener.CacheNotifierImpl@56dc1551, name=org.infinispan.notifications.cachelistener.cluster.ClusterCacheNotifier} under name org.infinispan.notifications.cachelistener.cluster.ClusterCacheNotifier
14:05:38,914 TRACE (main:) [ComponentRegistry] Get or create local component interface org.infinispan.persistence.manager.PersistenceManager
14:05:38,914 TRACE (main:) [ComponentRegistry] Looking up local component org.infinispan.persistence.manager.PersistenceManager
14:05:38,914 TRACE (main:) [ComponentRegistry] Get or create local component interface org.infinispan.container.DataContainer
14:05:38,914 TRACE (main:) [ComponentRegistry] Looking up local component org.infinispan.container.DataContainer
14:05:38,914 TRACE (main:) [ComponentRegistry] Get or create local component class org.infinispan.transaction.TransactionTable
14:05:38,914 TRACE (main:) [ComponentRegistry] Looking up local component org.infinispan.transaction.TransactionTable
14:05:38,914 TRACE (main:) [ComponentRegistry] Get or create local component interface org.infinispan.statetransfer.StateTransferLock
14:05:38,914 TRACE (main:) [ComponentRegistry] Looking up local component org.infinispan.statetransfer.StateTransferLock
14:05:38,914 TRACE (main:) [ComponentRegistry] Get or create local component interface org.infinispan.statetransfer.StateConsumer
14:05:38,914 TRACE (main:) [ComponentRegistry] Looking up local component org.infinispan.statetransfer.StateConsumer
14:05:38,914 TRACE (main:) [ComponentRegistry] Get or create local component interface org.infinispan.container.InternalEntryFactory
14:05:38,914 TRACE (main:) [ComponentRegistry] Looking up local component org.infinispan.container.InternalEntryFactory
14:05:38,915 TRACE (main:) [ComponentRegistry] Registering component Component{instance=org.infinispan.statetransfer.StateProviderImpl@102cec62, name=org.infinispan.statetransfer.StateProvider} under name org.infinispan.statetransfer.StateProvider
14:05:38,915 TRACE (main:) [ComponentRegistry] Get or create local component interface org.infinispan.Cache
14:05:38,915 TRACE (main:) [ComponentRegistry] Looking up local component org.infinispan.Cache
14:05:38,915 TRACE (main:) [ComponentRegistry] Get or create local component interface org.infinispan.notifications.cachelistener.CacheNotifier
14:05:38,915 TRACE (main:) [ComponentRegistry] Looking up local component org.infinispan.notifications.cachelistener.CacheNotifier
14:05:38,915 TRACE (main:) [ComponentRegistry] Get or create local component class org.infinispan.configuration.cache.Configuration
14:05:38,915 TRACE (main:) [ComponentRegistry] Looking up local component org.infinispan.configuration.cache.Configuration
14:05:38,915 TRACE (main:) [ComponentRegistry] Get or create global component class org.infinispan.configuration.global.GlobalConfiguration
14:05:38,915 TRACE (main:) [ComponentRegistry] Get or create local component interface org.infinispan.remoting.rpc.RpcManager
14:05:38,915 TRACE (main:) [ComponentRegistry] Looking up local component org.infinispan.remoting.rpc.RpcManager
14:05:38,915 TRACE (main:) [ComponentRegistry] Get or create local component interface org.infinispan.distribution.group.GroupManager
14:05:38,915 TRACE (main:) [ComponentRegistry] Looking up local component org.infinispan.distribution.group.GroupManager
14:05:38,915 TRACE (main:) [ComponentRegistry] Looking up local factory for component interface org.infinispan.distribution.group.GroupManager
14:05:38,915 TRACE (main:) [ComponentRegistry] Looking up factory for class interface org.infinispan.distribution.group.GroupManager
14:05:38,915 TRACE (main:) [ComponentRegistry] Looking up local component org.infinispan.distribution.group.GroupManagerFactory
14:05:38,915 TRACE (main:) [ComponentRegistry] Looking up local component org.infinispan.distribution.group.GroupManagerFactory
14:05:38,915 TRACE (main:) [ComponentRegistry] Creating factory org.infinispan.distribution.group.GroupManagerFactory for component interface org.infinispan.distribution.group.GroupManager
14:05:38,915 TRACE (main:) [ComponentRegistry] Injecting dependencies for method [private void org.infinispan.factories.AbstractNamedCacheComponentFactory.injectGlobalDependencies(org.infinispan.configuration.cache.Configuration,org.infinispan.factories.ComponentRegistry)] on an instance of [org.infinispan.distribution.group.GroupManagerFactory].
14:05:38,915 TRACE (main:) [ComponentRegistry] Get or create local component class org.infinispan.configuration.cache.Configuration
14:05:38,915 TRACE (main:) [ComponentRegistry] Looking up local component org.infinispan.configuration.cache.Configuration
14:05:38,915 TRACE (main:) [ComponentRegistry] Get or create local component class org.infinispan.factories.ComponentRegistry
14:05:38,915 TRACE (main:) [ComponentRegistry] Looking up local component org.infinispan.factories.ComponentRegistry
14:05:38,915 TRACE (main:) [ComponentRegistry] Injecting dependencies for method [private void org.infinispan.factories.AbstractComponentFactory.injectGlobalDependencies(org.infinispan.configuration.global.GlobalConfiguration,org.infinispan.factories.GlobalComponentRegistry)] on an instance of [org.infinispan.distribution.group.GroupManagerFactory].
14:05:38,915 TRACE (main:) [ComponentRegistry] Get or create global component class org.infinispan.configuration.global.GlobalConfiguration
14:05:38,915 TRACE (main:) [ComponentRegistry] Get or create global component class org.infinispan.factories.GlobalComponentRegistry
14:05:38,915 TRACE (main:) [ComponentRegistry] Registering component Component{instance=org.infinispan.distribution.group.GroupManagerFactory@43015c69, name=org.infinispan.distribution.group.GroupManagerFactory} under name org.infinispan.distribution.group.GroupManagerFactory
14:05:38,915 TRACE (main:) [ComponentRegistry] Looking up local component org.infinispan.distribution.group.GroupManagerFactory
14:05:38,915 TRACE (main:) [ComponentRegistry] Creating component org.infinispan.distribution.group.GroupManager with factory class org.infinispan.distribution.group.GroupManagerFactory
14:05:38,916 TRACE (main:) [ComponentRegistry] Registering a null for component org.infinispan.distribution.group.GroupManager
14:05:38,916 TRACE (main:) [ComponentRegistry] Registering component Component{instance=java.lang.Object@5b7a7f33, name=org.infinispan.distribution.group.GroupManager} under name org.infinispan.distribution.group.GroupManager
14:05:38,916 TRACE (main:) [ComponentRegistry] Get or create global component interface org.infinispan.topology.LocalTopologyManager
14:05:38,916 TRACE (main:) [ComponentRegistry] Get or create local component interface org.infinispan.partionhandling.impl.PartitionHandlingManager
14:05:38,916 TRACE (main:) [ComponentRegistry] Looking up local component org.infinispan.partionhandling.impl.PartitionHandlingManager
14:05:38,916 TRACE (main:) [ComponentRegistry] Looking up local factory for component interface org.infinispan.partionhandling.impl.PartitionHandlingManager
14:05:38,916 TRACE (main:) [ComponentRegistry] Looking up factory for class interface org.infinispan.partionhandling.impl.PartitionHandlingManager
14:05:38,916 TRACE (main:) [ComponentRegistry] Looking up local component org.infinispan.factories.PartitionHandlingManagerFactory
14:05:38,916 TRACE (main:) [ComponentRegistry] Looking up local component org.infinispan.factories.PartitionHandlingManagerFactory
14:05:38,916 TRACE (main:) [ComponentRegistry] Creating factory org.infinispan.factories.PartitionHandlingManagerFactory for component interface org.infinispan.partionhandling.impl.PartitionHandlingManager
14:05:38,916 TRACE (main:) [ComponentRegistry] Injecting dependencies for method [private void org.infinispan.factories.AbstractNamedCacheComponentFactory.injectGlobalDependencies(org.infinispan.configuration.cache.Configuration,org.infinispan.factories.ComponentRegistry)] on an instance of [org.infinispan.factories.PartitionHandlingManagerFactory].
14:05:38,916 TRACE (main:) [ComponentRegistry] Get or create local component class org.infinispan.configuration.cache.Configuration
14:05:38,916 TRACE (main:) [ComponentRegistry] Looking up local component org.infinispan.configuration.cache.Configuration
14:05:38,916 TRACE (main:) [ComponentRegistry] Get or create local component class org.infinispan.factories.ComponentRegistry
14:05:38,916 TRACE (main:) [ComponentRegistry] Looking up local component org.infinispan.factories.ComponentRegistry
14:05:38,917 TRACE (main:) [ComponentRegistry] Injecting dependencies for method [private void org.infinispan.factories.AbstractComponentFactory.injectGlobalDependencies(org.infinispan.configuration.global.GlobalConfiguration,org.infinispan.factories.GlobalComponentRegistry)] on an instance of [org.infinispan.factories.PartitionHandlingManagerFactory].
14:05:38,917 TRACE (main:) [ComponentRegistry] Get or create global component class org.infinispan.configuration.global.GlobalConfiguration
14:05:38,917 TRACE (main:) [ComponentRegistry] Get or create global component class org.infinispan.factories.GlobalComponentRegistry
14:05:38,917 TRACE (main:) [ComponentRegistry] Registering component Component{instance=org.infinispan.factories.PartitionHandlingManagerFactory@791d1f8b, name=org.infinispan.factories.PartitionHandlingManagerFactory} under name org.infinispan.factories.PartitionHandlingManagerFactory
14:05:38,917 TRACE (main:) [ComponentRegistry] Looking up local component org.infinispan.factories.PartitionHandlingManagerFactory
14:05:38,917 TRACE (main:) [ComponentRegistry] Creating component org.infinispan.partionhandling.impl.PartitionHandlingManager with factory class org.infinispan.factories.PartitionHandlingManagerFactory
14:05:38,917 TRACE (main:) [ComponentRegistry] Registering a null for component org.infinispan.partionhandling.impl.PartitionHandlingManager
14:05:38,917 TRACE (main:) [ComponentRegistry] Registering component Component{instance=java.lang.Object@5b7a7f33, name=org.infinispan.partionhandling.impl.PartitionHandlingManager} under name org.infinispan.partionhandling.impl.PartitionHandlingManager
14:05:38,917 TRACE (main:) [ComponentRegistry] Registering component Component{instance=StateTransferManagerImpl [repl@null], name=org.infinispan.statetransfer.StateTransferManager} under name org.infinispan.statetransfer.StateTransferManager
14:05:38,917 TRACE (main:) [ComponentRegistry] Get or create global component interface org.infinispan.util.TimeService
14:05:38,917 TRACE (main:) [ComponentRegistry] Registering component Component{instance=org.infinispan.remoting.rpc.RpcManagerImpl@2415fc55, name=org.infinispan.remoting.rpc.RpcManager} under name org.infinispan.remoting.rpc.RpcManager
14:05:38,917 TRACE (main:) [ComponentRegistry] Get or create local component interface org.infinispan.statetransfer.StateTransferManager
14:05:38,917 TRACE (main:) [ComponentRegistry] Looking up local component org.infinispan.statetransfer.StateTransferManager
14:05:38,917 TRACE (main:) [ComponentRegistry] Injecting dependencies for method [public void org.infinispan.interceptors.locking.ClusteringDependentLogic$AbstractClusteringDependentLogic.init(org.infinispan.container.DataContainer,org.infinispan.notifications.cachelistener.CacheNotifier,org.infinispan.configuration.cache.Configuration,org.infinispan.statetransfer.CommitManager)] on an instance of [org.infinispan.interceptors.locking.ClusteringDependentLogic$ReplicationLogic].
14:05:38,917 TRACE (main:) [ComponentRegistry] Get or create local component interface org.infinispan.container.DataContainer
14:05:38,917 TRACE (main:) [ComponentRegistry] Looking up local component org.infinispan.container.DataContainer
14:05:38,917 TRACE (main:) [ComponentRegistry] Get or create local component interface org.infinispan.notifications.cachelistener.CacheNotifier
14:05:38,917 TRACE (main:) [ComponentRegistry] Looking up local component org.infinispan.notifications.cachelistener.CacheNotifier
14:05:38,917 TRACE (main:) [ComponentRegistry] Get or create local component class org.infinispan.configuration.cache.Configuration
14:05:38,917 TRACE (main:) [ComponentRegistry] Looking up local component org.infinispan.configuration.cache.Configuration
14:05:38,917 TRACE (main:) [ComponentRegistry] Get or create local component class org.infinispan.statetransfer.CommitManager
14:05:38,917 TRACE (main:) [ComponentRegistry] Looking up local component org.infinispan.statetransfer.CommitManager
14:05:38,918 TRACE (main:) [ComponentRegistry] Registering component Component{instance=org.infinispan.interceptors.locking.ClusteringDependentLogic$ReplicationLogic@24c22fe, name=org.infinispan.interceptors.locking.ClusteringDependentLogic} under name org.infinispan.interceptors.locking.ClusteringDependentLogic
14:05:38,918 TRACE (main:) [ComponentRegistry] Get or create local component interface javax.transaction.TransactionManager
14:05:38,918 TRACE (main:) [ComponentRegistry] Looking up local component javax.transaction.TransactionManager
14:05:38,918 TRACE (main:) [ComponentRegistry] Get or create local component class org.infinispan.configuration.cache.Configuration
14:05:38,918 TRACE (main:) [ComponentRegistry] Looking up local component org.infinispan.configuration.cache.Configuration
14:05:38,918 TRACE (main:) [ComponentRegistry] Get or create local component interface org.infinispan.distribution.DistributionManager
14:05:38,918 TRACE (main:) [ComponentRegistry] Looking up local component org.infinispan.distribution.DistributionManager
14:05:38,918 TRACE (main:) [ComponentRegistry] Get or create local component interface org.infinispan.iteration.EntryRetriever
14:05:38,918 TRACE (main:) [ComponentRegistry] Looking up local component org.infinispan.iteration.EntryRetriever
14:05:38,918 TRACE (main:) [ComponentRegistry] Get or create local component interface org.infinispan.container.InternalEntryFactory
14:05:38,918 TRACE (main:) [ComponentRegistry] Looking up local component org.infinispan.container.InternalEntryFactory
14:05:38,918 TRACE (main:) [ComponentRegistry] Injecting dependencies for method [void org.infinispan.notifications.AbstractListenerImpl.injectExecutor(java.util.concurrent.ExecutorService)] on an instance of [org.infinispan.notifications.cachelistener.CacheNotifierImpl].
14:05:38,918 TRACE (main:) [ComponentRegistry] Get or create local component interface java.util.concurrent.ExecutorService
14:05:38,918 TRACE (main:) [ComponentRegistry] Looking up local component java.util.concurrent.ExecutorService
14:05:38,918 TRACE (main:) [ComponentRegistry] Registering component Component{instance=org.infinispan.notifications.cachelistener.CacheNotifierImpl@56dc1551, name=org.infinispan.notifications.cachelistener.CacheNotifier} under name org.infinispan.notifications.cachelistener.CacheNotifier
14:05:38,918 TRACE (main:) [ComponentRegistry] Get or create local component interface org.infinispan.Cache
14:05:38,918 TRACE (main:) [ComponentRegistry] Looking up local component org.infinispan.Cache
14:05:38,918 TRACE (main:) [ComponentRegistry] Get or create local component class org.infinispan.interceptors.InterceptorChain
14:05:38,918 TRACE (main:) [ComponentRegistry] Looking up local component org.infinispan.interceptors.InterceptorChain
14:05:38,918 TRACE (main:) [ComponentRegistry] Get or create local component interface org.infinispan.distribution.DistributionManager
14:05:38,918 TRACE (main:) [ComponentRegistry] Looking up local component org.infinispan.distribution.DistributionManager
14:05:38,918 TRACE (main:) [ComponentRegistry] Get or create local component interface org.infinispan.context.InvocationContextFactory
14:05:38,918 TRACE (main:) [ComponentRegistry] Looking up local component org.infinispan.context.InvocationContextFactory
14:05:38,918 TRACE (main:) [ComponentRegistry] Get or create local component class org.infinispan.transaction.TransactionTable
14:05:38,918 TRACE (main:) [ComponentRegistry] Looking up local component org.infinispan.transaction.TransactionTable
14:05:38,918 TRACE (main:) [ComponentRegistry] Get or create local component class org.infinispan.configuration.cache.Configuration
14:05:38,918 TRACE (main:) [ComponentRegistry] Looking up local component org.infinispan.configuration.cache.Configuration
14:05:38,918 TRACE (main:) [ComponentRegistry] Get or create local component interface java.util.Map
14:05:38,918 TRACE (main:) [ComponentRegistry] Looking up local component java.util.Map
14:05:38,918 TRACE (main:) [ComponentRegistry] Get or create local component interface org.infinispan.transaction.xa.recovery.RecoveryManager
14:05:38,918 TRACE (main:) [ComponentRegistry] Looking up local component org.infinispan.transaction.xa.recovery.RecoveryManager
14:05:38,918 TRACE (main:) [ComponentRegistry] Get or create local component interface org.infinispan.statetransfer.StateProvider
14:05:38,918 TRACE (main:) [ComponentRegistry] Looking up local component org.infinispan.statetransfer.StateProvider
14:05:38,918 TRACE (main:) [ComponentRegistry] Get or create local component interface org.infinispan.statetransfer.StateConsumer
14:05:38,918 TRACE (main:) [ComponentRegistry] Looking up local component org.infinispan.statetransfer.StateConsumer
14:05:38,918 TRACE (main:) [ComponentRegistry] Get or create local component interface org.infinispan.util.concurrent.locks.LockManager
14:05:38,918 TRACE (main:) [ComponentRegistry] Looking up local component org.infinispan.util.concurrent.locks.LockManager
14:05:38,918 TRACE (main:) [ComponentRegistry] Get or create local component interface org.infinispan.container.InternalEntryFactory
14:05:38,918 TRACE (main:) [ComponentRegistry] Looking up local component org.infinispan.container.InternalEntryFactory
14:05:38,918 TRACE (main:) [ComponentRegistry] Get or create local component interface org.infinispan.distexec.mapreduce.MapReduceManager
14:05:38,918 TRACE (main:) [ComponentRegistry] Looking up local component org.infinispan.distexec.mapreduce.MapReduceManager
14:05:38,918 TRACE (main:) [ComponentRegistry] Looking up local factory for component interface org.infinispan.distexec.mapreduce.MapReduceManager
14:05:38,918 TRACE (main:) [ComponentRegistry] Looking up factory for class interface org.infinispan.distexec.mapreduce.MapReduceManager
14:05:38,918 TRACE (main:) [ComponentRegistry] Looking up local component org.infinispan.distexec.mapreduce.MapReduceManagerFactory
14:05:38,918 TRACE (main:) [ComponentRegistry] Looking up local component org.infinispan.distexec.mapreduce.MapReduceManagerFactory
14:05:38,918 TRACE (main:) [ComponentRegistry] Creating factory org.infinispan.distexec.mapreduce.MapReduceManagerFactory for component interface org.infinispan.distexec.mapreduce.MapReduceManager
14:05:38,919 TRACE (main:) [ComponentRegistry] Injecting dependencies for method [private void org.infinispan.factories.AbstractNamedCacheComponentFactory.injectGlobalDependencies(org.infinispan.configuration.cache.Configuration,org.infinispan.factories.ComponentRegistry)] on an instance of [org.infinispan.distexec.mapreduce.MapReduceManagerFactory].
14:05:38,919 TRACE (main:) [ComponentRegistry] Get or create local component class org.infinispan.configuration.cache.Configuration
14:05:38,919 TRACE (main:) [ComponentRegistry] Looking up local component org.infinispan.configuration.cache.Configuration
14:05:38,919 TRACE (main:) [ComponentRegistry] Get or create local component class org.infinispan.factories.ComponentRegistry
14:05:38,919 TRACE (main:) [ComponentRegistry] Looking up local component org.infinispan.factories.ComponentRegistry
14:05:38,919 TRACE (main:) [ComponentRegistry] Injecting dependencies for method [private void org.infinispan.factories.AbstractComponentFactory.injectGlobalDependencies(org.infinispan.configuration.global.GlobalConfiguration,org.infinispan.factories.GlobalComponentRegistry)] on an instance of [org.infinispan.distexec.mapreduce.MapReduceManagerFactory].
14:05:38,919 TRACE (main:) [ComponentRegistry] Get or create global component class org.infinispan.configuration.global.GlobalConfiguration
14:05:38,919 TRACE (main:) [ComponentRegistry] Get or create global component class org.infinispan.factories.GlobalComponentRegistry
14:05:38,919 TRACE (main:) [ComponentRegistry] Registering component Component{instance=org.infinispan.distexec.mapreduce.MapReduceManagerFactory@1890516e, name=org.infinispan.distexec.mapreduce.MapReduceManagerFactory} under name org.infinispan.distexec.mapreduce.MapReduceManagerFactory
14:05:38,919 TRACE (main:) [ComponentRegistry] Looking up local component org.infinispan.distexec.mapreduce.MapReduceManagerFactory
14:05:38,919 TRACE (main:) [ComponentRegistry] Creating component org.infinispan.distexec.mapreduce.MapReduceManager with factory class org.infinispan.distexec.mapreduce.MapReduceManagerFactory
14:05:38,921 TRACE (main:) [ComponentRegistry] Injecting dependencies for method [public void org.infinispan.distexec.mapreduce.MapReduceManagerImpl.init(org.infinispan.manager.EmbeddedCacheManager,org.infinispan.persistence.manager.PersistenceManager,java.util.concurrent.ExecutorService,org.infinispan.interceptors.locking.ClusteringDependentLogic,org.infinispan.util.TimeService,org.infinispan.configuration.cache.Configuration)] on an instance of [org.infinispan.distexec.mapreduce.MapReduceManagerImpl].
14:05:38,921 TRACE (main:) [ComponentRegistry] Get or create global component interface org.infinispan.manager.EmbeddedCacheManager
14:05:38,921 TRACE (main:) [ComponentRegistry] Get or create local component interface org.infinispan.persistence.manager.PersistenceManager
14:05:38,921 TRACE (main:) [ComponentRegistry] Looking up local component org.infinispan.persistence.manager.PersistenceManager
14:05:38,921 TRACE (main:) [ComponentRegistry] Get or create local component interface java.util.concurrent.ExecutorService
14:05:38,921 TRACE (main:) [ComponentRegistry] Looking up local component java.util.concurrent.ExecutorService
14:05:38,921 TRACE (main:) [ComponentRegistry] Get or create local component interface org.infinispan.interceptors.locking.ClusteringDependentLogic
14:05:38,921 TRACE (main:) [ComponentRegistry] Looking up local component org.infinispan.interceptors.locking.ClusteringDependentLogic
14:05:38,921 TRACE (main:) [ComponentRegistry] Get or create global component interface org.infinispan.util.TimeService
14:05:38,921 TRACE (main:) [ComponentRegistry] Get or create local component class org.infinispan.configuration.cache.Configuration
14:05:38,921 TRACE (main:) [ComponentRegistry] Looking up local component org.infinispan.configuration.cache.Configuration
14:05:38,922 TRACE (main:) [ComponentRegistry] Registering component Component{instance=org.infinispan.distexec.mapreduce.MapReduceManagerImpl@205d38da, name=org.infinispan.distexec.mapreduce.MapReduceManager} under name org.infinispan.distexec.mapreduce.MapReduceManager
14:05:38,922 TRACE (main:) [ComponentRegistry] Get or create local component interface org.infinispan.statetransfer.StateTransferManager
14:05:38,922 TRACE (main:) [ComponentRegistry] Looking up local component org.infinispan.statetransfer.StateTransferManager
14:05:38,922 TRACE (main:) [ComponentRegistry] Get or create local component interface org.infinispan.xsite.BackupSender
14:05:38,922 TRACE (main:) [ComponentRegistry] Looking up local component org.infinispan.xsite.BackupSender
14:05:38,922 TRACE (main:) [ComponentRegistry] Looking up local factory for component interface org.infinispan.xsite.BackupSender
14:05:38,922 TRACE (main:) [ComponentRegistry] Looking up factory for class interface org.infinispan.xsite.BackupSender
14:05:38,922 TRACE (main:) [ComponentRegistry] Looking up local component org.infinispan.factories.EmptyConstructorNamedCacheFactory
14:05:38,922 TRACE (main:) [ComponentRegistry] Looking up local component org.infinispan.factories.EmptyConstructorNamedCacheFactory
14:05:38,922 TRACE (main:) [ComponentRegistry] Creating component org.infinispan.xsite.BackupSender with factory class org.infinispan.factories.EmptyConstructorNamedCacheFactory
14:05:38,927 TRACE (main:) [ComponentRegistry] Injecting dependencies for method [public void org.infinispan.xsite.BackupSenderImpl.init(org.infinispan.Cache,org.infinispan.remoting.transport.Transport,org.infinispan.transaction.TransactionTable,org.infinispan.configuration.global.GlobalConfiguration,org.infinispan.util.TimeService,org.infinispan.commands.CommandsFactory)] on an instance of [org.infinispan.xsite.BackupSenderImpl].
14:05:38,927 TRACE (main:) [ComponentRegistry] Get or create local component interface org.infinispan.Cache
14:05:38,927 TRACE (main:) [ComponentRegistry] Looking up local component org.infinispan.Cache
14:05:38,927 TRACE (main:) [ComponentRegistry] Get or create global component interface org.infinispan.remoting.transport.Transport
14:05:38,927 TRACE (main:) [ComponentRegistry] Get or create local component class org.infinispan.transaction.TransactionTable
14:05:38,927 TRACE (main:) [ComponentRegistry] Looking up local component org.infinispan.transaction.TransactionTable
14:05:38,927 TRACE (main:) [ComponentRegistry] Get or create global component class org.infinispan.configuration.global.GlobalConfiguration
14:05:38,927 TRACE (main:) [ComponentRegistry] Get or create global component interface org.infinispan.util.TimeService
14:05:38,927 TRACE (main:) [ComponentRegistry] Get or create local component interface org.infinispan.commands.CommandsFactory
14:05:38,927 TRACE (main:) [ComponentRegistry] Looking up local component org.infinispan.commands.CommandsFactory
14:05:38,927 TRACE (main:) [ComponentRegistry] Registering component Component{instance=org.infinispan.xsite.BackupSenderImpl@5f20155b, name=org.infinispan.xsite.BackupSender} under name org.infinispan.xsite.BackupSender
14:05:38,927 TRACE (main:) [ComponentRegistry] Get or create global component interface org.infinispan.commands.CancellationService
14:05:38,927 TRACE (main:) [ComponentRegistry] Get or create global component interface org.infinispan.util.TimeService
14:05:38,927 TRACE (main:) [ComponentRegistry] Get or create local component interface org.infinispan.iteration.EntryRetriever
14:05:38,927 TRACE (main:) [ComponentRegistry] Looking up local component org.infinispan.iteration.EntryRetriever
14:05:38,927 TRACE (main:) [ComponentRegistry] Get or create local component interface org.infinispan.xsite.statetransfer.XSiteStateProvider
14:05:38,927 TRACE (main:) [ComponentRegistry] Looking up local component org.infinispan.xsite.statetransfer.XSiteStateProvider
14:05:38,927 TRACE (main:) [ComponentRegistry] Looking up local factory for component interface org.infinispan.xsite.statetransfer.XSiteStateProvider
14:05:38,927 TRACE (main:) [ComponentRegistry] Looking up factory for class interface org.infinispan.xsite.statetransfer.XSiteStateProvider
14:05:38,927 TRACE (main:) [ComponentRegistry] Looking up local component org.infinispan.factories.EmptyConstructorNamedCacheFactory
14:05:38,927 TRACE (main:) [ComponentRegistry] Looking up local component org.infinispan.factories.EmptyConstructorNamedCacheFactory
14:05:38,927 TRACE (main:) [ComponentRegistry] Creating component org.infinispan.xsite.statetransfer.XSiteStateProvider with factory class org.infinispan.factories.EmptyConstructorNamedCacheFactory
14:05:38,930 TRACE (main:) [ComponentRegistry] Injecting dependencies for method [public void org.infinispan.xsite.statetransfer.XSiteStateProviderImpl.inject(org.infinispan.container.DataContainer,org.infinispan.persistence.manager.PersistenceManager,org.infinispan.remoting.rpc.RpcManager,org.infinispan.interceptors.locking.ClusteringDependentLogic,org.infinispan.commands.CommandsFactory,java.util.concurrent.ExecutorService,org.infinispan.configuration.cache.Configuration,org.infinispan.xsite.statetransfer.XSiteStateTransferManager,org.infinispan.statetransfer.StateTransferLock)] on an instance of [org.infinispan.xsite.statetransfer.XSiteStateProviderImpl].
14:05:38,930 TRACE (main:) [ComponentRegistry] Get or create local component interface org.infinispan.container.DataContainer
14:05:38,930 TRACE (main:) [ComponentRegistry] Looking up local component org.infinispan.container.DataContainer
14:05:38,930 TRACE (main:) [ComponentRegistry] Get or create local component interface org.infinispan.persistence.manager.PersistenceManager
14:05:38,930 TRACE (main:) [ComponentRegistry] Looking up local component org.infinispan.persistence.manager.PersistenceManager
14:05:38,930 TRACE (main:) [ComponentRegistry] Get or create local component interface org.infinispan.remoting.rpc.RpcManager
14:05:38,930 TRACE (main:) [ComponentRegistry] Looking up local component org.infinispan.remoting.rpc.RpcManager
14:05:38,930 TRACE (main:) [ComponentRegistry] Get or create local component interface org.infinispan.interceptors.locking.ClusteringDependentLogic
14:05:38,930 TRACE (main:) [ComponentRegistry] Looking up local component org.infinispan.interceptors.locking.ClusteringDependentLogic
14:05:38,930 TRACE (main:) [ComponentRegistry] Get or create local component interface org.infinispan.commands.CommandsFactory
14:05:38,930 TRACE (main:) [ComponentRegistry] Looking up local component org.infinispan.commands.CommandsFactory
14:05:38,930 TRACE (main:) [ComponentRegistry] Get or create local component interface java.util.concurrent.ExecutorService
14:05:38,930 TRACE (main:) [ComponentRegistry] Looking up local component java.util.concurrent.ExecutorService
14:05:38,930 TRACE (main:) [ComponentRegistry] Get or create local component class org.infinispan.configuration.cache.Configuration
14:05:38,931 TRACE (main:) [ComponentRegistry] Looking up local component org.infinispan.configuration.cache.Configuration
14:05:38,931 TRACE (main:) [ComponentRegistry] Get or create local component interface org.infinispan.xsite.statetransfer.XSiteStateTransferManager
14:05:38,931 TRACE (main:) [ComponentRegistry] Looking up local component org.infinispan.xsite.statetransfer.XSiteStateTransferManager
14:05:38,931 TRACE (main:) [ComponentRegistry] Looking up local factory for component interface org.infinispan.xsite.statetransfer.XSiteStateTransferManager
14:05:38,931 TRACE (main:) [ComponentRegistry] Looking up factory for class interface org.infinispan.xsite.statetransfer.XSiteStateTransferManager
14:05:38,931 TRACE (main:) [ComponentRegistry] Looking up local component org.infinispan.factories.EmptyConstructorNamedCacheFactory
14:05:38,931 TRACE (main:) [ComponentRegistry] Looking up local component org.infinispan.factories.EmptyConstructorNamedCacheFactory
14:05:38,931 TRACE (main:) [ComponentRegistry] Creating component org.infinispan.xsite.statetransfer.XSiteStateTransferManager with factory class org.infinispan.factories.EmptyConstructorNamedCacheFactory
14:05:38,934 TRACE (main:) [ComponentRegistry] Injecting dependencies for method [public void org.infinispan.xsite.statetransfer.XSiteStateTransferManagerImpl.inject(org.infinispan.remoting.rpc.RpcManager,org.infinispan.configuration.cache.Configuration,org.infinispan.commands.CommandsFactory,org.infinispan.remoting.responses.ResponseGenerator,org.infinispan.statetransfer.StateTransferManager,org.infinispan.notifications.cachelistener.CacheNotifier,org.infinispan.xsite.statetransfer.XSiteStateConsumer,org.infinispan.xsite.statetransfer.XSiteStateProvider,java.util.concurrent.ExecutorService)] on an instance of [org.infinispan.xsite.statetransfer.XSiteStateTransferManagerImpl].
14:05:38,934 TRACE (main:) [ComponentRegistry] Get or create local component interface org.infinispan.remoting.rpc.RpcManager
14:05:38,934 TRACE (main:) [ComponentRegistry] Looking up local component org.infinispan.remoting.rpc.RpcManager
14:05:38,934 TRACE (main:) [ComponentRegistry] Get or create local component class org.infinispan.configuration.cache.Configuration
14:05:38,934 TRACE (main:) [ComponentRegistry] Looking up local component org.infinispan.configuration.cache.Configuration
14:05:38,935 TRACE (main:) [ComponentRegistry] Get or create local component interface org.infinispan.commands.CommandsFactory
14:05:38,935 TRACE (main:) [ComponentRegistry] Looking up local component org.infinispan.commands.CommandsFactory
14:05:38,935 TRACE (main:) [ComponentRegistry] Get or create local component interface org.infinispan.remoting.responses.ResponseGenerator
14:05:38,935 TRACE (main:) [ComponentRegistry] Looking up local component org.infinispan.remoting.responses.ResponseGenerator
14:05:38,935 TRACE (main:) [ComponentRegistry] Looking up local factory for component interface org.infinispan.remoting.responses.ResponseGenerator
14:05:38,935 TRACE (main:) [ComponentRegistry] Looking up factory for class interface org.infinispan.remoting.responses.ResponseGenerator
14:05:38,935 TRACE (main:) [ComponentRegistry] Looking up local component org.infinispan.factories.ResponseGeneratorFactory
14:05:38,935 TRACE (main:) [ComponentRegistry] Looking up local component org.infinispan.factories.ResponseGeneratorFactory
14:05:38,935 TRACE (main:) [ComponentRegistry] Creating factory org.infinispan.factories.ResponseGeneratorFactory for component interface org.infinispan.remoting.responses.ResponseGenerator
14:05:38,937 TRACE (main:) [ComponentRegistry] Injecting dependencies for method [private void org.infinispan.factories.AbstractNamedCacheComponentFactory.injectGlobalDependencies(org.infinispan.configuration.cache.Configuration,org.infinispan.factories.ComponentRegistry)] on an instance of [org.infinispan.factories.ResponseGeneratorFactory].
14:05:38,937 TRACE (main:) [ComponentRegistry] Get or create local component class org.infinispan.configuration.cache.Configuration
14:05:38,937 TRACE (main:) [ComponentRegistry] Looking up local component org.infinispan.configuration.cache.Configuration
14:05:38,937 TRACE (main:) [ComponentRegistry] Get or create local component class org.infinispan.factories.ComponentRegistry
14:05:38,937 TRACE (main:) [ComponentRegistry] Looking up local component org.infinispan.factories.ComponentRegistry
14:05:38,937 TRACE (main:) [ComponentRegistry] Injecting dependencies for method [private void org.infinispan.factories.AbstractComponentFactory.injectGlobalDependencies(org.infinispan.configuration.global.GlobalConfiguration,org.infinispan.factories.GlobalComponentRegistry)] on an instance of [org.infinispan.factories.ResponseGeneratorFactory].
14:05:38,937 TRACE (main:) [ComponentRegistry] Get or create global component class org.infinispan.configuration.global.GlobalConfiguration
14:05:38,937 TRACE (main:) [ComponentRegistry] Get or create global component class org.infinispan.factories.GlobalComponentRegistry
14:05:38,937 TRACE (main:) [ComponentRegistry] Registering component Component{instance=org.infinispan.factories.ResponseGeneratorFactory@2cb2fc20, name=org.infinispan.factories.ResponseGeneratorFactory} under name org.infinispan.factories.ResponseGeneratorFactory
14:05:38,937 TRACE (main:) [ComponentRegistry] Looking up local component org.infinispan.factories.ResponseGeneratorFactory
14:05:38,937 TRACE (main:) [ComponentRegistry] Creating component org.infinispan.remoting.responses.ResponseGenerator with factory class org.infinispan.factories.ResponseGeneratorFactory
14:05:38,939 TRACE (main:) [ComponentRegistry] Injecting dependencies for method [public void org.infinispan.remoting.responses.DistributionResponseGenerator.inject(org.infinispan.distribution.DistributionManager)] on an instance of [org.infinispan.remoting.responses.DistributionResponseGenerator].
14:05:38,939 TRACE (main:) [ComponentRegistry] Get or create local component interface org.infinispan.distribution.DistributionManager
14:05:38,939 TRACE (main:) [ComponentRegistry] Looking up local component org.infinispan.distribution.DistributionManager
14:05:38,939 TRACE (main:) [ComponentRegistry] Registering component Component{instance=org.infinispan.remoting.responses.DistributionResponseGenerator@64e7619d, name=org.infinispan.remoting.responses.ResponseGenerator} under name org.infinispan.remoting.responses.ResponseGenerator
14:05:38,939 TRACE (main:) [ComponentRegistry] Get or create local component interface org.infinispan.statetransfer.StateTransferManager
14:05:38,939 TRACE (main:) [ComponentRegistry] Looking up local component org.infinispan.statetransfer.StateTransferManager
14:05:38,939 TRACE (main:) [ComponentRegistry] Get or create local component interface org.infinispan.notifications.cachelistener.CacheNotifier
14:05:38,940 TRACE (main:) [ComponentRegistry] Looking up local component org.infinispan.notifications.cachelistener.CacheNotifier
14:05:38,940 TRACE (main:) [ComponentRegistry] Get or create local component interface org.infinispan.xsite.statetransfer.XSiteStateConsumer
14:05:38,940 TRACE (main:) [ComponentRegistry] Looking up local component org.infinispan.xsite.statetransfer.XSiteStateConsumer
14:05:38,940 TRACE (main:) [ComponentRegistry] Get or create local component interface org.infinispan.xsite.statetransfer.XSiteStateProvider
14:05:38,940 TRACE (main:) [ComponentRegistry] Looking up local component org.infinispan.xsite.statetransfer.XSiteStateProvider
14:05:38,940 TRACE (main:) [ComponentRegistry] Get or create local component interface java.util.concurrent.ExecutorService
14:05:38,940 TRACE (main:) [ComponentRegistry] Looking up local component java.util.concurrent.ExecutorService
14:05:38,940 TRACE (main:) [ComponentRegistry] Registering component Component{instance=org.infinispan.xsite.statetransfer.XSiteStateTransferManagerImpl@495ee280, name=org.infinispan.xsite.statetransfer.XSiteStateTransferManager} under name org.infinispan.xsite.statetransfer.XSiteStateTransferManager
14:05:38,940 TRACE (main:) [ComponentRegistry] Get or create local component interface org.infinispan.statetransfer.StateTransferLock
14:05:38,940 TRACE (main:) [ComponentRegistry] Looking up local component org.infinispan.statetransfer.StateTransferLock
14:05:38,940 TRACE (main:) [ComponentRegistry] Registering component Component{instance=org.infinispan.xsite.statetransfer.XSiteStateProviderImpl@4fa1c212, name=org.infinispan.xsite.statetransfer.XSiteStateProvider} under name org.infinispan.xsite.statetransfer.XSiteStateProvider
14:05:38,940 TRACE (main:) [ComponentRegistry] Get or create local component interface org.infinispan.xsite.statetransfer.XSiteStateConsumer
14:05:38,940 TRACE (main:) [ComponentRegistry] Looking up local component org.infinispan.xsite.statetransfer.XSiteStateConsumer
14:05:38,940 TRACE (main:) [ComponentRegistry] Get or create local component interface org.infinispan.xsite.statetransfer.XSiteStateTransferManager
14:05:38,940 TRACE (main:) [ComponentRegistry] Looking up local component org.infinispan.xsite.statetransfer.XSiteStateTransferManager
14:05:38,940 TRACE (main:) [ComponentRegistry] Get or create local component interface org.infinispan.partionhandling.impl.PartitionHandlingManager
14:05:38,940 TRACE (main:) [ComponentRegistry] Looking up local component org.infinispan.partionhandling.impl.PartitionHandlingManager
14:05:38,940 TRACE (main:) [ComponentRegistry] Registering component Component{instance=org.infinispan.commands.CommandsFactoryImpl@6ea2bc93, name=org.infinispan.commands.CommandsFactory} under name org.infinispan.commands.CommandsFactory
14:05:38,940 TRACE (main:) [ComponentRegistry] Get or create local component class org.infinispan.interceptors.InterceptorChain
14:05:38,940 TRACE (main:) [ComponentRegistry] Looking up local component org.infinispan.interceptors.InterceptorChain
14:05:38,940 TRACE (main:) [ComponentRegistry] Get or create local component class org.infinispan.configuration.cache.Configuration
14:05:38,940 TRACE (main:) [ComponentRegistry] Looking up local component org.infinispan.configuration.cache.Configuration
14:05:38,940 TRACE (main:) [ComponentRegistry] Get or create local component interface org.infinispan.notifications.cachelistener.CacheNotifier
14:05:38,940 TRACE (main:) [ComponentRegistry] Looking up local component org.infinispan.notifications.cachelistener.CacheNotifier
14:05:38,940 TRACE (main:) [ComponentRegistry] Get or create local component class org.infinispan.factories.ComponentRegistry
14:05:38,940 TRACE (main:) [ComponentRegistry] Looking up local component org.infinispan.factories.ComponentRegistry
14:05:38,940 TRACE (main:) [ComponentRegistry] Get or create local component interface javax.transaction.TransactionManager
14:05:38,940 TRACE (main:) [ComponentRegistry] Looking up local component javax.transaction.TransactionManager
14:05:38,940 TRACE (main:) [ComponentRegistry] Get or create local component class org.infinispan.batch.BatchContainer
14:05:38,940 TRACE (main:) [ComponentRegistry] Looking up local component org.infinispan.batch.BatchContainer
14:05:38,940 TRACE (main:) [ComponentRegistry] Looking up local factory for component class org.infinispan.batch.BatchContainer
14:05:38,940 TRACE (main:) [ComponentRegistry] Looking up factory for class class org.infinispan.batch.BatchContainer
14:05:38,940 TRACE (main:) [ComponentRegistry] Looking up local component org.infinispan.factories.EmptyConstructorNamedCacheFactory
14:05:38,940 TRACE (main:) [ComponentRegistry] Looking up local component org.infinispan.factories.EmptyConstructorNamedCacheFactory
14:05:38,940 TRACE (main:) [ComponentRegistry] Creating component org.infinispan.batch.BatchContainer with factory class org.infinispan.factories.EmptyConstructorNamedCacheFactory
14:05:38,941 TRACE (main:) [ComponentRegistry] Injecting dependencies for method [void org.infinispan.batch.BatchContainer.inject(javax.transaction.TransactionManager)] on an instance of [org.infinispan.batch.BatchContainer].
14:05:38,941 TRACE (main:) [ComponentRegistry] Get or create local component interface javax.transaction.TransactionManager
14:05:38,941 TRACE (main:) [ComponentRegistry] Looking up local component javax.transaction.TransactionManager
14:05:38,941 TRACE (main:) [ComponentRegistry] Registering component Component{instance=org.infinispan.batch.BatchContainer@352ff4da, name=org.infinispan.batch.BatchContainer} under name org.infinispan.batch.BatchContainer
14:05:38,941 TRACE (main:) [ComponentRegistry] Get or create local component interface org.infinispan.remoting.rpc.RpcManager
14:05:38,941 TRACE (main:) [ComponentRegistry] Looking up local component org.infinispan.remoting.rpc.RpcManager
14:05:38,941 TRACE (main:) [ComponentRegistry] Get or create local component interface org.infinispan.container.DataContainer
14:05:38,941 TRACE (main:) [ComponentRegistry] Looking up local component org.infinispan.container.DataContainer
14:05:38,941 TRACE (main:) [ComponentRegistry] Get or create local component interface org.infinispan.commons.marshall.StreamingMarshaller
14:05:38,941 TRACE (main:) [ComponentRegistry] Looking up local component org.infinispan.commons.marshall.StreamingMarshaller
14:05:38,941 TRACE (main:) [ComponentRegistry] Looking up global factory for component interface org.infinispan.commons.marshall.StreamingMarshaller
14:05:38,941 TRACE (main:) [GlobalComponentRegistry] Looking up factory for class interface org.infinispan.commons.marshall.StreamingMarshaller
14:05:38,941 TRACE (main:) [ComponentRegistry] Creating component org.infinispan.marshaller.cache with factory class org.infinispan.factories.MarshallerFactory
14:05:38,941 TRACE (main:) [ComponentRegistry] Injecting dependencies for method [public void org.infinispan.marshall.core.CacheMarshaller.inject(org.infinispan.Cache,org.infinispan.configuration.cache.Configuration,org.infinispan.context.InvocationContextContainer,org.infinispan.marshall.core.ExternalizerTable,org.infinispan.configuration.global.GlobalConfiguration)] on an instance of [org.infinispan.marshall.core.CacheMarshaller].
14:05:38,941 TRACE (main:) [ComponentRegistry] Get or create local component interface org.infinispan.Cache
14:05:38,941 TRACE (main:) [ComponentRegistry] Looking up local component org.infinispan.Cache
14:05:38,941 TRACE (main:) [ComponentRegistry] Get or create local component class org.infinispan.configuration.cache.Configuration
14:05:38,941 TRACE (main:) [ComponentRegistry] Looking up local component org.infinispan.configuration.cache.Configuration
14:05:38,941 TRACE (main:) [ComponentRegistry] Get or create local component interface org.infinispan.context.InvocationContextContainer
14:05:38,941 TRACE (main:) [ComponentRegistry] Looking up local component org.infinispan.context.InvocationContextContainer
14:05:38,941 TRACE (main:) [ComponentRegistry] Get or create global component class org.infinispan.marshall.core.ExternalizerTable
14:05:38,941 TRACE (main:) [ComponentRegistry] Get or create global component class org.infinispan.configuration.global.GlobalConfiguration
14:05:38,942 TRACE (main:) [ComponentRegistry] Registering component Component{instance=org.infinispan.marshall.core.CacheMarshaller@3e44f2a5, name=org.infinispan.marshaller.cache} under name org.infinispan.marshaller.cache
14:05:38,942 TRACE (main:) [ComponentRegistry] Get or create local component interface org.infinispan.distribution.DistributionManager
14:05:38,942 TRACE (main:) [ComponentRegistry] Looking up local component org.infinispan.distribution.DistributionManager
14:05:38,942 TRACE (main:) [ComponentRegistry] Get or create global component interface org.infinispan.manager.EmbeddedCacheManager
14:05:38,942 TRACE (main:) [ComponentRegistry] Get or create local component interface java.util.concurrent.ExecutorService
14:05:38,942 TRACE (main:) [ComponentRegistry] Looking up local component java.util.concurrent.ExecutorService
14:05:38,942 TRACE (main:) [ComponentRegistry] Get or create local component class org.infinispan.transaction.TransactionTable
14:05:38,942 TRACE (main:) [ComponentRegistry] Looking up local component org.infinispan.transaction.TransactionTable
14:05:38,942 TRACE (main:) [ComponentRegistry] Get or create local component interface org.infinispan.transaction.xa.recovery.RecoveryManager
14:05:38,942 TRACE (main:) [ComponentRegistry] Looking up local component org.infinispan.transaction.xa.recovery.RecoveryManager
14:05:38,942 TRACE (main:) [ComponentRegistry] Get or create local component class org.infinispan.transaction.TransactionCoordinator
14:05:38,942 TRACE (main:) [ComponentRegistry] Looking up local component org.infinispan.transaction.TransactionCoordinator
14:05:38,942 TRACE (main:) [ComponentRegistry] Get or create local component interface org.infinispan.util.concurrent.locks.LockManager
14:05:38,942 TRACE (main:) [ComponentRegistry] Looking up local component org.infinispan.util.concurrent.locks.LockManager
14:05:38,942 TRACE (main:) [ComponentRegistry] Get or create local component interface org.infinispan.security.AuthorizationManager
14:05:38,942 TRACE (main:) [ComponentRegistry] Looking up local component org.infinispan.security.AuthorizationManager
14:05:38,942 TRACE (main:) [ComponentRegistry] Looking up local factory for component interface org.infinispan.security.AuthorizationManager
14:05:38,942 TRACE (main:) [ComponentRegistry] Looking up factory for class interface org.infinispan.security.AuthorizationManager
14:05:38,942 TRACE (main:) [ComponentRegistry] Looking up local component org.infinispan.factories.AuthorizationManagerFactory
14:05:38,942 TRACE (main:) [ComponentRegistry] Looking up local component org.infinispan.factories.AuthorizationManagerFactory
14:05:38,942 TRACE (main:) [ComponentRegistry] Creating factory org.infinispan.factories.AuthorizationManagerFactory for component interface org.infinispan.security.AuthorizationManager
14:05:38,943 TRACE (main:) [ComponentRegistry] Injecting dependencies for method [private void org.infinispan.factories.AbstractNamedCacheComponentFactory.injectGlobalDependencies(org.infinispan.configuration.cache.Configuration,org.infinispan.factories.ComponentRegistry)] on an instance of [org.infinispan.factories.AuthorizationManagerFactory].
14:05:38,943 TRACE (main:) [ComponentRegistry] Get or create local component class org.infinispan.configuration.cache.Configuration
14:05:38,943 TRACE (main:) [ComponentRegistry] Looking up local component org.infinispan.configuration.cache.Configuration
14:05:38,943 TRACE (main:) [ComponentRegistry] Get or create local component class org.infinispan.factories.ComponentRegistry
14:05:38,943 TRACE (main:) [ComponentRegistry] Looking up local component org.infinispan.factories.ComponentRegistry
14:05:38,943 TRACE (main:) [ComponentRegistry] Injecting dependencies for method [private void org.infinispan.factories.AbstractComponentFactory.injectGlobalDependencies(org.infinispan.configuration.global.GlobalConfiguration,org.infinispan.factories.GlobalComponentRegistry)] on an instance of [org.infinispan.factories.AuthorizationManagerFactory].
14:05:38,943 TRACE (main:) [ComponentRegistry] Get or create global component class org.infinispan.configuration.global.GlobalConfiguration
14:05:38,943 TRACE (main:) [ComponentRegistry] Get or create global component class org.infinispan.factories.GlobalComponentRegistry
14:05:38,943 TRACE (main:) [ComponentRegistry] Registering component Component{instance=org.infinispan.factories.AuthorizationManagerFactory@463fd068, name=org.infinispan.factories.AuthorizationManagerFactory} under name org.infinispan.factories.AuthorizationManagerFactory
14:05:38,943 TRACE (main:) [ComponentRegistry] Looking up local component org.infinispan.factories.AuthorizationManagerFactory
14:05:38,943 TRACE (main:) [ComponentRegistry] Creating component org.infinispan.security.AuthorizationManager with factory class org.infinispan.factories.AuthorizationManagerFactory
14:05:38,943 TRACE (main:) [ComponentRegistry] Registering a null for component org.infinispan.security.AuthorizationManager
14:05:38,943 TRACE (main:) [ComponentRegistry] Registering component Component{instance=java.lang.Object@5b7a7f33, name=org.infinispan.security.AuthorizationManager} under name org.infinispan.security.AuthorizationManager
14:05:38,943 TRACE (main:) [ComponentRegistry] Get or create global component class org.infinispan.configuration.global.GlobalConfiguration
14:05:38,943 TRACE (main:) [ComponentRegistry] Get or create local component interface org.infinispan.iteration.EntryRetriever
14:05:38,943 TRACE (main:) [ComponentRegistry] Looking up local component org.infinispan.iteration.EntryRetriever
14:05:38,943 TRACE (main:) [ComponentRegistry] Get or create local component interface org.infinispan.partionhandling.impl.PartitionHandlingManager
14:05:38,943 TRACE (main:) [ComponentRegistry] Looking up local component org.infinispan.partionhandling.impl.PartitionHandlingManager
14:05:38,943 TRACE (main:) [ComponentRegistry] Get or create global component interface org.infinispan.topology.LocalTopologyManager
14:05:38,943 TRACE (main:) [ComponentRegistry] Registering component Component{instance=Cache 'repl'@Venus-MBP-32102, name=org.infinispan.AdvancedCache} under name org.infinispan.AdvancedCache
14:05:38,943 TRACE (main:) [ComponentRegistry] Get or create local component interface org.infinispan.commons.marshall.StreamingMarshaller
14:05:38,943 TRACE (main:) [ComponentRegistry] Looking up local component org.infinispan.commons.marshall.StreamingMarshaller
14:05:38,943 TRACE (main:) [ComponentRegistry] Get or create local component class org.infinispan.configuration.cache.Configuration
14:05:38,943 TRACE (main:) [ComponentRegistry] Looking up local component org.infinispan.configuration.cache.Configuration
14:05:38,943 TRACE (main:) [ComponentRegistry] Get or create local component interface javax.transaction.TransactionManager
14:05:38,943 TRACE (main:) [ComponentRegistry] Looking up local component javax.transaction.TransactionManager
14:05:38,943 TRACE (main:) [ComponentRegistry] Get or create global component interface org.infinispan.util.TimeService
14:05:38,943 TRACE (main:) [ComponentRegistry] Get or create local component interface java.util.concurrent.ExecutorService
14:05:38,943 TRACE (main:) [ComponentRegistry] Looking up local component java.util.concurrent.ExecutorService
14:05:38,943 TRACE (main:) [ComponentRegistry] Looking up global factory for component interface java.util.concurrent.ExecutorService
14:05:38,943 TRACE (main:) [GlobalComponentRegistry] Looking up factory for class interface java.util.concurrent.ExecutorService
14:05:38,943 TRACE (main:) [ComponentRegistry] Creating component org.infinispan.executors.persistence with factory class org.infinispan.factories.NamedExecutorsFactory
14:05:38,944 TRACE (main:) [ComponentRegistry] Registering component Component{instance=org.infinispan.executors.LazyInitializingExecutorService@895e367, name=org.infinispan.executors.persistence} under name org.infinispan.executors.persistence
14:05:38,944 TRACE (main:) [ComponentRegistry] Get or create local component interface org.infinispan.commons.io.ByteBufferFactory
14:05:38,944 TRACE (main:) [ComponentRegistry] Looking up local component org.infinispan.commons.io.ByteBufferFactory
14:05:38,944 TRACE (main:) [ComponentRegistry] Looking up local factory for component interface org.infinispan.commons.io.ByteBufferFactory
14:05:38,944 TRACE (main:) [ComponentRegistry] Looking up factory for class interface org.infinispan.commons.io.ByteBufferFactory
14:05:38,944 TRACE (main:) [ComponentRegistry] Looking up local component org.infinispan.factories.EmptyConstructorNamedCacheFactory
14:05:38,944 TRACE (main:) [ComponentRegistry] Looking up local component org.infinispan.factories.EmptyConstructorNamedCacheFactory
14:05:38,944 TRACE (main:) [ComponentRegistry] Creating component org.infinispan.commons.io.ByteBufferFactory with factory class org.infinispan.factories.EmptyConstructorNamedCacheFactory
14:05:38,944 TRACE (main:) [ComponentRegistry] Registering component Component{instance=org.infinispan.commons.io.ByteBufferFactoryImpl@42b3b079, name=org.infinispan.commons.io.ByteBufferFactory} under name org.infinispan.commons.io.ByteBufferFactory
14:05:38,944 TRACE (main:) [ComponentRegistry] Get or create local component interface org.infinispan.marshall.core.MarshalledEntryFactory
14:05:38,944 TRACE (main:) [ComponentRegistry] Looking up local component org.infinispan.marshall.core.MarshalledEntryFactory
14:05:38,944 TRACE (main:) [ComponentRegistry] Looking up local factory for component interface org.infinispan.marshall.core.MarshalledEntryFactory
14:05:38,944 TRACE (main:) [ComponentRegistry] Looking up factory for class interface org.infinispan.marshall.core.MarshalledEntryFactory
14:05:38,944 TRACE (main:) [ComponentRegistry] Looking up local component org.infinispan.factories.EmptyConstructorNamedCacheFactory
14:05:38,944 TRACE (main:) [ComponentRegistry] Looking up local component org.infinispan.factories.EmptyConstructorNamedCacheFactory
14:05:38,944 TRACE (main:) [ComponentRegistry] Creating component org.infinispan.marshall.core.MarshalledEntryFactory with factory class org.infinispan.factories.EmptyConstructorNamedCacheFactory
14:05:38,945 TRACE (main:) [ComponentRegistry] Injecting dependencies for method [public void org.infinispan.marshall.core.MarshalledEntryFactoryImpl.init(org.infinispan.commons.marshall.StreamingMarshaller)] on an instance of [org.infinispan.marshall.core.MarshalledEntryFactoryImpl].
14:05:38,945 TRACE (main:) [ComponentRegistry] Get or create local component interface org.infinispan.commons.marshall.StreamingMarshaller
14:05:38,945 TRACE (main:) [ComponentRegistry] Looking up local component org.infinispan.commons.marshall.StreamingMarshaller
14:05:38,945 TRACE (main:) [ComponentRegistry] Registering component Component{instance=org.infinispan.marshall.core.MarshalledEntryFactoryImpl@5456afaa, name=org.infinispan.marshall.core.MarshalledEntryFactory} under name org.infinispan.marshall.core.MarshalledEntryFactory
14:05:38,945 TRACE (main:) [ComponentRegistry] Registering component Component{instance=org.infinispan.persistence.manager.PersistenceManagerImpl@6692b6c6, name=org.infinispan.persistence.manager.PersistenceManager} under name org.infinispan.persistence.manager.PersistenceManager
14:05:38,945 TRACE (main:) [ComponentRegistry] Get or create local component interface org.infinispan.notifications.cachelistener.CacheNotifier
14:05:38,945 TRACE (main:) [ComponentRegistry] Looking up local component org.infinispan.notifications.cachelistener.CacheNotifier
14:05:38,945 TRACE (main:) [ComponentRegistry] Get or create local component class org.infinispan.configuration.cache.Configuration
14:05:38,945 TRACE (main:) [ComponentRegistry] Looking up local component org.infinispan.configuration.cache.Configuration
14:05:38,945 TRACE (main:) [ComponentRegistry] Get or create local component interface org.infinispan.container.DataContainer
14:05:38,945 TRACE (main:) [ComponentRegistry] Looking up local component org.infinispan.container.DataContainer
14:05:38,945 TRACE (main:) [ComponentRegistry] Get or create global component interface org.infinispan.util.TimeService
14:05:38,945 TRACE (main:) [ComponentRegistry] Get or create local component interface org.infinispan.marshall.core.MarshalledEntryFactory
14:05:38,945 TRACE (main:) [ComponentRegistry] Looking up local component org.infinispan.marshall.core.MarshalledEntryFactory
14:05:38,945 TRACE (main:) [ComponentRegistry] Registering component Component{instance=org.infinispan.eviction.PassivationManagerImpl@1cd629b3, name=org.infinispan.eviction.PassivationManager} under name org.infinispan.eviction.PassivationManager
14:05:38,945 TRACE (main:) [ComponentRegistry] Get or create local component interface org.infinispan.container.InternalEntryFactory
14:05:38,945 TRACE (main:) [ComponentRegistry] Looking up local component org.infinispan.container.InternalEntryFactory
14:05:38,945 TRACE (main:) [ComponentRegistry] Get or create local component interface org.infinispan.eviction.ActivationManager
14:05:38,945 TRACE (main:) [ComponentRegistry] Looking up local component org.infinispan.eviction.ActivationManager
14:05:38,945 TRACE (main:) [ComponentRegistry] Looking up local factory for component interface org.infinispan.eviction.ActivationManager
14:05:38,945 TRACE (main:) [ComponentRegistry] Looking up factory for class interface org.infinispan.eviction.ActivationManager
14:05:38,945 TRACE (main:) [ComponentRegistry] Looking up local component org.infinispan.factories.EmptyConstructorNamedCacheFactory
14:05:38,945 TRACE (main:) [ComponentRegistry] Looking up local component org.infinispan.factories.EmptyConstructorNamedCacheFactory
14:05:38,945 TRACE (main:) [ComponentRegistry] Creating component org.infinispan.eviction.ActivationManager with factory class org.infinispan.factories.EmptyConstructorNamedCacheFactory
14:05:38,946 TRACE (main:) [ComponentRegistry] Injecting dependencies for method [public void org.infinispan.eviction.ActivationManagerImpl.inject(org.infinispan.persistence.manager.PersistenceManager,org.infinispan.configuration.cache.Configuration)] on an instance of [org.infinispan.eviction.ActivationManagerImpl].
14:05:38,946 TRACE (main:) [ComponentRegistry] Get or create local component interface org.infinispan.persistence.manager.PersistenceManager
14:05:38,946 TRACE (main:) [ComponentRegistry] Looking up local component org.infinispan.persistence.manager.PersistenceManager
14:05:38,946 TRACE (main:) [ComponentRegistry] Get or create local component class org.infinispan.configuration.cache.Configuration
14:05:38,946 TRACE (main:) [ComponentRegistry] Looking up local component org.infinispan.configuration.cache.Configuration
14:05:38,946 TRACE (main:) [ComponentRegistry] Registering component Component{instance=org.infinispan.eviction.ActivationManagerImpl@6736fa8d, name=org.infinispan.eviction.ActivationManager} under name org.infinispan.eviction.ActivationManager
14:05:38,946 TRACE (main:) [ComponentRegistry] Get or create local component interface org.infinispan.persistence.manager.PersistenceManager
14:05:38,946 TRACE (main:) [ComponentRegistry] Looking up local component org.infinispan.persistence.manager.PersistenceManager
14:05:38,946 TRACE (main:) [ComponentRegistry] Get or create global component interface org.infinispan.util.TimeService
14:05:38,946 TRACE (main:) [ComponentRegistry] Registering component Component{instance=org.infinispan.container.DefaultDataContainer@52815fa3, name=org.infinispan.container.DataContainer} under name org.infinispan.container.DataContainer
14:05:38,946 TRACE (main:) [ComponentRegistry] Get or create local component interface org.infinispan.persistence.manager.PersistenceManager
14:05:38,946 TRACE (main:) [ComponentRegistry] Looking up local component org.infinispan.persistence.manager.PersistenceManager
14:05:38,946 TRACE (main:) [ComponentRegistry] Get or create local component interface org.infinispan.notifications.cachelistener.CacheNotifier
14:05:38,946 TRACE (main:) [ComponentRegistry] Looking up local component org.infinispan.notifications.cachelistener.CacheNotifier
14:05:38,946 TRACE (main:) [ComponentRegistry] Get or create global component interface org.infinispan.util.TimeService
14:05:38,946 TRACE (main:) [ComponentRegistry] Registering component Component{instance=org.infinispan.eviction.EvictionManagerImpl@50313382, name=org.infinispan.eviction.EvictionManager} under name org.infinispan.eviction.EvictionManager
14:05:38,946 TRACE (main:) [ComponentRegistry] Get or create local component interface org.infinispan.context.InvocationContextFactory
14:05:38,946 TRACE (main:) [ComponentRegistry] Looking up local component org.infinispan.context.InvocationContextFactory
14:05:38,946 TRACE (main:) [ComponentRegistry] Get or create local component interface org.infinispan.context.InvocationContextContainer
14:05:38,946 TRACE (main:) [ComponentRegistry] Looking up local component org.infinispan.context.InvocationContextContainer
14:05:38,946 TRACE (main:) [ComponentRegistry] Get or create local component interface org.infinispan.commands.CommandsFactory
14:05:38,946 TRACE (main:) [ComponentRegistry] Looking up local component org.infinispan.commands.CommandsFactory
14:05:38,946 TRACE (main:) [ComponentRegistry] Get or create local component class org.infinispan.interceptors.InterceptorChain
14:05:38,946 TRACE (main:) [ComponentRegistry] Looking up local component org.infinispan.interceptors.InterceptorChain
14:05:38,946 TRACE (main:) [ComponentRegistry] Get or create local component class org.infinispan.configuration.cache.Configuration
14:05:38,946 TRACE (main:) [ComponentRegistry] Looking up local component org.infinispan.configuration.cache.Configuration
14:05:38,946 TRACE (main:) [ComponentRegistry] Get or create local component interface org.infinispan.notifications.cachelistener.CacheNotifier
14:05:38,946 TRACE (main:) [ComponentRegistry] Looking up local component org.infinispan.notifications.cachelistener.CacheNotifier
14:05:38,946 TRACE (main:) [ComponentRegistry] Get or create local component class org.infinispan.factories.ComponentRegistry
14:05:38,946 TRACE (main:) [ComponentRegistry] Looking up local component org.infinispan.factories.ComponentRegistry
14:05:38,946 TRACE (main:) [ComponentRegistry] Get or create local component interface javax.transaction.TransactionManager
14:05:38,946 TRACE (main:) [ComponentRegistry] Looking up local component javax.transaction.TransactionManager
14:05:38,946 TRACE (main:) [ComponentRegistry] Get or create local component class org.infinispan.batch.BatchContainer
14:05:38,946 TRACE (main:) [ComponentRegistry] Looking up local component org.infinispan.batch.BatchContainer
14:05:38,946 TRACE (main:) [ComponentRegistry] Get or create local component interface org.infinispan.remoting.rpc.RpcManager
14:05:38,946 TRACE (main:) [ComponentRegistry] Looking up local component org.infinispan.remoting.rpc.RpcManager
14:05:38,946 TRACE (main:) [ComponentRegistry] Get or create local component interface org.infinispan.container.DataContainer
14:05:38,946 TRACE (main:) [ComponentRegistry] Looking up local component org.infinispan.container.DataContainer
14:05:38,946 TRACE (main:) [ComponentRegistry] Get or create local component interface org.infinispan.commons.marshall.StreamingMarshaller
14:05:38,946 TRACE (main:) [ComponentRegistry] Looking up local component org.infinispan.commons.marshall.StreamingMarshaller
14:05:38,946 TRACE (main:) [ComponentRegistry] Get or create local component interface org.infinispan.distribution.DistributionManager
14:05:38,947 TRACE (main:) [ComponentRegistry] Looking up local component org.infinispan.distribution.DistributionManager
14:05:38,947 TRACE (main:) [ComponentRegistry] Get or create global component interface org.infinispan.manager.EmbeddedCacheManager
14:05:38,947 TRACE (main:) [ComponentRegistry] Get or create local component interface java.util.concurrent.ExecutorService
14:05:38,947 TRACE (main:) [ComponentRegistry] Looking up local component java.util.concurrent.ExecutorService
14:05:38,947 TRACE (main:) [ComponentRegistry] Get or create local component class org.infinispan.transaction.TransactionTable
14:05:38,947 TRACE (main:) [ComponentRegistry] Looking up local component org.infinispan.transaction.TransactionTable
14:05:38,947 TRACE (main:) [ComponentRegistry] Get or create local component interface org.infinispan.transaction.xa.recovery.RecoveryManager
14:05:38,947 TRACE (main:) [ComponentRegistry] Looking up local component org.infinispan.transaction.xa.recovery.RecoveryManager
14:05:38,947 TRACE (main:) [ComponentRegistry] Get or create local component class org.infinispan.transaction.TransactionCoordinator
14:05:38,947 TRACE (main:) [ComponentRegistry] Looking up local component org.infinispan.transaction.TransactionCoordinator
14:05:38,947 TRACE (main:) [ComponentRegistry] Get or create local component interface org.infinispan.util.concurrent.locks.LockManager
14:05:38,947 TRACE (main:) [ComponentRegistry] Looking up local component org.infinispan.util.concurrent.locks.LockManager
14:05:38,947 TRACE (main:) [ComponentRegistry] Get or create local component interface org.infinispan.security.AuthorizationManager
14:05:38,947 TRACE (main:) [ComponentRegistry] Looking up local component org.infinispan.security.AuthorizationManager
14:05:38,947 TRACE (main:) [ComponentRegistry] Get or create global component class org.infinispan.configuration.global.GlobalConfiguration
14:05:38,947 TRACE (main:) [ComponentRegistry] Get or create local component interface org.infinispan.iteration.EntryRetriever
14:05:38,947 TRACE (main:) [ComponentRegistry] Looking up local component org.infinispan.iteration.EntryRetriever
14:05:38,947 TRACE (main:) [ComponentRegistry] Get or create local component interface org.infinispan.partionhandling.impl.PartitionHandlingManager
14:05:38,947 TRACE (main:) [ComponentRegistry] Looking up local component org.infinispan.partionhandling.impl.PartitionHandlingManager
14:05:38,947 TRACE (main:) [ComponentRegistry] Get or create global component interface org.infinispan.topology.LocalTopologyManager
14:05:38,947 TRACE (main:) [ComponentRegistry] Registering component Component{instance=Cache 'repl'@Venus-MBP-32102, name=org.infinispan.Cache} under name org.infinispan.Cache
14:05:38,951 TRACE (main:) [ComponentRegistry] Injecting dependencies for method [public void org.infinispan.jmx.CacheJmxRegistration.initialize(org.infinispan.Cache,org.infinispan.configuration.global.GlobalConfiguration)] on an instance of [org.infinispan.jmx.CacheJmxRegistration].
14:05:38,951 TRACE (main:) [ComponentRegistry] Get or create local component interface org.infinispan.Cache
14:05:38,951 TRACE (main:) [ComponentRegistry] Looking up local component org.infinispan.Cache
14:05:38,951 TRACE (main:) [ComponentRegistry] Get or create global component class org.infinispan.configuration.global.GlobalConfiguration
14:05:38,952 TRACE (main:) [ComponentRegistry] Registering component Component{instance=org.infinispan.jmx.CacheJmxRegistration@4d518b32, name=org.infinispan.jmx.CacheJmxRegistration} under name org.infinispan.jmx.CacheJmxRegistration
14:05:38,955 TRACE (main:) [ComponentRegistry] Injecting dependencies for method [public void org.infinispan.upgrade.RollingUpgradeManager.initialize(org.infinispan.Cache,org.infinispan.util.TimeService)] on an instance of [org.infinispan.upgrade.RollingUpgradeManager].
14:05:38,955 TRACE (main:) [ComponentRegistry] Get or create local component interface org.infinispan.Cache
14:05:38,955 TRACE (main:) [ComponentRegistry] Looking up local component org.infinispan.Cache
14:05:38,955 TRACE (main:) [ComponentRegistry] Get or create global component interface org.infinispan.util.TimeService
14:05:38,955 TRACE (main:) [ComponentRegistry] Registering component Component{instance=org.infinispan.upgrade.RollingUpgradeManager@479cbee5, name=org.infinispan.upgrade.RollingUpgradeManager} under name org.infinispan.upgrade.RollingUpgradeManager
14:05:38,955 TRACE (main:) [ComponentRegistry] Get or create local component interface org.infinispan.commons.marshall.StreamingMarshaller
14:05:38,956 TRACE (main:) [ComponentRegistry] Looking up local component org.infinispan.commons.marshall.StreamingMarshaller
14:05:38,956 TRACE (main:) [ComponentRegistry] Get or create local component interface org.infinispan.statetransfer.StateTransferManager
14:05:38,956 TRACE (main:) [ComponentRegistry] Looking up local component org.infinispan.statetransfer.StateTransferManager
14:05:38,956 TRACE (main:) [ComponentRegistry] Get or create local component interface org.infinispan.remoting.responses.ResponseGenerator
14:05:38,956 TRACE (main:) [ComponentRegistry] Looking up local component org.infinispan.remoting.responses.ResponseGenerator
14:05:38,956 TRACE (main:) [ComponentRegistry] Looking up local component org.infinispan.commands.CommandsFactory
14:05:38,956 TRACE (main:) [ComponentRegistry] Get or create local component class org.infinispan.transaction.totalorder.TotalOrderManager
14:05:38,956 TRACE (main:) [ComponentRegistry] Looking up local component org.infinispan.transaction.totalorder.TotalOrderManager
14:05:38,956 TRACE (main:) [ComponentRegistry] Get or create local component interface org.infinispan.statetransfer.StateTransferLock
14:05:38,956 TRACE (main:) [ComponentRegistry] Looking up local component org.infinispan.statetransfer.StateTransferLock
14:05:38,956 TRACE (main:) [ComponentRegistry] Looking up local component org.infinispan.configuration.cache.Configuration
14:05:38,957 TRACE (main:) [ComponentRegistry] Invoking start method public void org.infinispan.commands.CommandsFactoryImpl.start() on component org.infinispan.commands.CommandsFactory
14:05:38,957 TRACE (main:) [ComponentRegistry] Invoking start method private void org.infinispan.transaction.TransactionCoordinator.setStartStatus() on component org.infinispan.transaction.TransactionCoordinator
14:05:38,957 TRACE (main:) [ComponentRegistry] Invoking start method private void org.infinispan.interceptors.InvocationContextInterceptor.setStartStatus() on component org.infinispan.interceptors.InvocationContextInterceptor
14:05:38,957 TRACE (main:) [ComponentRegistry] Invoking start method public void org.infinispan.marshall.core.CacheMarshaller.start() on component org.infinispan.marshaller.cache
14:05:38,957 TRACE (main:) [AbstractJBossMarshaller] Initialized proxy org.infinispan.marshall.core.JBossMarshaller$ExternalizerTableProxy@2b72cb8a with table org.infinispan.marshall.core.ExternalizerTable@2b9627bc
14:05:38,957 TRACE (main:) [ComponentRegistry] Invoking start method public void org.infinispan.container.EntryFactoryImpl.init() on component org.infinispan.container.EntryFactory
14:05:38,957 TRACE (main:) [ComponentRegistry] Invoking start method public void org.infinispan.transaction.xa.XaTransactionTable.startXidMapping() on component org.infinispan.transaction.TransactionTable
14:05:38,957 TRACE (main:) [ComponentRegistry] Invoking start method public void org.infinispan.transaction.TransactionTable.start() on component org.infinispan.transaction.TransactionTable
14:05:38,958 TRACE (main:) [ComponentRegistry] Invoking start method public void org.infinispan.notifications.cachelistener.CacheNotifierImpl.start() on component org.infinispan.notifications.cachelistener.cluster.ClusterCacheNotifier
14:05:38,974 TRACE (main:) [ComponentRegistry] Looking up local component org.infinispan.interceptors.InterceptorChain
14:05:38,974 TRACE (main:) [ComponentRegistry] Looking up local component org.infinispan.commands.CommandsFactory
14:05:38,974 TRACE (main:) [ComponentRegistry] Looking up local component org.infinispan.commons.marshall.StreamingMarshaller
14:05:38,975 TRACE (main:) [ComponentRegistry] Looking up local component org.infinispan.interceptors.locking.ClusteringDependentLogic
14:05:38,975 TRACE (main:) [ComponentRegistry] Invoking start method private void org.infinispan.remoting.rpc.RpcManagerImpl.start() on component org.infinispan.remoting.rpc.RpcManager
14:05:38,975 TRACE (main:) [ComponentRegistry] Invoking start method public void org.infinispan.notifications.cachelistener.CacheNotifierImpl.start() on component org.infinispan.notifications.cachelistener.CacheNotifier
14:05:38,975 TRACE (main:) [ComponentRegistry] Looking up local component org.infinispan.interceptors.InterceptorChain
14:05:38,975 TRACE (main:) [ComponentRegistry] Looking up local component org.infinispan.commands.CommandsFactory
14:05:38,975 TRACE (main:) [ComponentRegistry] Looking up local component org.infinispan.commons.marshall.StreamingMarshaller
14:05:38,975 TRACE (main:) [ComponentRegistry] Looking up local component org.infinispan.interceptors.locking.ClusteringDependentLogic
14:05:38,975 TRACE (main:) [ComponentRegistry] Invoking start method public void org.infinispan.interceptors.CacheMgmtInterceptor.start() on component org.infinispan.interceptors.CacheMgmtInterceptor
14:05:38,976 TRACE (main:) [ComponentRegistry] Invoking start method public void org.infinispan.interceptors.base.JmxStatsCommandInterceptor.checkStatisticsUsed() on component org.infinispan.interceptors.CacheMgmtInterceptor
14:05:38,976 TRACE (main:) [ComponentRegistry] Invoking start method public void org.infinispan.transaction.xa.TransactionFactory.start() on component org.infinispan.transaction.xa.TransactionFactory
14:05:38,982 TRACE (main:) [TransactionFactory] Setting factory enum to NODLD_NORECOVERY_XA
14:05:38,982 TRACE (main:) [ComponentRegistry] Invoking start method private void org.infinispan.interceptors.InterceptorChain.printChainInfo() on component org.infinispan.interceptors.InterceptorChain
14:05:38,982 DEBUG (main:) [InterceptorChain] Interceptor chain size: 8
14:05:38,982 DEBUG (main:) [InterceptorChain] Interceptor chain is: 
	>> org.infinispan.interceptors.InvocationContextInterceptor
	>> org.infinispan.interceptors.CacheMgmtInterceptor
	>> org.infinispan.statetransfer.StateTransferInterceptor
	>> org.infinispan.interceptors.NotificationInterceptor
	>> org.infinispan.interceptors.locking.NonTransactionalLockingInterceptor
	>> org.infinispan.interceptors.EntryWrappingInterceptor
	>> org.infinispan.interceptors.distribution.NonTxDistributionInterceptor
	>> org.infinispan.interceptors.CallInterceptor
14:05:38,982 TRACE (main:) [ComponentRegistry] Invoking start method public void org.infinispan.persistence.manager.PersistenceManagerImpl.start() on component org.infinispan.persistence.manager.PersistenceManager
14:05:38,982 TRACE (main:) [ComponentRegistry] Invoking start method public void org.infinispan.transaction.TransactionCoordinator.start() on component org.infinispan.transaction.TransactionCoordinator
14:05:38,983 TRACE (main:) [ComponentRegistry] Invoking start method public void org.infinispan.xsite.BackupSenderImpl.start() on component org.infinispan.xsite.BackupSender
14:05:38,984 TRACE (main:) [ComponentRegistry] Invoking start method public void org.infinispan.interceptors.EntryWrappingInterceptor.start() on component org.infinispan.interceptors.EntryWrappingInterceptor
14:05:38,984 TRACE (main:) [ComponentRegistry] Invoking start method public void org.infinispan.iteration.LocalEntryRetriever.start() on component org.infinispan.iteration.EntryRetriever
14:05:38,991 TRACE (main:) [ComponentRegistry] Invoking start method public void org.infinispan.xsite.statetransfer.XSiteStateTransferManagerImpl.addListener() on component org.infinispan.xsite.statetransfer.XSiteStateTransferManager
14:05:38,996 TRACE (main:) [ComponentRegistry] Invoking start method public void org.infinispan.interceptors.ClusteringInterceptor.configure() on component org.infinispan.interceptors.distribution.NonTxDistributionInterceptor
14:05:38,997 TRACE (main:) [ComponentRegistry] Invoking start method public void org.infinispan.interceptors.base.BaseRpcInterceptor.init() on component org.infinispan.interceptors.distribution.NonTxDistributionInterceptor
14:05:38,997 TRACE (main:) [ComponentRegistry] Invoking start method public void org.infinispan.container.versioning.NumericVersionGenerator.start() on component org.infinispan.container.versioning.VersionGenerator
14:05:38,999 TRACE (main:) [ComponentRegistry] Invoking start method public void org.infinispan.eviction.ActivationManagerImpl.start() on component org.infinispan.eviction.ActivationManager
14:05:39,000 TRACE (main:) [ComponentRegistry] Invoking start method public void org.infinispan.eviction.PassivationManagerImpl.start() on component org.infinispan.eviction.PassivationManager
14:05:39,000 TRACE (main:) [ComponentRegistry] Invoking start method public void org.infinispan.jmx.CacheJmxRegistration.start() on component org.infinispan.jmx.CacheJmxRegistration
14:05:39,001 TRACE (main:) [ResourceDMBean] Attribute evictions [r=true,w=false,is=false,type=long]
14:05:39,001 TRACE (main:) [ResourceDMBean] Attribute removeMisses [r=true,w=false,is=false,type=long]
14:05:39,001 TRACE (main:) [ResourceDMBean] Attribute readWriteRatio [r=true,w=false,is=false,type=double]
14:05:39,001 TRACE (main:) [ResourceDMBean] Attribute removeHits [r=true,w=false,is=false,type=long]
14:05:39,001 TRACE (main:) [ResourceDMBean] Attribute averageReadTime [r=true,w=false,is=false,type=long]
14:05:39,001 TRACE (main:) [ResourceDMBean] Attribute elapsedTime [r=true,w=false,is=false,type=long]
14:05:39,001 TRACE (main:) [ResourceDMBean] Attribute stores [r=true,w=false,is=false,type=long]
14:05:39,001 TRACE (main:) [ResourceDMBean] Attribute numberOfEntries [r=true,w=false,is=false,type=int]
14:05:39,001 TRACE (main:) [ResourceDMBean] Attribute statisticsEnabled [r=true,w=true,is=false,type=boolean]
14:05:39,001 TRACE (main:) [ResourceDMBean] Attribute averageRemoveTime [r=true,w=false,is=false,type=long]
14:05:39,002 TRACE (main:) [ResourceDMBean] Attribute averageWriteTime [r=true,w=false,is=false,type=long]
14:05:39,002 TRACE (main:) [ResourceDMBean] Attribute timeSinceReset [r=true,w=false,is=false,type=long]
14:05:39,002 TRACE (main:) [ResourceDMBean] Attribute misses [r=true,w=false,is=false,type=long]
14:05:39,002 TRACE (main:) [ResourceDMBean] Attribute hits [r=true,w=false,is=false,type=long]
14:05:39,002 TRACE (main:) [ResourceDMBean] Attribute hitRatio [r=true,w=false,is=false,type=double]
14:05:39,002 TRACE (main:) [ResourceDMBean] Operation void resetStatistics
14:05:39,002 TRACE (main:) [ResourceDMBean] Operation boolean isAffectedByRehash
14:05:39,002 TRACE (main:) [ResourceDMBean] Operation boolean isLocatedLocally
14:05:39,002 TRACE (main:) [ResourceDMBean] Operation java.util.List locateKey
14:05:39,003 TRACE (main:) [ResourceDMBean] Attribute cacheAvailability [r=true,w=true,is=false,type=java.lang.String]
14:05:39,003 TRACE (main:) [ResourceDMBean] Attribute cacheStatus [r=true,w=false,is=false,type=java.lang.String]
14:05:39,003 TRACE (main:) [ResourceDMBean] Attribute version [r=true,w=false,is=false,type=java.lang.String]
14:05:39,003 TRACE (main:) [ResourceDMBean] Attribute configurationAsProperties [r=true,w=false,is=false,type=java.util.Properties]
14:05:39,003 TRACE (main:) [ResourceDMBean] Attribute cacheName [r=true,w=false,is=false,type=java.lang.String]
14:05:39,003 TRACE (main:) [ResourceDMBean] Operation void stop
14:05:39,003 TRACE (main:) [ResourceDMBean] Operation void clearOperation
14:05:39,003 TRACE (main:) [ResourceDMBean] Operation void start
14:05:39,003 TRACE (main:) [ResourceDMBean] Attribute cacheAvailability [r=true,w=true,is=false,type=java.lang.String]
14:05:39,003 TRACE (main:) [ResourceDMBean] Attribute cacheStatus [r=true,w=false,is=false,type=java.lang.String]
14:05:39,003 TRACE (main:) [ResourceDMBean] Attribute version [r=true,w=false,is=false,type=java.lang.String]
14:05:39,004 TRACE (main:) [ResourceDMBean] Attribute configurationAsProperties [r=true,w=false,is=false,type=java.util.Properties]
14:05:39,004 TRACE (main:) [ResourceDMBean] Attribute cacheName [r=true,w=false,is=false,type=java.lang.String]
14:05:39,004 TRACE (main:) [ResourceDMBean] Operation void stop
14:05:39,004 TRACE (main:) [ResourceDMBean] Operation void clearOperation
14:05:39,004 TRACE (main:) [ResourceDMBean] Operation void start
14:05:39,004 TRACE (main:) [ResourceDMBean] Attribute numberOfLocksHeld [r=true,w=false,is=false,type=int]
14:05:39,005 TRACE (main:) [ResourceDMBean] Attribute concurrencyLevel [r=true,w=false,is=false,type=int]
14:05:39,005 TRACE (main:) [ResourceDMBean] Attribute numberOfLocksAvailable [r=true,w=false,is=false,type=int]
14:05:39,005 TRACE (main:) [ResourceDMBean] Operation void disconnectSource
14:05:39,005 TRACE (main:) [ResourceDMBean] Operation void recordKnownGlobalKeyset
14:05:39,005 TRACE (main:) [ResourceDMBean] Operation long synchronizeData
14:05:39,005 TRACE (main:) [ResourceDMBean] Attribute statisticsEnabled [r=true,w=true,is=false,type=boolean]
14:05:39,005 TRACE (main:) [ResourceDMBean] Attribute activations [r=true,w=false,is=false,type=java.lang.String]
14:05:39,005 TRACE (main:) [ResourceDMBean] Operation void resetStatistics
14:05:39,005 TRACE (main:) [ResourceDMBean] Attribute passivations [r=true,w=false,is=false,type=long]
14:05:39,005 TRACE (main:) [ResourceDMBean] Operation void resetStatistics
14:05:39,005 TRACE (main:) [ResourceDMBean] Attribute successRatioFloatingPoint [r=true,w=false,is=false,type=double]
14:05:39,005 TRACE (main:) [ResourceDMBean] Attribute pendingViewAsString [r=true,w=false,is=false,type=java.lang.String]
14:05:39,005 TRACE (main:) [ResourceDMBean] Attribute replicationFailures [r=true,w=false,is=false,type=long]
14:05:39,005 TRACE (main:) [ResourceDMBean] Attribute averageReplicationTime [r=true,w=false,is=false,type=long]
14:05:39,005 TRACE (main:) [ResourceDMBean] Attribute committedViewAsString [r=true,w=false,is=false,type=java.lang.String]
14:05:39,005 TRACE (main:) [ResourceDMBean] Attribute replicationCount [r=true,w=false,is=false,type=long]
14:05:39,005 TRACE (main:) [ResourceDMBean] Attribute statisticsEnabled [r=true,w=true,is=true,type=boolean]
14:05:39,005 TRACE (main:) [ResourceDMBean] Attribute successRatio [r=true,w=false,is=false,type=java.lang.String]
14:05:39,006 TRACE (main:) [ResourceDMBean] Operation void resetStatistics
14:05:39,006 TRACE (main:) [ResourceDMBean] Operation void setStatisticsEnabled
14:05:39,006 TRACE (main:) [ResourceDMBean] Attribute joinComplete [r=true,w=false,is=true,type=boolean]
14:05:39,006 TRACE (main:) [ResourceDMBean] Attribute stateTransferInProgress [r=true,w=false,is=true,type=boolean]
14:05:39,006 TRACE (main:) [JmxUtil] Registered org.infinispan.jmx.ResourceDMBean@b978d10 under org.infinispan:type=Cache,name="repl(repl_sync)",manager="DefaultCacheManager",component=Statistics
14:05:39,006 TRACE (main:) [JmxUtil] Registered org.infinispan.jmx.ResourceDMBean@5b7a8434 under org.infinispan:type=Cache,name="repl(repl_sync)",manager="DefaultCacheManager",component=DistributionManager
14:05:39,006 TRACE (main:) [JmxUtil] Registered org.infinispan.jmx.ResourceDMBean@5c45d770 under org.infinispan:type=Cache,name="repl(repl_sync)",manager="DefaultCacheManager",component=Cache
14:05:39,006 DEBUG (main:) [JmxUtil] Object name org.infinispan:type=Cache,name="repl(repl_sync)",manager="DefaultCacheManager",component=Cache already registered
14:05:39,006 TRACE (main:) [JmxUtil] Registered org.infinispan.jmx.ResourceDMBean@2ce6c6ec under org.infinispan:type=Cache,name="repl(repl_sync)",manager="DefaultCacheManager",component=LockManager
14:05:39,007 TRACE (main:) [JmxUtil] Registered org.infinispan.jmx.ResourceDMBean@1bae316d under org.infinispan:type=Cache,name="repl(repl_sync)",manager="DefaultCacheManager",component=RollingUpgradeManager
14:05:39,007 TRACE (main:) [JmxUtil] Registered org.infinispan.jmx.ResourceDMBean@147a5d08 under org.infinispan:type=Cache,name="repl(repl_sync)",manager="DefaultCacheManager",component=Activation
14:05:39,007 TRACE (main:) [JmxUtil] Registered org.infinispan.jmx.ResourceDMBean@6676f6a0 under org.infinispan:type=Cache,name="repl(repl_sync)",manager="DefaultCacheManager",component=Passivation
14:05:39,007 TRACE (main:) [JmxUtil] Registered org.infinispan.jmx.ResourceDMBean@7cbd9d24 under org.infinispan:type=Cache,name="repl(repl_sync)",manager="DefaultCacheManager",component=RpcManager
14:05:39,007 TRACE (main:) [JmxUtil] Registered org.infinispan.jmx.ResourceDMBean@1672fe87 under org.infinispan:type=Cache,name="repl(repl_sync)",manager="DefaultCacheManager",component=StateTransferManager
14:05:39,007 TRACE (main:) [CacheJmxRegistration] ISPN000031: MBeans were successfully registered to the platform MBean server.
14:05:39,007 TRACE (main:) [ComponentRegistry] Invoking start method public void org.infinispan.statetransfer.StateConsumerImpl.start() on component org.infinispan.statetransfer.StateConsumer
14:05:39,007 TRACE (main:) [ComponentRegistry] Invoking start method private void org.infinispan.distribution.DistributionManagerImpl.start() throws java.lang.Exception on component org.infinispan.distribution.DistributionManager
14:05:39,007 TRACE (main:) [DistributionManagerImpl] starting distribution manager on Venus-MBP-32102
14:05:39,007 TRACE (main:) [ComponentRegistry] Invoking start method public void org.infinispan.eviction.EvictionManagerImpl.start() on component org.infinispan.eviction.EvictionManager
14:05:39,009 TRACE (main:) [ComponentRegistry] Invoking start method public void org.infinispan.persistence.manager.PersistenceManagerImpl.preload() on component org.infinispan.persistence.manager.PersistenceManager
14:05:39,010 TRACE (main:) [ComponentRegistry] Invoking start method public void org.infinispan.statetransfer.StateTransferManagerImpl.start() throws java.lang.Exception on component org.infinispan.statetransfer.StateTransferManager
14:05:39,010 TRACE (main:) [StateTransferManagerImpl] Starting StateTransferManager of cache repl on node Venus-MBP-32102
14:05:39,010 DEBUG (main:) [LocalTopologyManagerImpl] Node Venus-MBP-32102 joining cache repl
14:05:39,010 TRACE (main:) [LocalTopologyManagerImpl] Attempting to execute command on self: CacheTopologyControlCommand{cache=repl, type=JOIN, sender=Venus-MBP-32102, joinInfo=CacheJoinInfo{consistentHashFactory=org.infinispan.distribution.ch.ReplicatedConsistentHashFactory@ffffe85b, hashFunction=MurmurHash3, numSegments=60, numOwners=2, timeout=240000, totalOrder=false, distributed=false}, topologyId=0, rebalanceId=0, currentCH=null, pendingCH=null, availabilityMode=null, actualMembers=null, throwable=null, viewId=0}
14:05:39,010 TRACE (main:) [GlobalComponentRegistry] Injecting dependencies for method [public void org.infinispan.topology.CacheTopologyControlCommand.init(org.infinispan.topology.LocalTopologyManager,org.infinispan.topology.ClusterTopologyManager)] on an instance of [org.infinispan.topology.CacheTopologyControlCommand].
14:05:39,012 TRACE (main:) [ClusterCacheStatus] Cache repl initialized, join info is null
14:05:39,012 TRACE (main:) [ClusterCacheStatus] Added joiner Venus-MBP-32102 to cache repl: members = [Venus-MBP-32102], joiners = [Venus-MBP-32102]
14:05:39,014 TRACE (main:) [ClusterCacheStatus] Cache repl topology updated: CacheTopology{id=0, rebalanceId=0, currentCH=ReplicatedConsistentHash{ns = 60, owners = (1)[Venus-MBP-32102: 60]}, pendingCH=null, unionCH=null, actualMembers=[Venus-MBP-32102]}, members = [Venus-MBP-32102], joiners = []
14:05:39,014 TRACE (main:) [CacheTopology] Current consistent hash's routing table: [0, 0, 0, 0, 0, 0, 0, 0, 0, 0, 0, 0, 0, 0, 0, 0, 0, 0, 0, 0, 0, 0, 0, 0, 0, 0, 0, 0, 0, 0, 0, 0, 0, 0, 0, 0, 0, 0, 0, 0, 0, 0, 0, 0, 0, 0, 0, 0, 0, 0, 0, 0, 0, 0, 0, 0, 0, 0, 0, 0]
14:05:39,014 TRACE (main:) [ClusterCacheStatus] Cache repl stable topology updated: members = [Venus-MBP-32102], joiners = [], topology = CacheTopology{id=0, rebalanceId=0, currentCH=ReplicatedConsistentHash{ns = 60, owners = (1)[Venus-MBP-32102: 60]}, pendingCH=null, unionCH=null, actualMembers=[Venus-MBP-32102]}
14:05:39,014 DEBUG (main:) [ClusterTopologyManagerImpl] Updating cluster-wide stable topology for cache repl, topology = CacheTopology{id=0, rebalanceId=0, currentCH=ReplicatedConsistentHash{ns = 60, owners = (1)[Venus-MBP-32102: 60]}, pendingCH=null, unionCH=null, actualMembers=[Venus-MBP-32102]}
14:05:39,015 TRACE (asyncTransportThread-1:) [GlobalComponentRegistry] Injecting dependencies for method [public void org.infinispan.topology.CacheTopologyControlCommand.init(org.infinispan.topology.LocalTopologyManager,org.infinispan.topology.ClusterTopologyManager)] on an instance of [org.infinispan.topology.CacheTopologyControlCommand].
14:05:39,016 TRACE (main:) [JGroupsTransport] dests=null, command=CacheTopologyControlCommand{cache=repl, type=STABLE_TOPOLOGY_UPDATE, sender=Venus-MBP-32102, joinInfo=null, topologyId=0, rebalanceId=0, currentCH=ReplicatedConsistentHash{ns = 60, owners = (1)[Venus-MBP-32102: 60]}, pendingCH=null, availabilityMode=null, actualMembers=[Venus-MBP-32102], throwable=null, viewId=0}, mode=ASYNCHRONOUS_WITH_SYNC_MARSHALLING, timeout=240000
14:05:39,016 TRACE (asyncTransportThread-1:) [ClusterTopologyManagerImpl] Attempting to execute command on self: CacheTopologyControlCommand{cache=repl, type=STABLE_TOPOLOGY_UPDATE, sender=Venus-MBP-32102, joinInfo=null, topologyId=0, rebalanceId=0, currentCH=ReplicatedConsistentHash{ns = 60, owners = (1)[Venus-MBP-32102: 60]}, pendingCH=null, availabilityMode=null, actualMembers=[Venus-MBP-32102], throwable=null, viewId=0}
14:05:39,016 DEBUG (main:) [ClusterCacheStatus] Queueing rebalance for cache repl with members [Venus-MBP-32102]
14:05:39,016 TRACE (main:) [ClusterCacheStatus] Rebalancing consistent hash for cache repl, members are [Venus-MBP-32102]
14:05:39,017 TRACE (main:) [ClusterCacheStatus] The balanced CH is the same as the current CH, not rebalancing
14:05:39,017 TRACE (main:) [JGroupsTransport] Waiting on view 0 being accepted
14:05:39,017 DEBUG (main:) [LocalTopologyManagerImpl] Updating local topology for cache repl: CacheTopology{id=0, rebalanceId=0, currentCH=ReplicatedConsistentHash{ns = 60, owners = (1)[Venus-MBP-32102: 60]}, pendingCH=null, unionCH=null, actualMembers=[Venus-MBP-32102]}
14:05:39,017 TRACE (main:) [CacheTopology] Current consistent hash's routing table: [0, 0, 0, 0, 0, 0, 0, 0, 0, 0, 0, 0, 0, 0, 0, 0, 0, 0, 0, 0, 0, 0, 0, 0, 0, 0, 0, 0, 0, 0, 0, 0, 0, 0, 0, 0, 0, 0, 0, 0, 0, 0, 0, 0, 0, 0, 0, 0, 0, 0, 0, 0, 0, 0, 0, 0, 0, 0, 0, 0]
14:05:39,017 TRACE (main:) [StateTransferManagerImpl] Installing new cache topology CacheTopology{id=0, rebalanceId=0, currentCH=ReplicatedConsistentHash{ns = 60, owners = (1)[Venus-MBP-32102: 60]}, pendingCH=null, unionCH=null, actualMembers=[Venus-MBP-32102]} on cache repl
14:05:39,017 TRACE (main:) [StateTransferManagerImpl] This is the first topology in which the local node is a member
14:05:39,019 DEBUG (main:) [XSiteStateTransferManagerImpl] Topology change detected! EventImpl{type=TOPOLOGY_CHANGED, pre=true, cache=Cache 'repl'@Venus-MBP-32102, consistentHashAtStart=null, consistentHashAtEnd=ReplicatedConsistentHash{ns = 60, owners = (1)[Venus-MBP-32102: 60]}, unionConsistentHash=null, newTopologyId=0}
14:05:39,020 TRACE (main:) [StateConsumerImpl] Received new topology for cache repl, isRebalance = false, isMember = true, topology = CacheTopology{id=0, rebalanceId=0, currentCH=ReplicatedConsistentHash{ns = 60, owners = (1)[Venus-MBP-32102: 60]}, pendingCH=null, unionCH=null, actualMembers=[Venus-MBP-32102]}
14:05:39,020 TRACE (main:) [StateTransferLockImpl] Signalling topology 0 is installed
14:05:39,020 TRACE (main:) [StateConsumerImpl] On cache repl we have: added segments: [0, 1, 2, 3, 4, 5, 6, 7, 8, 9, 10, 11, 12, 13, 14, 15, 16, 17, 18, 19, 20, 21, 22, 23, 24, 25, 26, 27, 28, 29, 30, 31, 32, 33, 34, 35, 36, 37, 38, 39, 40, 41, 42, 43, 44, 45, 46, 47, 48, 49, 50, 51, 52, 53, 54, 55, 56, 57, 58, 59]
14:05:39,020 DEBUG (main:) [StateConsumerImpl] Adding inbound state transfer for segments [0, 1, 2, 3, 4, 5, 6, 7, 8, 9, 10, 11, 12, 13, 14, 15, 16, 17, 18, 19, 20, 21, 22, 23, 24, 25, 26, 27, 28, 29, 30, 31, 32, 33, 34, 35, 36, 37, 38, 39, 40, 41, 42, 43, 44, 45, 46, 47, 48, 49, 50, 51, 52, 53, 54, 55, 56, 57, 58, 59] of cache repl
14:05:39,020 TRACE (main:) [StateConsumerImpl] Starting transfer thread: true
14:05:39,020 DEBUG (main:) [StateConsumerImpl] Finished adding inbound state transfer for segments [0, 1, 2, 3, 4, 5, 6, 7, 8, 9, 10, 11, 12, 13, 14, 15, 16, 17, 18, 19, 20, 21, 22, 23, 24, 25, 26, 27, 28, 29, 30, 31, 32, 33, 34, 35, 36, 37, 38, 39, 40, 41, 42, 43, 44, 45, 46, 47, 48, 49, 50, 51, 52, 53, 54, 55, 56, 57, 58, 59] of cache repl
14:05:39,020 TRACE (main:) [StateConsumerImpl] Topology update processed, stateTransferTopologyId = -1, isRebalance = false, pending CH = null
14:05:39,020 TRACE (asyncTransportThread-2:) [StateConsumerImpl] Stopping state transfer thread
14:05:39,021 TRACE (main:) [StateTransferLockImpl] Signalling transaction data received for topology 0
14:05:39,021 DEBUG (main:) [XSiteStateTransferManagerImpl] Topology change detected! EventImpl{type=TOPOLOGY_CHANGED, pre=false, cache=Cache 'repl'@Venus-MBP-32102, consistentHashAtStart=null, consistentHashAtEnd=ReplicatedConsistentHash{ns = 60, owners = (1)[Venus-MBP-32102: 60]}, unionConsistentHash=null, newTopologyId=0}
14:05:39,021 DEBUG (main:) [XSiteStateTransferManagerImpl] Becoming the x-site state transfer coordinator for []
14:05:39,021 TRACE (main:) [StateTransferManagerImpl] Initial state transfer complete for cache repl on node Venus-MBP-32102
14:05:39,021 TRACE (main:) [LocalTopologyManagerImpl] Updating stable topology for cache repl: CacheTopology{id=0, rebalanceId=0, currentCH=ReplicatedConsistentHash{ns = 60, owners = (1)[Venus-MBP-32102: 60]}, pendingCH=null, unionCH=null, actualMembers=[Venus-MBP-32102]}
14:05:39,022 TRACE (main:) [StateTransferManagerImpl] StateTransferManager of cache repl on node Venus-MBP-32102 received initial topology CacheTopology{id=0, rebalanceId=0, currentCH=ReplicatedConsistentHash{ns = 60, owners = (1)[Venus-MBP-32102: 60]}, pendingCH=null, unionCH=null, actualMembers=[Venus-MBP-32102]}
14:05:39,022 TRACE (main:) [ComponentRegistry] Invoking start method public void org.infinispan.statetransfer.StateProviderImpl.start() on component org.infinispan.statetransfer.StateProvider
14:05:39,022 TRACE (main:) [ComponentRegistry] Invoking start method public void org.infinispan.statetransfer.StateTransferManagerImpl.waitForInitialStateTransferToComplete() throws java.lang.Exception on component org.infinispan.statetransfer.StateTransferManager
14:05:39,022 TRACE (main:) [LocalTopologyManagerImpl] Attempting to execute command on self: CacheTopologyControlCommand{cache=null, type=POLICY_GET_STATUS, sender=Venus-MBP-32102, joinInfo=null, topologyId=0, rebalanceId=0, currentCH=null, pendingCH=null, availabilityMode=null, actualMembers=null, throwable=null, viewId=0}
14:05:39,022 TRACE (main:) [GlobalComponentRegistry] Injecting dependencies for method [public void org.infinispan.topology.CacheTopologyControlCommand.init(org.infinispan.topology.LocalTopologyManager,org.infinispan.topology.ClusterTopologyManager)] on an instance of [org.infinispan.topology.CacheTopologyControlCommand].
14:05:39,022 TRACE (main:) [StateTransferManagerImpl] Waiting for initial state transfer to finish for cache repl on Venus-MBP-32102
14:05:39,022 DEBUG (main:) [CacheImpl] Started cache repl on Venus-MBP-32102
14:05:39,022 TRACE (main:) [DefaultCacheManager] Closing latch for cache repl
14:05:39,038 TRACE (main:) [InvocationContextInterceptor] Invoked with command EntrySetCommand{set=0 elements} and InvocationContext [org.infinispan.context.impl.NonTxInvocationContext@5a9f4771]
14:05:39,038 TRACE (main:) [CallInterceptor] Executing command: EntrySetCommand{set=0 elements}.
14:05:39,090 TRACE (Thread-1:) [InvocationContextInterceptor] Invoked with command PutKeyValueCommand{key=key-0, value=Venus-MBP-32102-0, flags=null, putIfAbsent=false, valueMatcher=MATCH_ALWAYS, metadata=EmbeddedMetadata{version=null}, successful=true} and InvocationContext [org.infinispan.context.SingleKeyNonTxInvocationContext@4fd03f30]
14:05:39,090 TRACE (Thread-1:) [StateTransferInterceptor] handleNonTxWriteCommand for command PutKeyValueCommand{key=key-0, value=Venus-MBP-32102-0, flags=null, putIfAbsent=false, valueMatcher=MATCH_ALWAYS, metadata=EmbeddedMetadata{version=null}, successful=true}, topology id -1
14:05:39,091 TRACE (Thread-1:) [NonTransactionalLockingInterceptor] Are (Venus-MBP-32102) we the lock owners for key 'key-0'? true
14:05:39,092 TRACE (Thread-1:) [LockManagerImpl] Attempting to lock key-0 with acquisition timeout of 10000 millis
14:05:39,098 TRACE (Thread-1:) [ReentrantPerEntryLockContainer] Creating and acquiring new lock instance for key key-0
14:05:39,100 TRACE (Thread-1:) [LockManagerImpl] Successfully acquired lock key-0!
14:05:39,100 TRACE (Thread-1:) [EntryWrappingInterceptor] Wrapping entry 'key-0'? true
14:05:39,100 TRACE (Thread-1:) [EntryFactoryImpl] Exists in context? null 
14:05:39,101 TRACE (Thread-1:) [EntryFactoryImpl] Retrieved from container null (forceFetch=false, isLocal=true)
14:05:39,101 TRACE (Thread-1:) [EntryFactoryImpl] Creating new entry.
14:05:39,104 TRACE (Thread-1:) [EntryFactoryImpl] Wrap key-0 for put. Entry=ReadCommittedEntry(5fbe2562){key=key-0, value=null, oldValue=null, isCreated=true, isChanged=false, isRemoved=false, isValid=true, skipRemoteGet=false, metadata=EmbeddedMetadata{version=null}}
14:05:39,105 TRACE (Thread-1:) [CallInterceptor] Executing command: PutKeyValueCommand{key=key-0, value=Venus-MBP-32102-0, flags=null, putIfAbsent=false, valueMatcher=MATCH_ALWAYS, metadata=EmbeddedMetadata{version=null}, successful=true}.
14:05:39,106 TRACE (Thread-1:) [BaseDistributionInterceptor] Command topology id is 0, current topology id is 0, successful? true
14:05:39,106 TRACE (Thread-1:) [BaseDistributionInterceptor] I'm the primary owner, sending the command to all the backups (null) in order to be applied.
14:05:39,106 TRACE (Thread-1:) [RpcManagerImpl] Venus-MBP-32102 invoking PutKeyValueCommand{key=key-0, value=Venus-MBP-32102-0, flags=null, putIfAbsent=false, valueMatcher=MATCH_ALWAYS, metadata=EmbeddedMetadata{version=null}, successful=true} to recipient list null with options RpcOptions{timeout=15000, unit=MILLISECONDS, fifoOrder=true, totalOrder=false, responseFilter=null, responseMode=SYNCHRONOUS_IGNORE_LEAVERS, skipReplicationQueue=false}
14:05:39,107 TRACE (Thread-1:) [JGroupsTransport] dests=null, command=SingleRpcCommand{cacheName='repl', command=PutKeyValueCommand{key=key-0, value=Venus-MBP-32102-0, flags=null, putIfAbsent=false, valueMatcher=MATCH_ALWAYS, metadata=EmbeddedMetadata{version=null}, successful=true}}, mode=SYNCHRONOUS_IGNORE_LEAVERS, timeout=15000
14:05:39,107 TRACE (Thread-1:) [RpcManagerImpl] Response(s) to SingleRpcCommand{cacheName='repl', command=PutKeyValueCommand{key=key-0, value=Venus-MBP-32102-0, flags=null, putIfAbsent=false, valueMatcher=MATCH_ALWAYS, metadata=EmbeddedMetadata{version=null}, successful=true}} is {}
14:05:39,107 TRACE (Thread-1:) [EntryWrappingInterceptor] About to commit entry ReadCommittedEntry(5fbe2562){key=key-0, value=Venus-MBP-32102-0, oldValue=null, isCreated=true, isChanged=true, isRemoved=false, isValid=true, skipRemoteGet=false, metadata=EmbeddedMetadata{version=null}}
14:05:39,107 TRACE (Thread-1:) [CommitManager] Trying to commit. Key=key-0. Operation Flag=null, L1 invalidation=false
14:05:39,107 TRACE (Thread-1:) [CommitManager] Committing key=key-0. It is a L1 invalidation or a normal put and no tracking is enabled!
14:05:39,108 TRACE (Thread-1:) [ReadCommittedEntry] Updating entry (key=key-0 removed=false valid=true changed=true created=true loaded=false value=Venus-MBP-32102-0 metadata=EmbeddedMetadata{version=null}, providedMetadata=EmbeddedMetadata{version=null})
14:05:39,108 TRACE (Thread-1:) [DefaultDataContainer] Creating new ICE for writing. Existing=null, metadata=EmbeddedMetadata{version=null}, new value=Venus-MBP-32102-0
14:05:39,109 TRACE (Thread-1:) [DefaultDataContainer] Store ImmortalCacheEntry{key=key-0, value=Venus-MBP-32102-0} in container
14:05:39,110 INFO  (Thread-1:) [LoggingListener] Cache entry key-0 added in cache Cache 'repl'@Venus-MBP-32102
14:05:39,110 TRACE (Thread-1:) [EntryWrappingInterceptor] The return value is null
14:05:39,110 TRACE (Thread-1:) [LockManagerImpl] Attempting to unlock key-0
14:05:39,110 TRACE (Thread-1:) [ReentrantPerEntryLockContainer] Unlocking lock instance for key key-0
14:05:40,114 TRACE (Thread-1:) [InvocationContextInterceptor] Invoked with command PutKeyValueCommand{key=key-1, value=Venus-MBP-32102-1, flags=null, putIfAbsent=false, valueMatcher=MATCH_ALWAYS, metadata=EmbeddedMetadata{version=null}, successful=true} and InvocationContext [org.infinispan.context.SingleKeyNonTxInvocationContext@544d95d7]
14:05:40,114 TRACE (Thread-1:) [StateTransferInterceptor] handleNonTxWriteCommand for command PutKeyValueCommand{key=key-1, value=Venus-MBP-32102-1, flags=null, putIfAbsent=false, valueMatcher=MATCH_ALWAYS, metadata=EmbeddedMetadata{version=null}, successful=true}, topology id -1
14:05:40,115 TRACE (Thread-1:) [NonTransactionalLockingInterceptor] Are (Venus-MBP-32102) we the lock owners for key 'key-1'? true
14:05:40,115 TRACE (Thread-1:) [LockManagerImpl] Attempting to lock key-1 with acquisition timeout of 10000 millis
14:05:40,115 TRACE (Thread-1:) [ReentrantPerEntryLockContainer] Creating and acquiring new lock instance for key key-1
14:05:40,115 TRACE (Thread-1:) [LockManagerImpl] Successfully acquired lock key-1!
14:05:40,115 TRACE (Thread-1:) [EntryWrappingInterceptor] Wrapping entry 'key-1'? true
14:05:40,115 TRACE (Thread-1:) [EntryFactoryImpl] Exists in context? null 
14:05:40,115 TRACE (Thread-1:) [EntryFactoryImpl] Retrieved from container null (forceFetch=false, isLocal=true)
14:05:40,115 TRACE (Thread-1:) [EntryFactoryImpl] Creating new entry.
14:05:40,115 TRACE (Thread-1:) [EntryFactoryImpl] Wrap key-1 for put. Entry=ReadCommittedEntry(10765687){key=key-1, value=null, oldValue=null, isCreated=true, isChanged=false, isRemoved=false, isValid=true, skipRemoteGet=false, metadata=EmbeddedMetadata{version=null}}
14:05:40,115 TRACE (Thread-1:) [CallInterceptor] Executing command: PutKeyValueCommand{key=key-1, value=Venus-MBP-32102-1, flags=null, putIfAbsent=false, valueMatcher=MATCH_ALWAYS, metadata=EmbeddedMetadata{version=null}, successful=true}.
14:05:40,115 TRACE (Thread-1:) [BaseDistributionInterceptor] Command topology id is 0, current topology id is 0, successful? true
14:05:40,115 TRACE (Thread-1:) [BaseDistributionInterceptor] I'm the primary owner, sending the command to all the backups (null) in order to be applied.
14:05:40,115 TRACE (Thread-1:) [RpcManagerImpl] Venus-MBP-32102 invoking PutKeyValueCommand{key=key-1, value=Venus-MBP-32102-1, flags=null, putIfAbsent=false, valueMatcher=MATCH_ALWAYS, metadata=EmbeddedMetadata{version=null}, successful=true} to recipient list null with options RpcOptions{timeout=15000, unit=MILLISECONDS, fifoOrder=true, totalOrder=false, responseFilter=null, responseMode=SYNCHRONOUS_IGNORE_LEAVERS, skipReplicationQueue=false}
14:05:40,115 TRACE (Thread-1:) [JGroupsTransport] dests=null, command=SingleRpcCommand{cacheName='repl', command=PutKeyValueCommand{key=key-1, value=Venus-MBP-32102-1, flags=null, putIfAbsent=false, valueMatcher=MATCH_ALWAYS, metadata=EmbeddedMetadata{version=null}, successful=true}}, mode=SYNCHRONOUS_IGNORE_LEAVERS, timeout=15000
14:05:40,115 TRACE (Thread-1:) [RpcManagerImpl] Response(s) to SingleRpcCommand{cacheName='repl', command=PutKeyValueCommand{key=key-1, value=Venus-MBP-32102-1, flags=null, putIfAbsent=false, valueMatcher=MATCH_ALWAYS, metadata=EmbeddedMetadata{version=null}, successful=true}} is {}
14:05:40,115 TRACE (Thread-1:) [EntryWrappingInterceptor] About to commit entry ReadCommittedEntry(10765687){key=key-1, value=Venus-MBP-32102-1, oldValue=null, isCreated=true, isChanged=true, isRemoved=false, isValid=true, skipRemoteGet=false, metadata=EmbeddedMetadata{version=null}}
14:05:40,115 TRACE (Thread-1:) [CommitManager] Trying to commit. Key=key-1. Operation Flag=null, L1 invalidation=false
14:05:40,115 TRACE (Thread-1:) [CommitManager] Committing key=key-1. It is a L1 invalidation or a normal put and no tracking is enabled!
14:05:40,116 TRACE (Thread-1:) [ReadCommittedEntry] Updating entry (key=key-1 removed=false valid=true changed=true created=true loaded=false value=Venus-MBP-32102-1 metadata=EmbeddedMetadata{version=null}, providedMetadata=EmbeddedMetadata{version=null})
14:05:40,116 TRACE (Thread-1:) [DefaultDataContainer] Creating new ICE for writing. Existing=null, metadata=EmbeddedMetadata{version=null}, new value=Venus-MBP-32102-1
14:05:40,116 TRACE (Thread-1:) [DefaultDataContainer] Store ImmortalCacheEntry{key=key-1, value=Venus-MBP-32102-1} in container
14:05:40,116 INFO  (Thread-1:) [LoggingListener] Cache entry key-1 added in cache Cache 'repl'@Venus-MBP-32102
14:05:40,116 TRACE (Thread-1:) [EntryWrappingInterceptor] The return value is null
14:05:40,116 TRACE (Thread-1:) [LockManagerImpl] Attempting to unlock key-1
14:05:40,116 TRACE (Thread-1:) [ReentrantPerEntryLockContainer] Unlocking lock instance for key key-1
14:05:41,120 TRACE (Thread-1:) [InvocationContextInterceptor] Invoked with command PutKeyValueCommand{key=key-2, value=Venus-MBP-32102-2, flags=null, putIfAbsent=false, valueMatcher=MATCH_ALWAYS, metadata=EmbeddedMetadata{version=null}, successful=true} and InvocationContext [org.infinispan.context.SingleKeyNonTxInvocationContext@5c659b4]
14:05:41,120 TRACE (Thread-1:) [StateTransferInterceptor] handleNonTxWriteCommand for command PutKeyValueCommand{key=key-2, value=Venus-MBP-32102-2, flags=null, putIfAbsent=false, valueMatcher=MATCH_ALWAYS, metadata=EmbeddedMetadata{version=null}, successful=true}, topology id -1
14:05:41,120 TRACE (Thread-1:) [NonTransactionalLockingInterceptor] Are (Venus-MBP-32102) we the lock owners for key 'key-2'? true
14:05:41,120 TRACE (Thread-1:) [LockManagerImpl] Attempting to lock key-2 with acquisition timeout of 10000 millis
14:05:41,120 TRACE (Thread-1:) [ReentrantPerEntryLockContainer] Creating and acquiring new lock instance for key key-2
14:05:41,120 TRACE (Thread-1:) [LockManagerImpl] Successfully acquired lock key-2!
14:05:41,120 TRACE (Thread-1:) [EntryWrappingInterceptor] Wrapping entry 'key-2'? true
14:05:41,120 TRACE (Thread-1:) [EntryFactoryImpl] Exists in context? null 
14:05:41,120 TRACE (Thread-1:) [EntryFactoryImpl] Retrieved from container null (forceFetch=false, isLocal=true)
14:05:41,120 TRACE (Thread-1:) [EntryFactoryImpl] Creating new entry.
14:05:41,120 TRACE (Thread-1:) [EntryFactoryImpl] Wrap key-2 for put. Entry=ReadCommittedEntry(4e2126be){key=key-2, value=null, oldValue=null, isCreated=true, isChanged=false, isRemoved=false, isValid=true, skipRemoteGet=false, metadata=EmbeddedMetadata{version=null}}
14:05:41,120 TRACE (Thread-1:) [CallInterceptor] Executing command: PutKeyValueCommand{key=key-2, value=Venus-MBP-32102-2, flags=null, putIfAbsent=false, valueMatcher=MATCH_ALWAYS, metadata=EmbeddedMetadata{version=null}, successful=true}.
14:05:41,120 TRACE (Thread-1:) [BaseDistributionInterceptor] Command topology id is 0, current topology id is 0, successful? true
14:05:41,120 TRACE (Thread-1:) [BaseDistributionInterceptor] I'm the primary owner, sending the command to all the backups (null) in order to be applied.
14:05:41,120 TRACE (Thread-1:) [RpcManagerImpl] Venus-MBP-32102 invoking PutKeyValueCommand{key=key-2, value=Venus-MBP-32102-2, flags=null, putIfAbsent=false, valueMatcher=MATCH_ALWAYS, metadata=EmbeddedMetadata{version=null}, successful=true} to recipient list null with options RpcOptions{timeout=15000, unit=MILLISECONDS, fifoOrder=true, totalOrder=false, responseFilter=null, responseMode=SYNCHRONOUS_IGNORE_LEAVERS, skipReplicationQueue=false}
14:05:41,120 TRACE (Thread-1:) [JGroupsTransport] dests=null, command=SingleRpcCommand{cacheName='repl', command=PutKeyValueCommand{key=key-2, value=Venus-MBP-32102-2, flags=null, putIfAbsent=false, valueMatcher=MATCH_ALWAYS, metadata=EmbeddedMetadata{version=null}, successful=true}}, mode=SYNCHRONOUS_IGNORE_LEAVERS, timeout=15000
14:05:41,120 TRACE (Thread-1:) [RpcManagerImpl] Response(s) to SingleRpcCommand{cacheName='repl', command=PutKeyValueCommand{key=key-2, value=Venus-MBP-32102-2, flags=null, putIfAbsent=false, valueMatcher=MATCH_ALWAYS, metadata=EmbeddedMetadata{version=null}, successful=true}} is {}
14:05:41,121 TRACE (Thread-1:) [EntryWrappingInterceptor] About to commit entry ReadCommittedEntry(4e2126be){key=key-2, value=Venus-MBP-32102-2, oldValue=null, isCreated=true, isChanged=true, isRemoved=false, isValid=true, skipRemoteGet=false, metadata=EmbeddedMetadata{version=null}}
14:05:41,121 TRACE (Thread-1:) [CommitManager] Trying to commit. Key=key-2. Operation Flag=null, L1 invalidation=false
14:05:41,121 TRACE (Thread-1:) [CommitManager] Committing key=key-2. It is a L1 invalidation or a normal put and no tracking is enabled!
14:05:41,121 TRACE (Thread-1:) [ReadCommittedEntry] Updating entry (key=key-2 removed=false valid=true changed=true created=true loaded=false value=Venus-MBP-32102-2 metadata=EmbeddedMetadata{version=null}, providedMetadata=EmbeddedMetadata{version=null})
14:05:41,121 TRACE (Thread-1:) [DefaultDataContainer] Creating new ICE for writing. Existing=null, metadata=EmbeddedMetadata{version=null}, new value=Venus-MBP-32102-2
14:05:41,121 TRACE (Thread-1:) [DefaultDataContainer] Store ImmortalCacheEntry{key=key-2, value=Venus-MBP-32102-2} in container
14:05:41,121 INFO  (Thread-1:) [LoggingListener] Cache entry key-2 added in cache Cache 'repl'@Venus-MBP-32102
14:05:41,121 TRACE (Thread-1:) [EntryWrappingInterceptor] The return value is null
14:05:41,121 TRACE (Thread-1:) [LockManagerImpl] Attempting to unlock key-2
14:05:41,121 TRACE (Thread-1:) [ReentrantPerEntryLockContainer] Unlocking lock instance for key key-2
14:05:42,124 TRACE (Thread-1:) [InvocationContextInterceptor] Invoked with command PutKeyValueCommand{key=key-3, value=Venus-MBP-32102-3, flags=null, putIfAbsent=false, valueMatcher=MATCH_ALWAYS, metadata=EmbeddedMetadata{version=null}, successful=true} and InvocationContext [org.infinispan.context.SingleKeyNonTxInvocationContext@767af180]
14:05:42,124 TRACE (Thread-1:) [StateTransferInterceptor] handleNonTxWriteCommand for command PutKeyValueCommand{key=key-3, value=Venus-MBP-32102-3, flags=null, putIfAbsent=false, valueMatcher=MATCH_ALWAYS, metadata=EmbeddedMetadata{version=null}, successful=true}, topology id -1
14:05:42,124 TRACE (Thread-1:) [NonTransactionalLockingInterceptor] Are (Venus-MBP-32102) we the lock owners for key 'key-3'? true
14:05:42,124 TRACE (Thread-1:) [LockManagerImpl] Attempting to lock key-3 with acquisition timeout of 10000 millis
14:05:42,124 TRACE (Thread-1:) [ReentrantPerEntryLockContainer] Creating and acquiring new lock instance for key key-3
14:05:42,124 TRACE (Thread-1:) [LockManagerImpl] Successfully acquired lock key-3!
14:05:42,124 TRACE (Thread-1:) [EntryWrappingInterceptor] Wrapping entry 'key-3'? true
14:05:42,124 TRACE (Thread-1:) [EntryFactoryImpl] Exists in context? null 
14:05:42,124 TRACE (Thread-1:) [EntryFactoryImpl] Retrieved from container null (forceFetch=false, isLocal=true)
14:05:42,124 TRACE (Thread-1:) [EntryFactoryImpl] Creating new entry.
14:05:42,125 TRACE (Thread-1:) [EntryFactoryImpl] Wrap key-3 for put. Entry=ReadCommittedEntry(541a53a6){key=key-3, value=null, oldValue=null, isCreated=true, isChanged=false, isRemoved=false, isValid=true, skipRemoteGet=false, metadata=EmbeddedMetadata{version=null}}
14:05:42,125 TRACE (Thread-1:) [CallInterceptor] Executing command: PutKeyValueCommand{key=key-3, value=Venus-MBP-32102-3, flags=null, putIfAbsent=false, valueMatcher=MATCH_ALWAYS, metadata=EmbeddedMetadata{version=null}, successful=true}.
14:05:42,125 TRACE (Thread-1:) [BaseDistributionInterceptor] Command topology id is 0, current topology id is 0, successful? true
14:05:42,125 TRACE (Thread-1:) [BaseDistributionInterceptor] I'm the primary owner, sending the command to all the backups (null) in order to be applied.
14:05:42,125 TRACE (Thread-1:) [RpcManagerImpl] Venus-MBP-32102 invoking PutKeyValueCommand{key=key-3, value=Venus-MBP-32102-3, flags=null, putIfAbsent=false, valueMatcher=MATCH_ALWAYS, metadata=EmbeddedMetadata{version=null}, successful=true} to recipient list null with options RpcOptions{timeout=15000, unit=MILLISECONDS, fifoOrder=true, totalOrder=false, responseFilter=null, responseMode=SYNCHRONOUS_IGNORE_LEAVERS, skipReplicationQueue=false}
14:05:42,125 TRACE (Thread-1:) [JGroupsTransport] dests=null, command=SingleRpcCommand{cacheName='repl', command=PutKeyValueCommand{key=key-3, value=Venus-MBP-32102-3, flags=null, putIfAbsent=false, valueMatcher=MATCH_ALWAYS, metadata=EmbeddedMetadata{version=null}, successful=true}}, mode=SYNCHRONOUS_IGNORE_LEAVERS, timeout=15000
14:05:42,125 TRACE (Thread-1:) [RpcManagerImpl] Response(s) to SingleRpcCommand{cacheName='repl', command=PutKeyValueCommand{key=key-3, value=Venus-MBP-32102-3, flags=null, putIfAbsent=false, valueMatcher=MATCH_ALWAYS, metadata=EmbeddedMetadata{version=null}, successful=true}} is {}
14:05:42,125 TRACE (Thread-1:) [EntryWrappingInterceptor] About to commit entry ReadCommittedEntry(541a53a6){key=key-3, value=Venus-MBP-32102-3, oldValue=null, isCreated=true, isChanged=true, isRemoved=false, isValid=true, skipRemoteGet=false, metadata=EmbeddedMetadata{version=null}}
14:05:42,125 TRACE (Thread-1:) [CommitManager] Trying to commit. Key=key-3. Operation Flag=null, L1 invalidation=false
14:05:42,125 TRACE (Thread-1:) [CommitManager] Committing key=key-3. It is a L1 invalidation or a normal put and no tracking is enabled!
14:05:42,125 TRACE (Thread-1:) [ReadCommittedEntry] Updating entry (key=key-3 removed=false valid=true changed=true created=true loaded=false value=Venus-MBP-32102-3 metadata=EmbeddedMetadata{version=null}, providedMetadata=EmbeddedMetadata{version=null})
14:05:42,125 TRACE (Thread-1:) [DefaultDataContainer] Creating new ICE for writing. Existing=null, metadata=EmbeddedMetadata{version=null}, new value=Venus-MBP-32102-3
14:05:42,125 TRACE (Thread-1:) [DefaultDataContainer] Store ImmortalCacheEntry{key=key-3, value=Venus-MBP-32102-3} in container
14:05:42,125 INFO  (Thread-1:) [LoggingListener] Cache entry key-3 added in cache Cache 'repl'@Venus-MBP-32102
14:05:42,125 TRACE (Thread-1:) [EntryWrappingInterceptor] The return value is null
14:05:42,125 TRACE (Thread-1:) [LockManagerImpl] Attempting to unlock key-3
14:05:42,125 TRACE (Thread-1:) [ReentrantPerEntryLockContainer] Unlocking lock instance for key key-3
14:05:43,131 TRACE (Thread-1:) [InvocationContextInterceptor] Invoked with command PutKeyValueCommand{key=key-4, value=Venus-MBP-32102-4, flags=null, putIfAbsent=false, valueMatcher=MATCH_ALWAYS, metadata=EmbeddedMetadata{version=null}, successful=true} and InvocationContext [org.infinispan.context.SingleKeyNonTxInvocationContext@63a6bb68]
14:05:43,131 TRACE (Thread-1:) [StateTransferInterceptor] handleNonTxWriteCommand for command PutKeyValueCommand{key=key-4, value=Venus-MBP-32102-4, flags=null, putIfAbsent=false, valueMatcher=MATCH_ALWAYS, metadata=EmbeddedMetadata{version=null}, successful=true}, topology id -1
14:05:43,131 TRACE (Thread-1:) [NonTransactionalLockingInterceptor] Are (Venus-MBP-32102) we the lock owners for key 'key-4'? true
14:05:43,131 TRACE (Thread-1:) [LockManagerImpl] Attempting to lock key-4 with acquisition timeout of 10000 millis
14:05:43,131 TRACE (Thread-1:) [ReentrantPerEntryLockContainer] Creating and acquiring new lock instance for key key-4
14:05:43,131 TRACE (Thread-1:) [LockManagerImpl] Successfully acquired lock key-4!
14:05:43,131 TRACE (Thread-1:) [EntryWrappingInterceptor] Wrapping entry 'key-4'? true
14:05:43,131 TRACE (Thread-1:) [EntryFactoryImpl] Exists in context? null 
14:05:43,131 TRACE (Thread-1:) [EntryFactoryImpl] Retrieved from container null (forceFetch=false, isLocal=true)
14:05:43,131 TRACE (Thread-1:) [EntryFactoryImpl] Creating new entry.
14:05:43,131 TRACE (Thread-1:) [EntryFactoryImpl] Wrap key-4 for put. Entry=ReadCommittedEntry(24757574){key=key-4, value=null, oldValue=null, isCreated=true, isChanged=false, isRemoved=false, isValid=true, skipRemoteGet=false, metadata=EmbeddedMetadata{version=null}}
14:05:43,131 TRACE (Thread-1:) [CallInterceptor] Executing command: PutKeyValueCommand{key=key-4, value=Venus-MBP-32102-4, flags=null, putIfAbsent=false, valueMatcher=MATCH_ALWAYS, metadata=EmbeddedMetadata{version=null}, successful=true}.
14:05:43,131 TRACE (Thread-1:) [BaseDistributionInterceptor] Command topology id is 0, current topology id is 0, successful? true
14:05:43,132 TRACE (Thread-1:) [BaseDistributionInterceptor] I'm the primary owner, sending the command to all the backups (null) in order to be applied.
14:05:43,132 TRACE (Thread-1:) [RpcManagerImpl] Venus-MBP-32102 invoking PutKeyValueCommand{key=key-4, value=Venus-MBP-32102-4, flags=null, putIfAbsent=false, valueMatcher=MATCH_ALWAYS, metadata=EmbeddedMetadata{version=null}, successful=true} to recipient list null with options RpcOptions{timeout=15000, unit=MILLISECONDS, fifoOrder=true, totalOrder=false, responseFilter=null, responseMode=SYNCHRONOUS_IGNORE_LEAVERS, skipReplicationQueue=false}
14:05:43,132 TRACE (Thread-1:) [JGroupsTransport] dests=null, command=SingleRpcCommand{cacheName='repl', command=PutKeyValueCommand{key=key-4, value=Venus-MBP-32102-4, flags=null, putIfAbsent=false, valueMatcher=MATCH_ALWAYS, metadata=EmbeddedMetadata{version=null}, successful=true}}, mode=SYNCHRONOUS_IGNORE_LEAVERS, timeout=15000
14:05:43,132 TRACE (Thread-1:) [RpcManagerImpl] Response(s) to SingleRpcCommand{cacheName='repl', command=PutKeyValueCommand{key=key-4, value=Venus-MBP-32102-4, flags=null, putIfAbsent=false, valueMatcher=MATCH_ALWAYS, metadata=EmbeddedMetadata{version=null}, successful=true}} is {}
14:05:43,132 TRACE (Thread-1:) [EntryWrappingInterceptor] About to commit entry ReadCommittedEntry(24757574){key=key-4, value=Venus-MBP-32102-4, oldValue=null, isCreated=true, isChanged=true, isRemoved=false, isValid=true, skipRemoteGet=false, metadata=EmbeddedMetadata{version=null}}
14:05:43,132 TRACE (Thread-1:) [CommitManager] Trying to commit. Key=key-4. Operation Flag=null, L1 invalidation=false
14:05:43,132 TRACE (Thread-1:) [CommitManager] Committing key=key-4. It is a L1 invalidation or a normal put and no tracking is enabled!
14:05:43,132 TRACE (Thread-1:) [ReadCommittedEntry] Updating entry (key=key-4 removed=false valid=true changed=true created=true loaded=false value=Venus-MBP-32102-4 metadata=EmbeddedMetadata{version=null}, providedMetadata=EmbeddedMetadata{version=null})
14:05:43,132 TRACE (Thread-1:) [DefaultDataContainer] Creating new ICE for writing. Existing=null, metadata=EmbeddedMetadata{version=null}, new value=Venus-MBP-32102-4
14:05:43,132 TRACE (Thread-1:) [DefaultDataContainer] Store ImmortalCacheEntry{key=key-4, value=Venus-MBP-32102-4} in container
14:05:43,132 INFO  (Thread-1:) [LoggingListener] Cache entry key-4 added in cache Cache 'repl'@Venus-MBP-32102
14:05:43,132 TRACE (Thread-1:) [EntryWrappingInterceptor] The return value is null
14:05:43,132 TRACE (Thread-1:) [LockManagerImpl] Attempting to unlock key-4
14:05:43,132 TRACE (Thread-1:) [ReentrantPerEntryLockContainer] Unlocking lock instance for key key-4
14:05:44,134 TRACE (Thread-1:) [InvocationContextInterceptor] Invoked with command PutKeyValueCommand{key=key-5, value=Venus-MBP-32102-5, flags=null, putIfAbsent=false, valueMatcher=MATCH_ALWAYS, metadata=EmbeddedMetadata{version=null}, successful=true} and InvocationContext [org.infinispan.context.SingleKeyNonTxInvocationContext@522668b]
14:05:44,135 TRACE (Thread-1:) [StateTransferInterceptor] handleNonTxWriteCommand for command PutKeyValueCommand{key=key-5, value=Venus-MBP-32102-5, flags=null, putIfAbsent=false, valueMatcher=MATCH_ALWAYS, metadata=EmbeddedMetadata{version=null}, successful=true}, topology id -1
14:05:44,135 TRACE (Thread-1:) [NonTransactionalLockingInterceptor] Are (Venus-MBP-32102) we the lock owners for key 'key-5'? true
14:05:44,135 TRACE (Thread-1:) [LockManagerImpl] Attempting to lock key-5 with acquisition timeout of 10000 millis
14:05:44,135 TRACE (Thread-1:) [ReentrantPerEntryLockContainer] Creating and acquiring new lock instance for key key-5
14:05:44,135 TRACE (Thread-1:) [LockManagerImpl] Successfully acquired lock key-5!
14:05:44,135 TRACE (Thread-1:) [EntryWrappingInterceptor] Wrapping entry 'key-5'? true
14:05:44,135 TRACE (Thread-1:) [EntryFactoryImpl] Exists in context? null 
14:05:44,135 TRACE (Thread-1:) [EntryFactoryImpl] Retrieved from container null (forceFetch=false, isLocal=true)
14:05:44,135 TRACE (Thread-1:) [EntryFactoryImpl] Creating new entry.
14:05:44,135 TRACE (Thread-1:) [EntryFactoryImpl] Wrap key-5 for put. Entry=ReadCommittedEntry(3a382ea){key=key-5, value=null, oldValue=null, isCreated=true, isChanged=false, isRemoved=false, isValid=true, skipRemoteGet=false, metadata=EmbeddedMetadata{version=null}}
14:05:44,135 TRACE (Thread-1:) [CallInterceptor] Executing command: PutKeyValueCommand{key=key-5, value=Venus-MBP-32102-5, flags=null, putIfAbsent=false, valueMatcher=MATCH_ALWAYS, metadata=EmbeddedMetadata{version=null}, successful=true}.
14:05:44,135 TRACE (Thread-1:) [BaseDistributionInterceptor] Command topology id is 0, current topology id is 0, successful? true
14:05:44,135 TRACE (Thread-1:) [BaseDistributionInterceptor] I'm the primary owner, sending the command to all the backups (null) in order to be applied.
14:05:44,135 TRACE (Thread-1:) [RpcManagerImpl] Venus-MBP-32102 invoking PutKeyValueCommand{key=key-5, value=Venus-MBP-32102-5, flags=null, putIfAbsent=false, valueMatcher=MATCH_ALWAYS, metadata=EmbeddedMetadata{version=null}, successful=true} to recipient list null with options RpcOptions{timeout=15000, unit=MILLISECONDS, fifoOrder=true, totalOrder=false, responseFilter=null, responseMode=SYNCHRONOUS_IGNORE_LEAVERS, skipReplicationQueue=false}
14:05:44,135 TRACE (Thread-1:) [JGroupsTransport] dests=null, command=SingleRpcCommand{cacheName='repl', command=PutKeyValueCommand{key=key-5, value=Venus-MBP-32102-5, flags=null, putIfAbsent=false, valueMatcher=MATCH_ALWAYS, metadata=EmbeddedMetadata{version=null}, successful=true}}, mode=SYNCHRONOUS_IGNORE_LEAVERS, timeout=15000
14:05:44,135 TRACE (Thread-1:) [RpcManagerImpl] Response(s) to SingleRpcCommand{cacheName='repl', command=PutKeyValueCommand{key=key-5, value=Venus-MBP-32102-5, flags=null, putIfAbsent=false, valueMatcher=MATCH_ALWAYS, metadata=EmbeddedMetadata{version=null}, successful=true}} is {}
14:05:44,135 TRACE (Thread-1:) [EntryWrappingInterceptor] About to commit entry ReadCommittedEntry(3a382ea){key=key-5, value=Venus-MBP-32102-5, oldValue=null, isCreated=true, isChanged=true, isRemoved=false, isValid=true, skipRemoteGet=false, metadata=EmbeddedMetadata{version=null}}
14:05:44,135 TRACE (Thread-1:) [CommitManager] Trying to commit. Key=key-5. Operation Flag=null, L1 invalidation=false
14:05:44,135 TRACE (Thread-1:) [CommitManager] Committing key=key-5. It is a L1 invalidation or a normal put and no tracking is enabled!
14:05:44,136 TRACE (Thread-1:) [ReadCommittedEntry] Updating entry (key=key-5 removed=false valid=true changed=true created=true loaded=false value=Venus-MBP-32102-5 metadata=EmbeddedMetadata{version=null}, providedMetadata=EmbeddedMetadata{version=null})
14:05:44,136 TRACE (Thread-1:) [DefaultDataContainer] Creating new ICE for writing. Existing=null, metadata=EmbeddedMetadata{version=null}, new value=Venus-MBP-32102-5
14:05:44,136 TRACE (Thread-1:) [DefaultDataContainer] Store ImmortalCacheEntry{key=key-5, value=Venus-MBP-32102-5} in container
14:05:44,136 INFO  (Thread-1:) [LoggingListener] Cache entry key-5 added in cache Cache 'repl'@Venus-MBP-32102
14:05:44,136 TRACE (Thread-1:) [EntryWrappingInterceptor] The return value is null
14:05:44,136 TRACE (Thread-1:) [LockManagerImpl] Attempting to unlock key-5
14:05:44,136 TRACE (Thread-1:) [ReentrantPerEntryLockContainer] Unlocking lock instance for key key-5
14:05:45,137 TRACE (Thread-1:) [InvocationContextInterceptor] Invoked with command PutKeyValueCommand{key=key-6, value=Venus-MBP-32102-6, flags=null, putIfAbsent=false, valueMatcher=MATCH_ALWAYS, metadata=EmbeddedMetadata{version=null}, successful=true} and InvocationContext [org.infinispan.context.SingleKeyNonTxInvocationContext@5588040d]
14:05:45,137 TRACE (Thread-1:) [StateTransferInterceptor] handleNonTxWriteCommand for command PutKeyValueCommand{key=key-6, value=Venus-MBP-32102-6, flags=null, putIfAbsent=false, valueMatcher=MATCH_ALWAYS, metadata=EmbeddedMetadata{version=null}, successful=true}, topology id -1
14:05:45,138 TRACE (Thread-1:) [NonTransactionalLockingInterceptor] Are (Venus-MBP-32102) we the lock owners for key 'key-6'? true
14:05:45,138 TRACE (Thread-1:) [LockManagerImpl] Attempting to lock key-6 with acquisition timeout of 10000 millis
14:05:45,138 TRACE (Thread-1:) [ReentrantPerEntryLockContainer] Creating and acquiring new lock instance for key key-6
14:05:45,138 TRACE (Thread-1:) [LockManagerImpl] Successfully acquired lock key-6!
14:05:45,138 TRACE (Thread-1:) [EntryWrappingInterceptor] Wrapping entry 'key-6'? true
14:05:45,138 TRACE (Thread-1:) [EntryFactoryImpl] Exists in context? null 
14:05:45,138 TRACE (Thread-1:) [EntryFactoryImpl] Retrieved from container null (forceFetch=false, isLocal=true)
14:05:45,138 TRACE (Thread-1:) [EntryFactoryImpl] Creating new entry.
14:05:45,138 TRACE (Thread-1:) [EntryFactoryImpl] Wrap key-6 for put. Entry=ReadCommittedEntry(5a59051d){key=key-6, value=null, oldValue=null, isCreated=true, isChanged=false, isRemoved=false, isValid=true, skipRemoteGet=false, metadata=EmbeddedMetadata{version=null}}
14:05:45,139 TRACE (Thread-1:) [CallInterceptor] Executing command: PutKeyValueCommand{key=key-6, value=Venus-MBP-32102-6, flags=null, putIfAbsent=false, valueMatcher=MATCH_ALWAYS, metadata=EmbeddedMetadata{version=null}, successful=true}.
14:05:45,139 TRACE (Thread-1:) [BaseDistributionInterceptor] Command topology id is 0, current topology id is 0, successful? true
14:05:45,139 TRACE (Thread-1:) [BaseDistributionInterceptor] I'm the primary owner, sending the command to all the backups (null) in order to be applied.
14:05:45,139 TRACE (Thread-1:) [RpcManagerImpl] Venus-MBP-32102 invoking PutKeyValueCommand{key=key-6, value=Venus-MBP-32102-6, flags=null, putIfAbsent=false, valueMatcher=MATCH_ALWAYS, metadata=EmbeddedMetadata{version=null}, successful=true} to recipient list null with options RpcOptions{timeout=15000, unit=MILLISECONDS, fifoOrder=true, totalOrder=false, responseFilter=null, responseMode=SYNCHRONOUS_IGNORE_LEAVERS, skipReplicationQueue=false}
14:05:45,139 TRACE (Thread-1:) [JGroupsTransport] dests=null, command=SingleRpcCommand{cacheName='repl', command=PutKeyValueCommand{key=key-6, value=Venus-MBP-32102-6, flags=null, putIfAbsent=false, valueMatcher=MATCH_ALWAYS, metadata=EmbeddedMetadata{version=null}, successful=true}}, mode=SYNCHRONOUS_IGNORE_LEAVERS, timeout=15000
14:05:45,139 TRACE (Thread-1:) [RpcManagerImpl] Response(s) to SingleRpcCommand{cacheName='repl', command=PutKeyValueCommand{key=key-6, value=Venus-MBP-32102-6, flags=null, putIfAbsent=false, valueMatcher=MATCH_ALWAYS, metadata=EmbeddedMetadata{version=null}, successful=true}} is {}
14:05:45,139 TRACE (Thread-1:) [EntryWrappingInterceptor] About to commit entry ReadCommittedEntry(5a59051d){key=key-6, value=Venus-MBP-32102-6, oldValue=null, isCreated=true, isChanged=true, isRemoved=false, isValid=true, skipRemoteGet=false, metadata=EmbeddedMetadata{version=null}}
14:05:45,139 TRACE (Thread-1:) [CommitManager] Trying to commit. Key=key-6. Operation Flag=null, L1 invalidation=false
14:05:45,139 TRACE (Thread-1:) [CommitManager] Committing key=key-6. It is a L1 invalidation or a normal put and no tracking is enabled!
14:05:45,139 TRACE (Thread-1:) [ReadCommittedEntry] Updating entry (key=key-6 removed=false valid=true changed=true created=true loaded=false value=Venus-MBP-32102-6 metadata=EmbeddedMetadata{version=null}, providedMetadata=EmbeddedMetadata{version=null})
14:05:45,139 TRACE (Thread-1:) [DefaultDataContainer] Creating new ICE for writing. Existing=null, metadata=EmbeddedMetadata{version=null}, new value=Venus-MBP-32102-6
14:05:45,139 TRACE (Thread-1:) [DefaultDataContainer] Store ImmortalCacheEntry{key=key-6, value=Venus-MBP-32102-6} in container
14:05:45,139 INFO  (Thread-1:) [LoggingListener] Cache entry key-6 added in cache Cache 'repl'@Venus-MBP-32102
14:05:45,140 TRACE (Thread-1:) [EntryWrappingInterceptor] The return value is null
14:05:45,140 TRACE (Thread-1:) [LockManagerImpl] Attempting to unlock key-6
14:05:45,140 TRACE (Thread-1:) [ReentrantPerEntryLockContainer] Unlocking lock instance for key key-6
14:05:46,140 TRACE (Thread-1:) [InvocationContextInterceptor] Invoked with command PutKeyValueCommand{key=key-7, value=Venus-MBP-32102-7, flags=null, putIfAbsent=false, valueMatcher=MATCH_ALWAYS, metadata=EmbeddedMetadata{version=null}, successful=true} and InvocationContext [org.infinispan.context.SingleKeyNonTxInvocationContext@4c5926e3]
14:05:46,140 TRACE (Thread-1:) [StateTransferInterceptor] handleNonTxWriteCommand for command PutKeyValueCommand{key=key-7, value=Venus-MBP-32102-7, flags=null, putIfAbsent=false, valueMatcher=MATCH_ALWAYS, metadata=EmbeddedMetadata{version=null}, successful=true}, topology id -1
14:05:46,140 TRACE (Thread-1:) [NonTransactionalLockingInterceptor] Are (Venus-MBP-32102) we the lock owners for key 'key-7'? true
14:05:46,140 TRACE (Thread-1:) [LockManagerImpl] Attempting to lock key-7 with acquisition timeout of 10000 millis
14:05:46,140 TRACE (Thread-1:) [ReentrantPerEntryLockContainer] Creating and acquiring new lock instance for key key-7
14:05:46,140 TRACE (Thread-1:) [LockManagerImpl] Successfully acquired lock key-7!
14:05:46,140 TRACE (Thread-1:) [EntryWrappingInterceptor] Wrapping entry 'key-7'? true
14:05:46,140 TRACE (Thread-1:) [EntryFactoryImpl] Exists in context? null 
14:05:46,140 TRACE (Thread-1:) [EntryFactoryImpl] Retrieved from container null (forceFetch=false, isLocal=true)
14:05:46,140 TRACE (Thread-1:) [EntryFactoryImpl] Creating new entry.
14:05:46,141 TRACE (Thread-1:) [EntryFactoryImpl] Wrap key-7 for put. Entry=ReadCommittedEntry(53f24950){key=key-7, value=null, oldValue=null, isCreated=true, isChanged=false, isRemoved=false, isValid=true, skipRemoteGet=false, metadata=EmbeddedMetadata{version=null}}
14:05:46,141 TRACE (Thread-1:) [CallInterceptor] Executing command: PutKeyValueCommand{key=key-7, value=Venus-MBP-32102-7, flags=null, putIfAbsent=false, valueMatcher=MATCH_ALWAYS, metadata=EmbeddedMetadata{version=null}, successful=true}.
14:05:46,141 TRACE (Thread-1:) [BaseDistributionInterceptor] Command topology id is 0, current topology id is 0, successful? true
14:05:46,141 TRACE (Thread-1:) [BaseDistributionInterceptor] I'm the primary owner, sending the command to all the backups (null) in order to be applied.
14:05:46,141 TRACE (Thread-1:) [RpcManagerImpl] Venus-MBP-32102 invoking PutKeyValueCommand{key=key-7, value=Venus-MBP-32102-7, flags=null, putIfAbsent=false, valueMatcher=MATCH_ALWAYS, metadata=EmbeddedMetadata{version=null}, successful=true} to recipient list null with options RpcOptions{timeout=15000, unit=MILLISECONDS, fifoOrder=true, totalOrder=false, responseFilter=null, responseMode=SYNCHRONOUS_IGNORE_LEAVERS, skipReplicationQueue=false}
14:05:46,141 TRACE (Thread-1:) [JGroupsTransport] dests=null, command=SingleRpcCommand{cacheName='repl', command=PutKeyValueCommand{key=key-7, value=Venus-MBP-32102-7, flags=null, putIfAbsent=false, valueMatcher=MATCH_ALWAYS, metadata=EmbeddedMetadata{version=null}, successful=true}}, mode=SYNCHRONOUS_IGNORE_LEAVERS, timeout=15000
14:05:46,141 TRACE (Thread-1:) [RpcManagerImpl] Response(s) to SingleRpcCommand{cacheName='repl', command=PutKeyValueCommand{key=key-7, value=Venus-MBP-32102-7, flags=null, putIfAbsent=false, valueMatcher=MATCH_ALWAYS, metadata=EmbeddedMetadata{version=null}, successful=true}} is {}
14:05:46,141 TRACE (Thread-1:) [EntryWrappingInterceptor] About to commit entry ReadCommittedEntry(53f24950){key=key-7, value=Venus-MBP-32102-7, oldValue=null, isCreated=true, isChanged=true, isRemoved=false, isValid=true, skipRemoteGet=false, metadata=EmbeddedMetadata{version=null}}
14:05:46,141 TRACE (Thread-1:) [CommitManager] Trying to commit. Key=key-7. Operation Flag=null, L1 invalidation=false
14:05:46,141 TRACE (Thread-1:) [CommitManager] Committing key=key-7. It is a L1 invalidation or a normal put and no tracking is enabled!
14:05:46,141 TRACE (Thread-1:) [ReadCommittedEntry] Updating entry (key=key-7 removed=false valid=true changed=true created=true loaded=false value=Venus-MBP-32102-7 metadata=EmbeddedMetadata{version=null}, providedMetadata=EmbeddedMetadata{version=null})
14:05:46,141 TRACE (Thread-1:) [DefaultDataContainer] Creating new ICE for writing. Existing=null, metadata=EmbeddedMetadata{version=null}, new value=Venus-MBP-32102-7
14:05:46,141 TRACE (Thread-1:) [DefaultDataContainer] Store ImmortalCacheEntry{key=key-7, value=Venus-MBP-32102-7} in container
14:05:46,142 INFO  (Thread-1:) [LoggingListener] Cache entry key-7 added in cache Cache 'repl'@Venus-MBP-32102
14:05:46,142 TRACE (Thread-1:) [EntryWrappingInterceptor] The return value is null
14:05:46,142 TRACE (Thread-1:) [LockManagerImpl] Attempting to unlock key-7
14:05:46,142 TRACE (Thread-1:) [ReentrantPerEntryLockContainer] Unlocking lock instance for key key-7
14:05:47,147 TRACE (Thread-1:) [InvocationContextInterceptor] Invoked with command PutKeyValueCommand{key=key-8, value=Venus-MBP-32102-8, flags=null, putIfAbsent=false, valueMatcher=MATCH_ALWAYS, metadata=EmbeddedMetadata{version=null}, successful=true} and InvocationContext [org.infinispan.context.SingleKeyNonTxInvocationContext@54ac1376]
14:05:47,147 TRACE (Thread-1:) [StateTransferInterceptor] handleNonTxWriteCommand for command PutKeyValueCommand{key=key-8, value=Venus-MBP-32102-8, flags=null, putIfAbsent=false, valueMatcher=MATCH_ALWAYS, metadata=EmbeddedMetadata{version=null}, successful=true}, topology id -1
14:05:47,147 TRACE (Thread-1:) [NonTransactionalLockingInterceptor] Are (Venus-MBP-32102) we the lock owners for key 'key-8'? true
14:05:47,147 TRACE (Thread-1:) [LockManagerImpl] Attempting to lock key-8 with acquisition timeout of 10000 millis
14:05:47,147 TRACE (Thread-1:) [ReentrantPerEntryLockContainer] Creating and acquiring new lock instance for key key-8
14:05:47,147 TRACE (Thread-1:) [LockManagerImpl] Successfully acquired lock key-8!
14:05:47,147 TRACE (Thread-1:) [EntryWrappingInterceptor] Wrapping entry 'key-8'? true
14:05:47,147 TRACE (Thread-1:) [EntryFactoryImpl] Exists in context? null 
14:05:47,147 TRACE (Thread-1:) [EntryFactoryImpl] Retrieved from container null (forceFetch=false, isLocal=true)
14:05:47,147 TRACE (Thread-1:) [EntryFactoryImpl] Creating new entry.
14:05:47,147 TRACE (Thread-1:) [EntryFactoryImpl] Wrap key-8 for put. Entry=ReadCommittedEntry(5147593e){key=key-8, value=null, oldValue=null, isCreated=true, isChanged=false, isRemoved=false, isValid=true, skipRemoteGet=false, metadata=EmbeddedMetadata{version=null}}
14:05:47,148 TRACE (Thread-1:) [CallInterceptor] Executing command: PutKeyValueCommand{key=key-8, value=Venus-MBP-32102-8, flags=null, putIfAbsent=false, valueMatcher=MATCH_ALWAYS, metadata=EmbeddedMetadata{version=null}, successful=true}.
14:05:47,148 TRACE (Thread-1:) [BaseDistributionInterceptor] Command topology id is 0, current topology id is 0, successful? true
14:05:47,148 TRACE (Thread-1:) [BaseDistributionInterceptor] I'm the primary owner, sending the command to all the backups (null) in order to be applied.
14:05:47,148 TRACE (Thread-1:) [RpcManagerImpl] Venus-MBP-32102 invoking PutKeyValueCommand{key=key-8, value=Venus-MBP-32102-8, flags=null, putIfAbsent=false, valueMatcher=MATCH_ALWAYS, metadata=EmbeddedMetadata{version=null}, successful=true} to recipient list null with options RpcOptions{timeout=15000, unit=MILLISECONDS, fifoOrder=true, totalOrder=false, responseFilter=null, responseMode=SYNCHRONOUS_IGNORE_LEAVERS, skipReplicationQueue=false}
14:05:47,148 TRACE (Thread-1:) [JGroupsTransport] dests=null, command=SingleRpcCommand{cacheName='repl', command=PutKeyValueCommand{key=key-8, value=Venus-MBP-32102-8, flags=null, putIfAbsent=false, valueMatcher=MATCH_ALWAYS, metadata=EmbeddedMetadata{version=null}, successful=true}}, mode=SYNCHRONOUS_IGNORE_LEAVERS, timeout=15000
14:05:47,148 TRACE (Thread-1:) [RpcManagerImpl] Response(s) to SingleRpcCommand{cacheName='repl', command=PutKeyValueCommand{key=key-8, value=Venus-MBP-32102-8, flags=null, putIfAbsent=false, valueMatcher=MATCH_ALWAYS, metadata=EmbeddedMetadata{version=null}, successful=true}} is {}
14:05:47,148 TRACE (Thread-1:) [EntryWrappingInterceptor] About to commit entry ReadCommittedEntry(5147593e){key=key-8, value=Venus-MBP-32102-8, oldValue=null, isCreated=true, isChanged=true, isRemoved=false, isValid=true, skipRemoteGet=false, metadata=EmbeddedMetadata{version=null}}
14:05:47,148 TRACE (Thread-1:) [CommitManager] Trying to commit. Key=key-8. Operation Flag=null, L1 invalidation=false
14:05:47,148 TRACE (Thread-1:) [CommitManager] Committing key=key-8. It is a L1 invalidation or a normal put and no tracking is enabled!
14:05:47,148 TRACE (Thread-1:) [ReadCommittedEntry] Updating entry (key=key-8 removed=false valid=true changed=true created=true loaded=false value=Venus-MBP-32102-8 metadata=EmbeddedMetadata{version=null}, providedMetadata=EmbeddedMetadata{version=null})
14:05:47,148 TRACE (Thread-1:) [DefaultDataContainer] Creating new ICE for writing. Existing=null, metadata=EmbeddedMetadata{version=null}, new value=Venus-MBP-32102-8
14:05:47,148 TRACE (Thread-1:) [DefaultDataContainer] Store ImmortalCacheEntry{key=key-8, value=Venus-MBP-32102-8} in container
14:05:47,148 INFO  (Thread-1:) [LoggingListener] Cache entry key-8 added in cache Cache 'repl'@Venus-MBP-32102
14:05:47,148 TRACE (Thread-1:) [EntryWrappingInterceptor] The return value is null
14:05:47,148 TRACE (Thread-1:) [LockManagerImpl] Attempting to unlock key-8
14:05:47,148 TRACE (Thread-1:) [ReentrantPerEntryLockContainer] Unlocking lock instance for key key-8
14:05:48,150 TRACE (Thread-1:) [InvocationContextInterceptor] Invoked with command PutKeyValueCommand{key=key-9, value=Venus-MBP-32102-9, flags=null, putIfAbsent=false, valueMatcher=MATCH_ALWAYS, metadata=EmbeddedMetadata{version=null}, successful=true} and InvocationContext [org.infinispan.context.SingleKeyNonTxInvocationContext@103e228f]
14:05:48,150 TRACE (Thread-1:) [StateTransferInterceptor] handleNonTxWriteCommand for command PutKeyValueCommand{key=key-9, value=Venus-MBP-32102-9, flags=null, putIfAbsent=false, valueMatcher=MATCH_ALWAYS, metadata=EmbeddedMetadata{version=null}, successful=true}, topology id -1
14:05:48,150 TRACE (Thread-1:) [NonTransactionalLockingInterceptor] Are (Venus-MBP-32102) we the lock owners for key 'key-9'? true
14:05:48,150 TRACE (Thread-1:) [LockManagerImpl] Attempting to lock key-9 with acquisition timeout of 10000 millis
14:05:48,151 TRACE (Thread-1:) [ReentrantPerEntryLockContainer] Creating and acquiring new lock instance for key key-9
14:05:48,151 TRACE (Thread-1:) [LockManagerImpl] Successfully acquired lock key-9!
14:05:48,151 TRACE (Thread-1:) [EntryWrappingInterceptor] Wrapping entry 'key-9'? true
14:05:48,151 TRACE (Thread-1:) [EntryFactoryImpl] Exists in context? null 
14:05:48,151 TRACE (Thread-1:) [EntryFactoryImpl] Retrieved from container null (forceFetch=false, isLocal=true)
14:05:48,152 TRACE (Thread-1:) [EntryFactoryImpl] Creating new entry.
14:05:48,152 TRACE (Thread-1:) [EntryFactoryImpl] Wrap key-9 for put. Entry=ReadCommittedEntry(2a71ba38){key=key-9, value=null, oldValue=null, isCreated=true, isChanged=false, isRemoved=false, isValid=true, skipRemoteGet=false, metadata=EmbeddedMetadata{version=null}}
14:05:48,152 TRACE (Thread-1:) [CallInterceptor] Executing command: PutKeyValueCommand{key=key-9, value=Venus-MBP-32102-9, flags=null, putIfAbsent=false, valueMatcher=MATCH_ALWAYS, metadata=EmbeddedMetadata{version=null}, successful=true}.
14:05:48,152 TRACE (Thread-1:) [BaseDistributionInterceptor] Command topology id is 0, current topology id is 0, successful? true
14:05:48,152 TRACE (Thread-1:) [BaseDistributionInterceptor] I'm the primary owner, sending the command to all the backups (null) in order to be applied.
14:05:48,152 TRACE (Thread-1:) [RpcManagerImpl] Venus-MBP-32102 invoking PutKeyValueCommand{key=key-9, value=Venus-MBP-32102-9, flags=null, putIfAbsent=false, valueMatcher=MATCH_ALWAYS, metadata=EmbeddedMetadata{version=null}, successful=true} to recipient list null with options RpcOptions{timeout=15000, unit=MILLISECONDS, fifoOrder=true, totalOrder=false, responseFilter=null, responseMode=SYNCHRONOUS_IGNORE_LEAVERS, skipReplicationQueue=false}
14:05:48,152 TRACE (Thread-1:) [JGroupsTransport] dests=null, command=SingleRpcCommand{cacheName='repl', command=PutKeyValueCommand{key=key-9, value=Venus-MBP-32102-9, flags=null, putIfAbsent=false, valueMatcher=MATCH_ALWAYS, metadata=EmbeddedMetadata{version=null}, successful=true}}, mode=SYNCHRONOUS_IGNORE_LEAVERS, timeout=15000
14:05:48,152 TRACE (Thread-1:) [RpcManagerImpl] Response(s) to SingleRpcCommand{cacheName='repl', command=PutKeyValueCommand{key=key-9, value=Venus-MBP-32102-9, flags=null, putIfAbsent=false, valueMatcher=MATCH_ALWAYS, metadata=EmbeddedMetadata{version=null}, successful=true}} is {}
14:05:48,152 TRACE (Thread-1:) [EntryWrappingInterceptor] About to commit entry ReadCommittedEntry(2a71ba38){key=key-9, value=Venus-MBP-32102-9, oldValue=null, isCreated=true, isChanged=true, isRemoved=false, isValid=true, skipRemoteGet=false, metadata=EmbeddedMetadata{version=null}}
14:05:48,152 TRACE (Thread-1:) [CommitManager] Trying to commit. Key=key-9. Operation Flag=null, L1 invalidation=false
14:05:48,152 TRACE (Thread-1:) [CommitManager] Committing key=key-9. It is a L1 invalidation or a normal put and no tracking is enabled!
14:05:48,152 TRACE (Thread-1:) [ReadCommittedEntry] Updating entry (key=key-9 removed=false valid=true changed=true created=true loaded=false value=Venus-MBP-32102-9 metadata=EmbeddedMetadata{version=null}, providedMetadata=EmbeddedMetadata{version=null})
14:05:48,153 TRACE (Thread-1:) [DefaultDataContainer] Creating new ICE for writing. Existing=null, metadata=EmbeddedMetadata{version=null}, new value=Venus-MBP-32102-9
14:05:48,153 TRACE (Thread-1:) [DefaultDataContainer] Store ImmortalCacheEntry{key=key-9, value=Venus-MBP-32102-9} in container
14:05:48,153 INFO  (Thread-1:) [LoggingListener] Cache entry key-9 added in cache Cache 'repl'@Venus-MBP-32102
14:05:48,153 TRACE (Thread-1:) [EntryWrappingInterceptor] The return value is null
14:05:48,153 TRACE (Thread-1:) [LockManagerImpl] Attempting to unlock key-9
14:05:48,153 TRACE (Thread-1:) [ReentrantPerEntryLockContainer] Unlocking lock instance for key key-9
14:05:49,153 TRACE (Thread-1:) [InvocationContextInterceptor] Invoked with command PutKeyValueCommand{key=key-10, value=Venus-MBP-32102-10, flags=null, putIfAbsent=false, valueMatcher=MATCH_ALWAYS, metadata=EmbeddedMetadata{version=null}, successful=true} and InvocationContext [org.infinispan.context.SingleKeyNonTxInvocationContext@1ef23ba3]
14:05:49,153 TRACE (Thread-1:) [StateTransferInterceptor] handleNonTxWriteCommand for command PutKeyValueCommand{key=key-10, value=Venus-MBP-32102-10, flags=null, putIfAbsent=false, valueMatcher=MATCH_ALWAYS, metadata=EmbeddedMetadata{version=null}, successful=true}, topology id -1
14:05:49,153 TRACE (Thread-1:) [NonTransactionalLockingInterceptor] Are (Venus-MBP-32102) we the lock owners for key 'key-10'? true
14:05:49,153 TRACE (Thread-1:) [LockManagerImpl] Attempting to lock key-10 with acquisition timeout of 10000 millis
14:05:49,153 TRACE (Thread-1:) [ReentrantPerEntryLockContainer] Creating and acquiring new lock instance for key key-10
14:05:49,153 TRACE (Thread-1:) [LockManagerImpl] Successfully acquired lock key-10!
14:05:49,153 TRACE (Thread-1:) [EntryWrappingInterceptor] Wrapping entry 'key-10'? true
14:05:49,153 TRACE (Thread-1:) [EntryFactoryImpl] Exists in context? null 
14:05:49,153 TRACE (Thread-1:) [EntryFactoryImpl] Retrieved from container null (forceFetch=false, isLocal=true)
14:05:49,153 TRACE (Thread-1:) [EntryFactoryImpl] Creating new entry.
14:05:49,154 TRACE (Thread-1:) [EntryFactoryImpl] Wrap key-10 for put. Entry=ReadCommittedEntry(75171fea){key=key-10, value=null, oldValue=null, isCreated=true, isChanged=false, isRemoved=false, isValid=true, skipRemoteGet=false, metadata=EmbeddedMetadata{version=null}}
14:05:49,154 TRACE (Thread-1:) [CallInterceptor] Executing command: PutKeyValueCommand{key=key-10, value=Venus-MBP-32102-10, flags=null, putIfAbsent=false, valueMatcher=MATCH_ALWAYS, metadata=EmbeddedMetadata{version=null}, successful=true}.
14:05:49,154 TRACE (Thread-1:) [BaseDistributionInterceptor] Command topology id is 0, current topology id is 0, successful? true
14:05:49,154 TRACE (Thread-1:) [BaseDistributionInterceptor] I'm the primary owner, sending the command to all the backups (null) in order to be applied.
14:05:49,154 TRACE (Thread-1:) [RpcManagerImpl] Venus-MBP-32102 invoking PutKeyValueCommand{key=key-10, value=Venus-MBP-32102-10, flags=null, putIfAbsent=false, valueMatcher=MATCH_ALWAYS, metadata=EmbeddedMetadata{version=null}, successful=true} to recipient list null with options RpcOptions{timeout=15000, unit=MILLISECONDS, fifoOrder=true, totalOrder=false, responseFilter=null, responseMode=SYNCHRONOUS_IGNORE_LEAVERS, skipReplicationQueue=false}
14:05:49,154 TRACE (Thread-1:) [JGroupsTransport] dests=null, command=SingleRpcCommand{cacheName='repl', command=PutKeyValueCommand{key=key-10, value=Venus-MBP-32102-10, flags=null, putIfAbsent=false, valueMatcher=MATCH_ALWAYS, metadata=EmbeddedMetadata{version=null}, successful=true}}, mode=SYNCHRONOUS_IGNORE_LEAVERS, timeout=15000
14:05:49,154 TRACE (Thread-1:) [RpcManagerImpl] Response(s) to SingleRpcCommand{cacheName='repl', command=PutKeyValueCommand{key=key-10, value=Venus-MBP-32102-10, flags=null, putIfAbsent=false, valueMatcher=MATCH_ALWAYS, metadata=EmbeddedMetadata{version=null}, successful=true}} is {}
14:05:49,154 TRACE (Thread-1:) [EntryWrappingInterceptor] About to commit entry ReadCommittedEntry(75171fea){key=key-10, value=Venus-MBP-32102-10, oldValue=null, isCreated=true, isChanged=true, isRemoved=false, isValid=true, skipRemoteGet=false, metadata=EmbeddedMetadata{version=null}}
14:05:49,154 TRACE (Thread-1:) [CommitManager] Trying to commit. Key=key-10. Operation Flag=null, L1 invalidation=false
14:05:49,154 TRACE (Thread-1:) [CommitManager] Committing key=key-10. It is a L1 invalidation or a normal put and no tracking is enabled!
14:05:49,154 TRACE (Thread-1:) [ReadCommittedEntry] Updating entry (key=key-10 removed=false valid=true changed=true created=true loaded=false value=Venus-MBP-32102-10 metadata=EmbeddedMetadata{version=null}, providedMetadata=EmbeddedMetadata{version=null})
14:05:49,154 TRACE (Thread-1:) [DefaultDataContainer] Creating new ICE for writing. Existing=null, metadata=EmbeddedMetadata{version=null}, new value=Venus-MBP-32102-10
14:05:49,154 TRACE (Thread-1:) [DefaultDataContainer] Store ImmortalCacheEntry{key=key-10, value=Venus-MBP-32102-10} in container
14:05:49,154 INFO  (Thread-1:) [LoggingListener] Cache entry key-10 added in cache Cache 'repl'@Venus-MBP-32102
14:05:49,154 TRACE (Thread-1:) [EntryWrappingInterceptor] The return value is null
14:05:49,154 TRACE (Thread-1:) [LockManagerImpl] Attempting to unlock key-10
14:05:49,154 TRACE (Thread-1:) [ReentrantPerEntryLockContainer] Unlocking lock instance for key key-10
14:05:50,159 TRACE (Thread-1:) [InvocationContextInterceptor] Invoked with command PutKeyValueCommand{key=key-11, value=Venus-MBP-32102-11, flags=null, putIfAbsent=false, valueMatcher=MATCH_ALWAYS, metadata=EmbeddedMetadata{version=null}, successful=true} and InvocationContext [org.infinispan.context.SingleKeyNonTxInvocationContext@145c619d]
14:05:50,159 TRACE (Thread-1:) [StateTransferInterceptor] handleNonTxWriteCommand for command PutKeyValueCommand{key=key-11, value=Venus-MBP-32102-11, flags=null, putIfAbsent=false, valueMatcher=MATCH_ALWAYS, metadata=EmbeddedMetadata{version=null}, successful=true}, topology id -1
14:05:50,159 TRACE (Thread-1:) [NonTransactionalLockingInterceptor] Are (Venus-MBP-32102) we the lock owners for key 'key-11'? true
14:05:50,159 TRACE (Thread-1:) [LockManagerImpl] Attempting to lock key-11 with acquisition timeout of 10000 millis
14:05:50,159 TRACE (Thread-1:) [ReentrantPerEntryLockContainer] Creating and acquiring new lock instance for key key-11
14:05:50,159 TRACE (Thread-1:) [LockManagerImpl] Successfully acquired lock key-11!
14:05:50,160 TRACE (Thread-1:) [EntryWrappingInterceptor] Wrapping entry 'key-11'? true
14:05:50,160 TRACE (Thread-1:) [EntryFactoryImpl] Exists in context? null 
14:05:50,160 TRACE (Thread-1:) [EntryFactoryImpl] Retrieved from container null (forceFetch=false, isLocal=true)
14:05:50,160 TRACE (Thread-1:) [EntryFactoryImpl] Creating new entry.
14:05:50,160 TRACE (Thread-1:) [EntryFactoryImpl] Wrap key-11 for put. Entry=ReadCommittedEntry(33dbb954){key=key-11, value=null, oldValue=null, isCreated=true, isChanged=false, isRemoved=false, isValid=true, skipRemoteGet=false, metadata=EmbeddedMetadata{version=null}}
14:05:50,160 TRACE (Thread-1:) [CallInterceptor] Executing command: PutKeyValueCommand{key=key-11, value=Venus-MBP-32102-11, flags=null, putIfAbsent=false, valueMatcher=MATCH_ALWAYS, metadata=EmbeddedMetadata{version=null}, successful=true}.
14:05:50,160 TRACE (Thread-1:) [BaseDistributionInterceptor] Command topology id is 0, current topology id is 0, successful? true
14:05:50,160 TRACE (Thread-1:) [BaseDistributionInterceptor] I'm the primary owner, sending the command to all the backups (null) in order to be applied.
14:05:50,160 TRACE (Thread-1:) [RpcManagerImpl] Venus-MBP-32102 invoking PutKeyValueCommand{key=key-11, value=Venus-MBP-32102-11, flags=null, putIfAbsent=false, valueMatcher=MATCH_ALWAYS, metadata=EmbeddedMetadata{version=null}, successful=true} to recipient list null with options RpcOptions{timeout=15000, unit=MILLISECONDS, fifoOrder=true, totalOrder=false, responseFilter=null, responseMode=SYNCHRONOUS_IGNORE_LEAVERS, skipReplicationQueue=false}
14:05:50,160 TRACE (Thread-1:) [JGroupsTransport] dests=null, command=SingleRpcCommand{cacheName='repl', command=PutKeyValueCommand{key=key-11, value=Venus-MBP-32102-11, flags=null, putIfAbsent=false, valueMatcher=MATCH_ALWAYS, metadata=EmbeddedMetadata{version=null}, successful=true}}, mode=SYNCHRONOUS_IGNORE_LEAVERS, timeout=15000
14:05:50,160 TRACE (Thread-1:) [RpcManagerImpl] Response(s) to SingleRpcCommand{cacheName='repl', command=PutKeyValueCommand{key=key-11, value=Venus-MBP-32102-11, flags=null, putIfAbsent=false, valueMatcher=MATCH_ALWAYS, metadata=EmbeddedMetadata{version=null}, successful=true}} is {}
14:05:50,160 TRACE (Thread-1:) [EntryWrappingInterceptor] About to commit entry ReadCommittedEntry(33dbb954){key=key-11, value=Venus-MBP-32102-11, oldValue=null, isCreated=true, isChanged=true, isRemoved=false, isValid=true, skipRemoteGet=false, metadata=EmbeddedMetadata{version=null}}
14:05:50,160 TRACE (Thread-1:) [CommitManager] Trying to commit. Key=key-11. Operation Flag=null, L1 invalidation=false
14:05:50,160 TRACE (Thread-1:) [CommitManager] Committing key=key-11. It is a L1 invalidation or a normal put and no tracking is enabled!
14:05:50,160 TRACE (Thread-1:) [ReadCommittedEntry] Updating entry (key=key-11 removed=false valid=true changed=true created=true loaded=false value=Venus-MBP-32102-11 metadata=EmbeddedMetadata{version=null}, providedMetadata=EmbeddedMetadata{version=null})
14:05:50,160 TRACE (Thread-1:) [DefaultDataContainer] Creating new ICE for writing. Existing=null, metadata=EmbeddedMetadata{version=null}, new value=Venus-MBP-32102-11
14:05:50,160 TRACE (Thread-1:) [DefaultDataContainer] Store ImmortalCacheEntry{key=key-11, value=Venus-MBP-32102-11} in container
14:05:50,160 INFO  (Thread-1:) [LoggingListener] Cache entry key-11 added in cache Cache 'repl'@Venus-MBP-32102
14:05:50,160 TRACE (Thread-1:) [EntryWrappingInterceptor] The return value is null
14:05:50,160 TRACE (Thread-1:) [LockManagerImpl] Attempting to unlock key-11
14:05:50,160 TRACE (Thread-1:) [ReentrantPerEntryLockContainer] Unlocking lock instance for key key-11
